Archive member included because of file (symbol)

/Users/yeonwoo-kim/HealthHub/nacl_sdk/pepper_49/toolchain/mac_x86_glibc/bin/../lib/gcc/x86_64-nacl/4.4.3/../../../../x86_64-nacl/lib/../lib64/libppapi_stub.a(plugin_main_irt_21ce9d26.o)
                              /Users/yeonwoo-kim/HealthHub/nacl_sdk/pepper_49/toolchain/mac_x86_glibc/bin/../lib/gcc/x86_64-nacl/4.4.3/../../../../x86_64-nacl/lib/../lib64/crt1.o (main)
/Users/yeonwoo-kim/HealthHub/nacl_sdk/pepper_49/toolchain/mac_x86_glibc/bin/../lib/gcc/x86_64-nacl/4.4.3/../../../../x86_64-nacl/lib/../lib64/libppapi_stub.a(ppapi_plugin_main_399d0cf7.o)
                              /Users/yeonwoo-kim/HealthHub/nacl_sdk/pepper_49/toolchain/mac_x86_glibc/bin/../lib/gcc/x86_64-nacl/4.4.3/../../../../x86_64-nacl/lib/../lib64/libppapi_stub.a(plugin_main_irt_21ce9d26.o) (PpapiPluginMain)
/Users/yeonwoo-kim/HealthHub/nacl_sdk/pepper_49/toolchain/mac_x86_glibc/bin/../lib/gcc/x86_64-nacl/4.4.3/../../../../x86_64-nacl/lib/../lib64/libppapi_stub.a(ppapi_plugin_start_8da67623.o)
                              /Users/yeonwoo-kim/HealthHub/nacl_sdk/pepper_49/toolchain/mac_x86_glibc/bin/../lib/gcc/x86_64-nacl/4.4.3/../../../../x86_64-nacl/lib/../lib64/libppapi_stub.a(ppapi_plugin_main_399d0cf7.o) (PpapiPluginStart)
/Users/yeonwoo-kim/HealthHub/nacl_sdk/pepper_49/toolchain/mac_x86_glibc/bin/../lib/gcc/x86_64-nacl/4.4.3/../../../../x86_64-nacl/lib/../lib64/libppapi_stub.a(thread_creator_ccf263e1.o)
                              /Users/yeonwoo-kim/HealthHub/nacl_sdk/pepper_49/toolchain/mac_x86_glibc/bin/../lib/gcc/x86_64-nacl/4.4.3/../../../../x86_64-nacl/lib/../lib64/libppapi_stub.a(ppapi_plugin_start_8da67623.o) (__nacl_register_thread_creator)
/Users/yeonwoo-kim/HealthHub/nacl_sdk/pepper_49/toolchain/mac_x86_glibc/bin/../lib/gcc/x86_64-nacl/4.4.3/../../../../x86_64-nacl/lib/../lib64/libc_nonshared.a(elf-init.ons)
                              /Users/yeonwoo-kim/HealthHub/nacl_sdk/pepper_49/toolchain/mac_x86_glibc/bin/../lib/gcc/x86_64-nacl/4.4.3/../../../../x86_64-nacl/lib/../lib64/crt1.o (__libc_csu_fini)

Discarded input sections

 .note.ABI-tag  0x0000000000000000       0x20 /Users/yeonwoo-kim/HealthHub/nacl_sdk/pepper_49/toolchain/mac_x86_glibc/bin/../lib/gcc/x86_64-nacl/4.4.3/../../../../x86_64-nacl/lib/../lib64/crt1.o
 .note.GNU-stack
                0x0000000000000000        0x0 /Users/yeonwoo-kim/HealthHub/nacl_sdk/pepper_49/toolchain/mac_x86_glibc/bin/../lib/gcc/x86_64-nacl/4.4.3/../../../../x86_64-nacl/lib/../lib64/crt1.o
 .note.GNU-stack
                0x0000000000000000        0x0 /Users/yeonwoo-kim/HealthHub/nacl_sdk/pepper_49/toolchain/mac_x86_glibc/bin/../lib/gcc/x86_64-nacl/4.4.3/../../../../x86_64-nacl/lib/../lib64/crti.o
 .note.GNU-stack
                0x0000000000000000        0x0 /Users/yeonwoo-kim/HealthHub/nacl_sdk/pepper_49/toolchain/mac_x86_glibc/bin/../lib/gcc/x86_64-nacl/4.4.3/crtbegin.o
 .group         0x0000000000000000        0x8 glibc/Release/multi_platform_x86_64.o
 .group         0x0000000000000000        0x8 glibc/Release/multi_platform_x86_64.o
 .group         0x0000000000000000        0x8 glibc/Release/multi_platform_x86_64.o
 .group         0x0000000000000000        0x8 glibc/Release/multi_platform_x86_64.o
 .group         0x0000000000000000        0x8 glibc/Release/multi_platform_x86_64.o
 .group         0x0000000000000000        0x8 glibc/Release/multi_platform_x86_64.o
 .group         0x0000000000000000        0x8 glibc/Release/multi_platform_x86_64.o
 .group         0x0000000000000000        0x8 glibc/Release/multi_platform_x86_64.o
 .group         0x0000000000000000        0x8 glibc/Release/multi_platform_x86_64.o
 .group         0x0000000000000000        0x8 glibc/Release/multi_platform_x86_64.o
 .group         0x0000000000000000        0x8 glibc/Release/multi_platform_x86_64.o
 .group         0x0000000000000000        0x8 glibc/Release/multi_platform_x86_64.o
 .note.GNU-stack
                0x0000000000000000        0x0 glibc/Release/multi_platform_x86_64.o
 .note.GNU-stack
                0x0000000000000000        0x0 /Users/yeonwoo-kim/HealthHub/nacl_sdk/pepper_49/toolchain/mac_x86_glibc/bin/../lib/gcc/x86_64-nacl/4.4.3/../../../../x86_64-nacl/lib/../lib64/libppapi_stub.a(plugin_main_irt_21ce9d26.o)
 .note.GNU-stack
                0x0000000000000000        0x0 /Users/yeonwoo-kim/HealthHub/nacl_sdk/pepper_49/toolchain/mac_x86_glibc/bin/../lib/gcc/x86_64-nacl/4.4.3/../../../../x86_64-nacl/lib/../lib64/libppapi_stub.a(ppapi_plugin_main_399d0cf7.o)
 .note.GNU-stack
                0x0000000000000000        0x0 /Users/yeonwoo-kim/HealthHub/nacl_sdk/pepper_49/toolchain/mac_x86_glibc/bin/../lib/gcc/x86_64-nacl/4.4.3/../../../../x86_64-nacl/lib/../lib64/libppapi_stub.a(ppapi_plugin_start_8da67623.o)
 .note.GNU-stack
                0x0000000000000000        0x0 /Users/yeonwoo-kim/HealthHub/nacl_sdk/pepper_49/toolchain/mac_x86_glibc/bin/../lib/gcc/x86_64-nacl/4.4.3/../../../../x86_64-nacl/lib/../lib64/libppapi_stub.a(thread_creator_ccf263e1.o)
 .note.GNU-stack
                0x0000000000000000        0x0 /Users/yeonwoo-kim/HealthHub/nacl_sdk/pepper_49/toolchain/mac_x86_glibc/bin/../lib/gcc/x86_64-nacl/4.4.3/../../../../x86_64-nacl/lib/../lib64/libc_nonshared.a(elf-init.ons)
 .note.GNU-stack
                0x0000000000000000        0x0 /Users/yeonwoo-kim/HealthHub/nacl_sdk/pepper_49/toolchain/mac_x86_glibc/bin/../lib/gcc/x86_64-nacl/4.4.3/crtend.o
 .note.GNU-stack
                0x0000000000000000        0x0 /Users/yeonwoo-kim/HealthHub/nacl_sdk/pepper_49/toolchain/mac_x86_glibc/bin/../lib/gcc/x86_64-nacl/4.4.3/../../../../x86_64-nacl/lib/../lib64/crtn.o

Memory Configuration

Name             Origin             Length             Attributes
*default*        0x0000000000000000 0xffffffffffffffff

Linker script and memory map

LOAD /Users/yeonwoo-kim/HealthHub/nacl_sdk/pepper_49/toolchain/mac_x86_glibc/bin/../lib/gcc/x86_64-nacl/4.4.3/../../../../x86_64-nacl/lib/../lib64/crt1.o
LOAD /Users/yeonwoo-kim/HealthHub/nacl_sdk/pepper_49/toolchain/mac_x86_glibc/bin/../lib/gcc/x86_64-nacl/4.4.3/../../../../x86_64-nacl/lib/../lib64/crti.o
LOAD /Users/yeonwoo-kim/HealthHub/nacl_sdk/pepper_49/toolchain/mac_x86_glibc/bin/../lib/gcc/x86_64-nacl/4.4.3/crtbegin.o
LOAD glibc/Release/multi_platform_x86_64.o
LOAD /Users/yeonwoo-kim/HealthHub/nacl_sdk/pepper_49/lib/glibc_x86_64/Release/libppapi_cpp.so
LOAD /Users/yeonwoo-kim/HealthHub/nacl_sdk/pepper_49/toolchain/mac_x86_glibc/bin/../lib/gcc/x86_64-nacl/4.4.3/../../../../x86_64-nacl/lib/../lib64/libppapi.so
LOAD /Users/yeonwoo-kim/HealthHub/nacl_sdk/pepper_49/toolchain/mac_x86_glibc/bin/../lib/gcc/x86_64-nacl/4.4.3/../../../../x86_64-nacl/lib/../lib64/libppapi_stub.a
LOAD /Users/yeonwoo-kim/HealthHub/nacl_sdk/pepper_49/toolchain/mac_x86_glibc/bin/../lib/gcc/x86_64-nacl/4.4.3/../../../../x86_64-nacl/lib/../lib64/libpthread.so
START GROUP
LOAD /Users/yeonwoo-kim/HealthHub/nacl_sdk/pepper_49/toolchain/mac_x86_glibc/bin/../lib/gcc/x86_64-nacl/4.4.3/../../../../x86_64-nacl/lib/../lib64/libpthread.so.11835d88
LOAD /Users/yeonwoo-kim/HealthHub/nacl_sdk/pepper_49/toolchain/mac_x86_glibc/bin/../lib/gcc/x86_64-nacl/4.4.3/../../../../x86_64-nacl/lib/../lib64/libpthread_nonshared.a
END GROUP
LOAD /Users/yeonwoo-kim/HealthHub/nacl_sdk/pepper_49/toolchain/mac_x86_glibc/bin/../lib/gcc/x86_64-nacl/4.4.3/../../../../x86_64-nacl/lib/../lib64/libstdc++.so
LOAD /Users/yeonwoo-kim/HealthHub/nacl_sdk/pepper_49/toolchain/mac_x86_glibc/bin/../lib/gcc/x86_64-nacl/4.4.3/../../../../x86_64-nacl/lib/../lib64/libm.so
LOAD /Users/yeonwoo-kim/HealthHub/nacl_sdk/pepper_49/toolchain/mac_x86_glibc/bin/../lib/gcc/x86_64-nacl/4.4.3/../../../../x86_64-nacl/lib/../lib64/libgcc_s.so
LOAD /Users/yeonwoo-kim/HealthHub/nacl_sdk/pepper_49/toolchain/mac_x86_glibc/bin/../lib/gcc/x86_64-nacl/4.4.3/libgcc.a
LOAD /Users/yeonwoo-kim/HealthHub/nacl_sdk/pepper_49/toolchain/mac_x86_glibc/bin/../lib/gcc/x86_64-nacl/4.4.3/../../../../x86_64-nacl/lib/../lib64/libpthread.so
START GROUP
LOAD /Users/yeonwoo-kim/HealthHub/nacl_sdk/pepper_49/toolchain/mac_x86_glibc/bin/../lib/gcc/x86_64-nacl/4.4.3/../../../../x86_64-nacl/lib/../lib64/libpthread.so.11835d88
LOAD /Users/yeonwoo-kim/HealthHub/nacl_sdk/pepper_49/toolchain/mac_x86_glibc/bin/../lib/gcc/x86_64-nacl/4.4.3/../../../../x86_64-nacl/lib/../lib64/libpthread_nonshared.a
END GROUP
LOAD /Users/yeonwoo-kim/HealthHub/nacl_sdk/pepper_49/toolchain/mac_x86_glibc/bin/../lib/gcc/x86_64-nacl/4.4.3/../../../../x86_64-nacl/lib/../lib64/libc.so
START GROUP
LOAD /Users/yeonwoo-kim/HealthHub/nacl_sdk/pepper_49/toolchain/mac_x86_glibc/bin/../lib/gcc/x86_64-nacl/4.4.3/../../../../x86_64-nacl/lib/../lib64/libc.so.11835d88
LOAD /Users/yeonwoo-kim/HealthHub/nacl_sdk/pepper_49/toolchain/mac_x86_glibc/bin/../lib/gcc/x86_64-nacl/4.4.3/../../../../x86_64-nacl/lib/../lib64/libc_nonshared.a
LOAD /Users/yeonwoo-kim/HealthHub/nacl_sdk/pepper_49/toolchain/mac_x86_glibc/bin/../lib/gcc/x86_64-nacl/4.4.3/../../../../x86_64-nacl/lib/../lib64/ld-nacl-x86-64.so.1
END GROUP
LOAD /Users/yeonwoo-kim/HealthHub/nacl_sdk/pepper_49/toolchain/mac_x86_glibc/bin/../lib/gcc/x86_64-nacl/4.4.3/../../../../x86_64-nacl/lib/../lib64/libgcc_s.so
LOAD /Users/yeonwoo-kim/HealthHub/nacl_sdk/pepper_49/toolchain/mac_x86_glibc/bin/../lib/gcc/x86_64-nacl/4.4.3/libgcc.a
LOAD /Users/yeonwoo-kim/HealthHub/nacl_sdk/pepper_49/toolchain/mac_x86_glibc/bin/../lib/gcc/x86_64-nacl/4.4.3/crtend.o
LOAD /Users/yeonwoo-kim/HealthHub/nacl_sdk/pepper_49/toolchain/mac_x86_glibc/bin/../lib/gcc/x86_64-nacl/4.4.3/../../../../x86_64-nacl/lib/../lib64/crtn.o
                0x0000000001000000                . = 0x1000000
                0x0000000001000000                PROVIDE (__executable_start, .)

.init           0x0000000001000000       0x80
 *(.init)
 .init          0x0000000001000000       0x20 /Users/yeonwoo-kim/HealthHub/nacl_sdk/pepper_49/toolchain/mac_x86_glibc/bin/../lib/gcc/x86_64-nacl/4.4.3/../../../../x86_64-nacl/lib/../lib64/crti.o
                0x0000000001000000                _init
 .init          0x0000000001000020       0x20 /Users/yeonwoo-kim/HealthHub/nacl_sdk/pepper_49/toolchain/mac_x86_glibc/bin/../lib/gcc/x86_64-nacl/4.4.3/crtbegin.o
 .init          0x0000000001000040       0x20 /Users/yeonwoo-kim/HealthHub/nacl_sdk/pepper_49/toolchain/mac_x86_glibc/bin/../lib/gcc/x86_64-nacl/4.4.3/crtend.o
 .init          0x0000000001000060       0x20 /Users/yeonwoo-kim/HealthHub/nacl_sdk/pepper_49/toolchain/mac_x86_glibc/bin/../lib/gcc/x86_64-nacl/4.4.3/../../../../x86_64-nacl/lib/../lib64/crtn.o
                0x0000000001000080                . = ALIGN (0x20)

.plt            0x0000000001000080      0x800
 *(.plt)
 .plt           0x0000000001000080      0x800 /Users/yeonwoo-kim/HealthHub/nacl_sdk/pepper_49/toolchain/mac_x86_glibc/bin/../lib/gcc/x86_64-nacl/4.4.3/../../../../x86_64-nacl/lib/../lib64/crt1.o
                0x00000000010000c0                _ZN2pp8InstanceD2Ev
                0x0000000001000100                __deregister_frame_info@@GLIBC_2.0
                0x0000000001000140                _ZN2pp3VarC1EPKc
                0x0000000001000180                _ZdlPv@@GLIBCXX_3.4
                0x00000000010001c0                __nacl_add_tp@@GLIBC_2.4
                0x0000000001000200                __libc_start_main@@GLIBC_2.2.5
                0x0000000001000240                __register_frame_info@@GLIBC_2.0
                0x0000000001000280                _ZN2pp8Instance13DidChangeViewERKNS_4ViewE
                0x00000000010002c0                _exit@@GLIBC_2.2.5
                0x0000000001000300                PPP_GetInterface
                0x0000000001000340                _ZN2pp8Instance13DidChangeViewERKNS_4RectES3_
                0x0000000001000380                PPP_InitializeModule
                0x00000000010003c0                _ZN2pp8Instance16HandleInputEventERKNS_10InputEventE
                0x0000000001000400                __nacl_read_tp@@GLIBC_2.4
                0x0000000001000440                strlen@@GLIBC_2.2.5
                0x0000000001000480                pthread_create@@GLIBC_2.2.5
                0x00000000010004c0                _ZN2pp8Instance13HandleMessageERKNS_3VarE
                0x0000000001000500                pthread_join@@GLIBC_2.2.5
                0x0000000001000540                _ZN2pp8Instance18HandleDocumentLoadERKNS_9URLLoaderE
                0x0000000001000580                _ZN2pp8Instance11PostMessageERKNS_3VarE
                0x00000000010005c0                _Znwj@@GLIBCXX_3.4
                0x0000000001000600                _ZN2pp8Instance14DidChangeFocusEb
                0x0000000001000640                _ZN2pp8InstanceC2Ei
                0x0000000001000680                _ZN2pp3VarD1Ev
                0x00000000010006c0                _ZN2pp6Module4InitEv
                0x0000000001000700                __gxx_personality_v0@@CXXABI_1.3
                0x0000000001000740                _ZN2pp6ModuleC2Ev
                0x0000000001000780                _ZN2pp6ModuleD2Ev
                0x00000000010007c0                write@@GLIBC_2.2.5
                0x0000000001000800                PPP_ShutdownModule
                0x0000000001000840                _Unwind_Resume@@GCC_3.0

.text           0x0000000001000880     0xf780
 *(.text .stub .text.* .gnu.linkonce.t.*)
 .text          0x0000000001000880       0x80 /Users/yeonwoo-kim/HealthHub/nacl_sdk/pepper_49/toolchain/mac_x86_glibc/bin/../lib/gcc/x86_64-nacl/4.4.3/../../../../x86_64-nacl/lib/../lib64/crt1.o
                0x0000000001000880                _start
 .text          0x0000000001000900       0x40 /Users/yeonwoo-kim/HealthHub/nacl_sdk/pepper_49/toolchain/mac_x86_glibc/bin/../lib/gcc/x86_64-nacl/4.4.3/../../../../x86_64-nacl/lib/../lib64/crti.o
 .text          0x0000000001000940      0x160 /Users/yeonwoo-kim/HealthHub/nacl_sdk/pepper_49/toolchain/mac_x86_glibc/bin/../lib/gcc/x86_64-nacl/4.4.3/crtbegin.o
 .text          0x0000000001000aa0       0xa0 glibc/Release/multi_platform_x86_64.o
                0x0000000001000aa0                _ZN2pp12CreateModuleEv
 .text._ZN6Module14CreateInstanceEi
                0x0000000001000b40       0xc0 glibc/Release/multi_platform_x86_64.o
                0x0000000001000b40                _ZN6Module14CreateInstanceEi
 .text._ZN8Instance4InitEjPPKcS2_
                0x0000000001000c00       0xe0 glibc/Release/multi_platform_x86_64.o
                0x0000000001000c00                _ZN8Instance4InitEjPPKcS2_
 .text._ZN8InstanceD0Ev
                0x0000000001000ce0       0x40 glibc/Release/multi_platform_x86_64.o
                0x0000000001000ce0                _ZN8InstanceD0Ev
 .text._ZN8InstanceD1Ev
                0x0000000001000d20       0x20 glibc/Release/multi_platform_x86_64.o
                0x0000000001000d20                _ZN8InstanceD1Ev
 .text._ZN6ModuleD0Ev
                0x0000000001000d40       0x40 glibc/Release/multi_platform_x86_64.o
                0x0000000001000d40                _ZN6ModuleD0Ev
 .text._ZN6ModuleD1Ev
                0x0000000001000d80       0x20 glibc/Release/multi_platform_x86_64.o
                0x0000000001000d80                _ZN6ModuleD1Ev
 .text          0x0000000001000da0       0x20 /Users/yeonwoo-kim/HealthHub/nacl_sdk/pepper_49/toolchain/mac_x86_glibc/bin/../lib/gcc/x86_64-nacl/4.4.3/../../../../x86_64-nacl/lib/../lib64/libppapi_stub.a(plugin_main_irt_21ce9d26.o)
                0x0000000001000da0                main
 .text          0x0000000001000dc0       0x20 /Users/yeonwoo-kim/HealthHub/nacl_sdk/pepper_49/toolchain/mac_x86_glibc/bin/../lib/gcc/x86_64-nacl/4.4.3/../../../../x86_64-nacl/lib/../lib64/libppapi_stub.a(ppapi_plugin_main_399d0cf7.o)
                0x0000000001000dc0                PpapiPluginMain
 .text          0x0000000001000de0      0x200 /Users/yeonwoo-kim/HealthHub/nacl_sdk/pepper_49/toolchain/mac_x86_glibc/bin/../lib/gcc/x86_64-nacl/4.4.3/../../../../x86_64-nacl/lib/../lib64/libppapi_stub.a(ppapi_plugin_start_8da67623.o)
                0x0000000001000e40                PpapiPluginStart
 .text          0x0000000001000fe0       0x60 /Users/yeonwoo-kim/HealthHub/nacl_sdk/pepper_49/toolchain/mac_x86_glibc/bin/../lib/gcc/x86_64-nacl/4.4.3/../../../../x86_64-nacl/lib/../lib64/libppapi_stub.a(thread_creator_ccf263e1.o)
                0x0000000001000fe0                __nacl_register_thread_creator
 .text          0x0000000001001040      0x100 /Users/yeonwoo-kim/HealthHub/nacl_sdk/pepper_49/toolchain/mac_x86_glibc/bin/../lib/gcc/x86_64-nacl/4.4.3/../../../../x86_64-nacl/lib/../lib64/libc_nonshared.a(elf-init.ons)
                0x0000000001001040                __libc_csu_fini
                0x0000000001001060                __libc_csu_init
 .text          0x0000000001001140       0x80 /Users/yeonwoo-kim/HealthHub/nacl_sdk/pepper_49/toolchain/mac_x86_glibc/bin/../lib/gcc/x86_64-nacl/4.4.3/crtend.o
 .text          0x00000000010011c0        0x0 /Users/yeonwoo-kim/HealthHub/nacl_sdk/pepper_49/toolchain/mac_x86_glibc/bin/../lib/gcc/x86_64-nacl/4.4.3/../../../../x86_64-nacl/lib/../lib64/crtn.o
 *(.text.*personality*)
 *(.gnu.warning)
 *(.fini)
 .fini          0x00000000010011c0       0x20 /Users/yeonwoo-kim/HealthHub/nacl_sdk/pepper_49/toolchain/mac_x86_glibc/bin/../lib/gcc/x86_64-nacl/4.4.3/../../../../x86_64-nacl/lib/../lib64/crti.o
                0x00000000010011c0                _fini
 .fini          0x00000000010011e0       0x20 /Users/yeonwoo-kim/HealthHub/nacl_sdk/pepper_49/toolchain/mac_x86_glibc/bin/../lib/gcc/x86_64-nacl/4.4.3/crtbegin.o
 .fini          0x0000000001001200       0x20 /Users/yeonwoo-kim/HealthHub/nacl_sdk/pepper_49/toolchain/mac_x86_glibc/bin/../lib/gcc/x86_64-nacl/4.4.3/../../../../x86_64-nacl/lib/../lib64/crtn.o
                0x0000000001010000                . = ALIGN (0x10000)
 *fill*         0x0000000001001220     0xede0 90909090
                0x0000000001010000                PROVIDE (__etext, .)
                0x0000000001010000                PROVIDE (_etext, .)
                0x0000000001010000                PROVIDE (etext, .)

.iplt           0x0000000001010000        0x0
 .iplt          0x0000000000000000        0x0 /Users/yeonwoo-kim/HealthHub/nacl_sdk/pepper_49/toolchain/mac_x86_glibc/bin/../lib/gcc/x86_64-nacl/4.4.3/../../../../x86_64-nacl/lib/../lib64/crt1.o
                0x0000000011000000                . = 0x11000000

.interp         0x0000000011000000       0x1b
 *(.interp)
 .interp        0x0000000011000000       0x1b /Users/yeonwoo-kim/HealthHub/nacl_sdk/pepper_49/toolchain/mac_x86_glibc/bin/../lib/gcc/x86_64-nacl/4.4.3/../../../../x86_64-nacl/lib/../lib64/crt1.o

.note.gnu.build-id
                0x000000001100001c       0x24
                0x000000001100001c                PROVIDE (__note_gnu_build_id_start, .)
 *(.note.gnu.build-id)
 .note.gnu.build-id
                0x000000001100001c       0x24 /Users/yeonwoo-kim/HealthHub/nacl_sdk/pepper_49/toolchain/mac_x86_glibc/bin/../lib/gcc/x86_64-nacl/4.4.3/../../../../x86_64-nacl/lib/../lib64/crt1.o
                0x0000000011000040                PROVIDE (__note_gnu_build_id_end, .)

.dummy

.hash           0x0000000011000040      0x154
 *(.hash)
 .hash          0x0000000011000040      0x154 /Users/yeonwoo-kim/HealthHub/nacl_sdk/pepper_49/toolchain/mac_x86_glibc/bin/../lib/gcc/x86_64-nacl/4.4.3/../../../../x86_64-nacl/lib/../lib64/crt1.o

.gnu.hash
 *(.gnu.hash)

.dynsym         0x0000000011000198      0x450
 *(.dynsym)
 .dynsym        0x0000000011000198      0x450 /Users/yeonwoo-kim/HealthHub/nacl_sdk/pepper_49/toolchain/mac_x86_glibc/bin/../lib/gcc/x86_64-nacl/4.4.3/../../../../x86_64-nacl/lib/../lib64/crt1.o

.dynstr         0x00000000110005e8      0x40c
 *(.dynstr)
 .dynstr        0x00000000110005e8      0x40c /Users/yeonwoo-kim/HealthHub/nacl_sdk/pepper_49/toolchain/mac_x86_glibc/bin/../lib/gcc/x86_64-nacl/4.4.3/../../../../x86_64-nacl/lib/../lib64/crt1.o

.gnu.version    0x00000000110009f4       0x5c
 *(.gnu.version)
 .gnu.version   0x00000000110009f4       0x5c /Users/yeonwoo-kim/HealthHub/nacl_sdk/pepper_49/toolchain/mac_x86_glibc/bin/../lib/gcc/x86_64-nacl/4.4.3/../../../../x86_64-nacl/lib/../lib64/crt1.o

.gnu.version_d  0x0000000011000a50        0x0
 *(.gnu.version_d)
 .gnu.version_d
                0x0000000000000000        0x0 /Users/yeonwoo-kim/HealthHub/nacl_sdk/pepper_49/toolchain/mac_x86_glibc/bin/../lib/gcc/x86_64-nacl/4.4.3/../../../../x86_64-nacl/lib/../lib64/crt1.o

.gnu.version_r  0x0000000011000a50       0xc0
 *(.gnu.version_r)
 .gnu.version_r
                0x0000000011000a50       0xc0 /Users/yeonwoo-kim/HealthHub/nacl_sdk/pepper_49/toolchain/mac_x86_glibc/bin/../lib/gcc/x86_64-nacl/4.4.3/../../../../x86_64-nacl/lib/../lib64/crt1.o

.rela.dyn       0x0000000011000b10        0x0
 .rela.iplt     0x0000000000000000        0x0 /Users/yeonwoo-kim/HealthHub/nacl_sdk/pepper_49/toolchain/mac_x86_glibc/bin/../lib/gcc/x86_64-nacl/4.4.3/../../../../x86_64-nacl/lib/../lib64/crt1.o
 .rela.eh_frame
                0x0000000000000000        0x0 /Users/yeonwoo-kim/HealthHub/nacl_sdk/pepper_49/toolchain/mac_x86_glibc/bin/../lib/gcc/x86_64-nacl/4.4.3/../../../../x86_64-nacl/lib/../lib64/crt1.o

.rel.init
 *(.rel.init)

.rela.init
 *(.rela.init)

.rel.text
 *(.rel.text .rel.text.* .rel.gnu.linkonce.t.*)

.rela.text      0x0000000011000b10        0x0
 *(.rela.text .rela.text.* .rela.gnu.linkonce.t.*)
 .rela.text     0x0000000000000000        0x0 /Users/yeonwoo-kim/HealthHub/nacl_sdk/pepper_49/toolchain/mac_x86_glibc/bin/../lib/gcc/x86_64-nacl/4.4.3/../../../../x86_64-nacl/lib/../lib64/crt1.o
 .rela.text._ZN6Module14CreateInstanceEi
                0x0000000000000000        0x0 /Users/yeonwoo-kim/HealthHub/nacl_sdk/pepper_49/toolchain/mac_x86_glibc/bin/../lib/gcc/x86_64-nacl/4.4.3/../../../../x86_64-nacl/lib/../lib64/crt1.o
 .rela.text._ZN8Instance4InitEjPPKcS2_
                0x0000000000000000        0x0 /Users/yeonwoo-kim/HealthHub/nacl_sdk/pepper_49/toolchain/mac_x86_glibc/bin/../lib/gcc/x86_64-nacl/4.4.3/../../../../x86_64-nacl/lib/../lib64/crt1.o
 .rela.text._ZN8InstanceD0Ev
                0x0000000000000000        0x0 /Users/yeonwoo-kim/HealthHub/nacl_sdk/pepper_49/toolchain/mac_x86_glibc/bin/../lib/gcc/x86_64-nacl/4.4.3/../../../../x86_64-nacl/lib/../lib64/crt1.o
 .rela.text._ZN8InstanceD1Ev
                0x0000000000000000        0x0 /Users/yeonwoo-kim/HealthHub/nacl_sdk/pepper_49/toolchain/mac_x86_glibc/bin/../lib/gcc/x86_64-nacl/4.4.3/../../../../x86_64-nacl/lib/../lib64/crt1.o
 .rela.text._ZN6ModuleD0Ev
                0x0000000000000000        0x0 /Users/yeonwoo-kim/HealthHub/nacl_sdk/pepper_49/toolchain/mac_x86_glibc/bin/../lib/gcc/x86_64-nacl/4.4.3/../../../../x86_64-nacl/lib/../lib64/crt1.o
 .rela.text._ZN6ModuleD1Ev
                0x0000000000000000        0x0 /Users/yeonwoo-kim/HealthHub/nacl_sdk/pepper_49/toolchain/mac_x86_glibc/bin/../lib/gcc/x86_64-nacl/4.4.3/../../../../x86_64-nacl/lib/../lib64/crt1.o

.rel.fini
 *(.rel.fini)

.rela.fini
 *(.rela.fini)

.rel.rodata
 *(.rel.rodata .rel.rodata.* .rel.gnu.linkonce.r.*)

.rela.rodata    0x0000000011000b10        0x0
 *(.rela.rodata .rela.rodata.* .rela.gnu.linkonce.r.*)
 .rela.rodata._ZTV6Module
                0x0000000000000000        0x0 /Users/yeonwoo-kim/HealthHub/nacl_sdk/pepper_49/toolchain/mac_x86_glibc/bin/../lib/gcc/x86_64-nacl/4.4.3/../../../../x86_64-nacl/lib/../lib64/crt1.o
 .rela.rodata._ZTI6Module
                0x0000000000000000        0x0 /Users/yeonwoo-kim/HealthHub/nacl_sdk/pepper_49/toolchain/mac_x86_glibc/bin/../lib/gcc/x86_64-nacl/4.4.3/../../../../x86_64-nacl/lib/../lib64/crt1.o
 .rela.rodata._ZTV8Instance
                0x0000000000000000        0x0 /Users/yeonwoo-kim/HealthHub/nacl_sdk/pepper_49/toolchain/mac_x86_glibc/bin/../lib/gcc/x86_64-nacl/4.4.3/../../../../x86_64-nacl/lib/../lib64/crt1.o
 .rela.rodata._ZTI8Instance
                0x0000000000000000        0x0 /Users/yeonwoo-kim/HealthHub/nacl_sdk/pepper_49/toolchain/mac_x86_glibc/bin/../lib/gcc/x86_64-nacl/4.4.3/../../../../x86_64-nacl/lib/../lib64/crt1.o

.rel.data.rel.ro
 *(.rel.data.rel.ro* .rel.gnu.linkonce.d.rel.ro.*)

.rela.data.rel.ro
                0x0000000011000b10        0x0
 *(.rela.data.rel.ro* .rela.gnu.linkonce.d.rel.ro.*)
 .rela.data.rel.ro
                0x0000000000000000        0x0 /Users/yeonwoo-kim/HealthHub/nacl_sdk/pepper_49/toolchain/mac_x86_glibc/bin/../lib/gcc/x86_64-nacl/4.4.3/../../../../x86_64-nacl/lib/../lib64/crt1.o

.rel.data
 *(.rel.data .rel.data.* .rel.gnu.linkonce.d.*)

.rela.data
 *(.rela.data .rela.data.* .rela.gnu.linkonce.d.*)

.rel.tdata
 *(.rel.tdata .rel.tdata.* .rel.gnu.linkonce.td.*)

.rela.tdata
 *(.rela.tdata .rela.tdata.* .rela.gnu.linkonce.td.*)

.rel.tbss
 *(.rel.tbss .rel.tbss.* .rel.gnu.linkonce.tb.*)

.rela.tbss
 *(.rela.tbss .rela.tbss.* .rela.gnu.linkonce.tb.*)

.rel.ctors
 *(.rel.ctors)

.rela.ctors
 *(.rela.ctors)

.rel.dtors
 *(.rel.dtors)

.rela.dtors
 *(.rela.dtors)

.rel.got
 *(.rel.got)

.rela.got       0x0000000011000b10       0x30
 *(.rela.got)
 .rela.got      0x0000000011000b10       0x30 /Users/yeonwoo-kim/HealthHub/nacl_sdk/pepper_49/toolchain/mac_x86_glibc/bin/../lib/gcc/x86_64-nacl/4.4.3/../../../../x86_64-nacl/lib/../lib64/crt1.o

.rel.bss
 *(.rel.bss .rel.bss.* .rel.gnu.linkonce.b.*)

.rela.bss       0x0000000011000b40       0x48
 *(.rela.bss .rela.bss.* .rela.gnu.linkonce.b.*)
 .rela.bss      0x0000000011000b40       0x48 /Users/yeonwoo-kim/HealthHub/nacl_sdk/pepper_49/toolchain/mac_x86_glibc/bin/../lib/gcc/x86_64-nacl/4.4.3/../../../../x86_64-nacl/lib/../lib64/crt1.o

.rel.plt
 *(.rel.plt)

.rela.plt       0x0000000011000b88      0x2e8
 *(.rela.plt)
 .rela.plt      0x0000000011000b88      0x2e8 /Users/yeonwoo-kim/HealthHub/nacl_sdk/pepper_49/toolchain/mac_x86_glibc/bin/../lib/gcc/x86_64-nacl/4.4.3/../../../../x86_64-nacl/lib/../lib64/crt1.o

.rodata         0x0000000011000e80      0x15f
 *(.rodata .rodata.* .gnu.linkonce.r.*)
 .rodata.cst4   0x0000000011000e80        0x4 /Users/yeonwoo-kim/HealthHub/nacl_sdk/pepper_49/toolchain/mac_x86_glibc/bin/../lib/gcc/x86_64-nacl/4.4.3/../../../../x86_64-nacl/lib/../lib64/crt1.o
                0x0000000011000e80                _IO_stdin_used
 .rodata.str1.1
                0x0000000011000e84       0x17 glibc/Release/multi_platform_x86_64.o
 *fill*         0x0000000011000e9b        0x5 
 .rodata._ZTV6Module
                0x0000000011000ea0       0x18 glibc/Release/multi_platform_x86_64.o
                0x0000000011000ea0                _ZTV6Module
 .rodata._ZTI6Module
                0x0000000011000eb8        0xc glibc/Release/multi_platform_x86_64.o
                0x0000000011000eb8                _ZTI6Module
 .rodata._ZTS6Module
                0x0000000011000ec4        0x8 glibc/Release/multi_platform_x86_64.o
                0x0000000011000ec4                _ZTS6Module
 *fill*         0x0000000011000ecc       0x14 
 .rodata._ZTV8Instance
                0x0000000011000ee0       0x2c glibc/Release/multi_platform_x86_64.o
                0x0000000011000ee0                _ZTV8Instance
 .rodata._ZTI8Instance
                0x0000000011000f0c        0xc glibc/Release/multi_platform_x86_64.o
                0x0000000011000f0c                _ZTI8Instance
 .rodata._ZTS8Instance
                0x0000000011000f18        0xa glibc/Release/multi_platform_x86_64.o
                0x0000000011000f18                _ZTS8Instance
 *fill*         0x0000000011000f22        0x6 
 .rodata.str1.8
                0x0000000011000f28       0xa0 /Users/yeonwoo-kim/HealthHub/nacl_sdk/pepper_49/toolchain/mac_x86_glibc/bin/../lib/gcc/x86_64-nacl/4.4.3/../../../../x86_64-nacl/lib/../lib64/libppapi_stub.a(ppapi_plugin_start_8da67623.o)
                                         0x99 (size before relaxing)
 .rodata.str1.1
                0x0000000011000fc8       0x17 /Users/yeonwoo-kim/HealthHub/nacl_sdk/pepper_49/toolchain/mac_x86_glibc/bin/../lib/gcc/x86_64-nacl/4.4.3/../../../../x86_64-nacl/lib/../lib64/libppapi_stub.a(ppapi_plugin_start_8da67623.o)

.rodata1
 *(.rodata1)

.eh_frame_hdr   0x0000000011000fe0       0x9c
 *(.eh_frame_hdr)
 .eh_frame_hdr  0x0000000011000fe0       0x9c /Users/yeonwoo-kim/HealthHub/nacl_sdk/pepper_49/toolchain/mac_x86_glibc/bin/../lib/gcc/x86_64-nacl/4.4.3/../../../../x86_64-nacl/lib/../lib64/crt1.o

.eh_frame       0x0000000011001080      0x25c
 *(.eh_frame)
 .eh_frame      0x0000000011001080       0x38 /Users/yeonwoo-kim/HealthHub/nacl_sdk/pepper_49/toolchain/mac_x86_glibc/bin/../lib/gcc/x86_64-nacl/4.4.3/../../../../x86_64-nacl/lib/../lib64/crt1.o
 .eh_frame      0x00000000110010b8       0x28 /Users/yeonwoo-kim/HealthHub/nacl_sdk/pepper_49/toolchain/mac_x86_glibc/bin/../lib/gcc/x86_64-nacl/4.4.3/../../../../x86_64-nacl/lib/../lib64/crt1.o
                                         0x40 (size before relaxing)
 .eh_frame      0x00000000110010e0        0x0 /Users/yeonwoo-kim/HealthHub/nacl_sdk/pepper_49/toolchain/mac_x86_glibc/bin/../lib/gcc/x86_64-nacl/4.4.3/crtbegin.o
 .eh_frame      0x00000000110010e0      0x100 glibc/Release/multi_platform_x86_64.o
                                         0xf8 (size before relaxing)
 .eh_frame      0x00000000110011e0       0x18 /Users/yeonwoo-kim/HealthHub/nacl_sdk/pepper_49/toolchain/mac_x86_glibc/bin/../lib/gcc/x86_64-nacl/4.4.3/../../../../x86_64-nacl/lib/../lib64/libppapi_stub.a(plugin_main_irt_21ce9d26.o)
                                         0x30 (size before relaxing)
 .eh_frame      0x00000000110011f8       0x18 /Users/yeonwoo-kim/HealthHub/nacl_sdk/pepper_49/toolchain/mac_x86_glibc/bin/../lib/gcc/x86_64-nacl/4.4.3/../../../../x86_64-nacl/lib/../lib64/libppapi_stub.a(ppapi_plugin_main_399d0cf7.o)
                                         0x30 (size before relaxing)
 .eh_frame      0x0000000011001210       0x38 /Users/yeonwoo-kim/HealthHub/nacl_sdk/pepper_49/toolchain/mac_x86_glibc/bin/../lib/gcc/x86_64-nacl/4.4.3/../../../../x86_64-nacl/lib/../lib64/libppapi_stub.a(ppapi_plugin_start_8da67623.o)
                                         0x50 (size before relaxing)
 .eh_frame      0x0000000011001248       0x48 /Users/yeonwoo-kim/HealthHub/nacl_sdk/pepper_49/toolchain/mac_x86_glibc/bin/../lib/gcc/x86_64-nacl/4.4.3/../../../../x86_64-nacl/lib/../lib64/libppapi_stub.a(thread_creator_ccf263e1.o)
                                         0x58 (size before relaxing)
 .eh_frame      0x0000000011001290       0x48 /Users/yeonwoo-kim/HealthHub/nacl_sdk/pepper_49/toolchain/mac_x86_glibc/bin/../lib/gcc/x86_64-nacl/4.4.3/../../../../x86_64-nacl/lib/../lib64/libc_nonshared.a(elf-init.ons)
                                         0x58 (size before relaxing)
 .eh_frame      0x00000000110012d8        0x4 /Users/yeonwoo-kim/HealthHub/nacl_sdk/pepper_49/toolchain/mac_x86_glibc/bin/../lib/gcc/x86_64-nacl/4.4.3/crtend.o

.gcc_except_table
                0x00000000110012dc       0x39
 *(.gcc_except_table .gcc_except_table.*)
 .gcc_except_table
                0x00000000110012dc       0x39 glibc/Release/multi_platform_x86_64.o
                0x0000000011001315                . = (ALIGN (0x10000) - ((0x10000 - .) & 0xffff))
                0x0000000011011315                . = DATA_SEGMENT_ALIGN (0x10000, 0x10000)

.eh_frame
 *(.eh_frame)

.gcc_except_table
 *(.gcc_except_table .gcc_except_table.*)

.tdata          0x0000000011011315        0x0
                0x0000000011011315                PROVIDE (__tls_template_start, .)
 *(.tdata .tdata.* .gnu.linkonce.td.*)
                0x0000000011011315                PROVIDE (__tls_template_tdata_end, .)

.tbss
 *(.tbss .tbss.* .gnu.linkonce.tb.*)
 *(.tcommon)
                0x0000000011011315                PROVIDE (__tls_template_end, .)
                0x0000000000000001                PROVIDE (__tls_template_align, MAX (ALIGNOF (.tdata), ALIGNOF (.tbss)))

.preinit_array  0x0000000011011315        0x0
                0x0000000011011315                PROVIDE (__preinit_array_start, .)
 *(.preinit_array)
                0x0000000011011315                PROVIDE (__preinit_array_end, .)

.init_array     0x0000000011011315        0x0
                0x0000000011011315                PROVIDE (__init_array_start, .)
 *(SORT(.init_array.*))
 *(.init_array)
                0x0000000011011315                PROVIDE (__init_array_end, .)

.fini_array     0x0000000011011315        0x0
                0x0000000011011315                PROVIDE (__fini_array_start, .)
 *(.fini_array)
 *(SORT(.fini_array.*))
                0x0000000011011315                PROVIDE (__fini_array_end, .)

.ctors          0x0000000011011318        0x8
 *crtbegin.o(.ctors)
 .ctors         0x0000000011011318        0x4 /Users/yeonwoo-kim/HealthHub/nacl_sdk/pepper_49/toolchain/mac_x86_glibc/bin/../lib/gcc/x86_64-nacl/4.4.3/crtbegin.o
 *crtbegin?.o(.ctors)
 *(EXCLUDE_FILE(*crtend?.o *crtend.o) .ctors)
 *(SORT(.ctors.*))
 *(.ctors)
 .ctors         0x000000001101131c        0x4 /Users/yeonwoo-kim/HealthHub/nacl_sdk/pepper_49/toolchain/mac_x86_glibc/bin/../lib/gcc/x86_64-nacl/4.4.3/crtend.o

.dtors          0x0000000011011320        0x8
 *crtbegin.o(.dtors)
 .dtors         0x0000000011011320        0x4 /Users/yeonwoo-kim/HealthHub/nacl_sdk/pepper_49/toolchain/mac_x86_glibc/bin/../lib/gcc/x86_64-nacl/4.4.3/crtbegin.o
 *crtbegin?.o(.dtors)
 *(EXCLUDE_FILE(*crtend?.o *crtend.o) .dtors)
 *(SORT(.dtors.*))
 *(.dtors)
 .dtors         0x0000000011011324        0x4 /Users/yeonwoo-kim/HealthHub/nacl_sdk/pepper_49/toolchain/mac_x86_glibc/bin/../lib/gcc/x86_64-nacl/4.4.3/crtend.o
                0x0000000011011324                __DTOR_END__

.jcr            0x0000000011011328        0x4
 *(.jcr)
 .jcr           0x0000000011011328        0x0 /Users/yeonwoo-kim/HealthHub/nacl_sdk/pepper_49/toolchain/mac_x86_glibc/bin/../lib/gcc/x86_64-nacl/4.4.3/crtbegin.o
 .jcr           0x0000000011011328        0x4 /Users/yeonwoo-kim/HealthHub/nacl_sdk/pepper_49/toolchain/mac_x86_glibc/bin/../lib/gcc/x86_64-nacl/4.4.3/crtend.o

.data.rel.ro    0x000000001101132c       0x14
 *(.data.rel.ro.local* .gnu.linkonce.d.rel.ro.local.*)
 .data.rel.ro.local
                0x000000001101132c        0x8 /Users/yeonwoo-kim/HealthHub/nacl_sdk/pepper_49/toolchain/mac_x86_glibc/bin/../lib/gcc/x86_64-nacl/4.4.3/../../../../x86_64-nacl/lib/../lib64/libppapi_stub.a(thread_creator_ccf263e1.o)
 *(.data.rel.ro* .gnu.linkonce.d.rel.ro.*)
 .data.rel.ro   0x0000000011011334        0xc /Users/yeonwoo-kim/HealthHub/nacl_sdk/pepper_49/toolchain/mac_x86_glibc/bin/../lib/gcc/x86_64-nacl/4.4.3/../../../../x86_64-nacl/lib/../lib64/libppapi_stub.a(ppapi_plugin_main_399d0cf7.o)

.dynamic        0x0000000011011340      0x1d0
 *(.dynamic)
 .dynamic       0x0000000011011340      0x1d0 /Users/yeonwoo-kim/HealthHub/nacl_sdk/pepper_49/toolchain/mac_x86_glibc/bin/../lib/gcc/x86_64-nacl/4.4.3/../../../../x86_64-nacl/lib/../lib64/crt1.o
                0x0000000011011340                _DYNAMIC

.got            0x0000000011011510       0x10
 *(.got)
 .got           0x0000000011011510       0x10 /Users/yeonwoo-kim/HealthHub/nacl_sdk/pepper_49/toolchain/mac_x86_glibc/bin/../lib/gcc/x86_64-nacl/4.4.3/../../../../x86_64-nacl/lib/../lib64/crt1.o
                0x0000000011011520                . = DATA_SEGMENT_RELRO_END (., 0xc)

.got.plt        0x0000000011011520      0x110
 *(.got.plt)
 .got.plt       0x0000000011011520      0x110 /Users/yeonwoo-kim/HealthHub/nacl_sdk/pepper_49/toolchain/mac_x86_glibc/bin/../lib/gcc/x86_64-nacl/4.4.3/../../../../x86_64-nacl/lib/../lib64/crt1.o
                0x0000000011011520                _GLOBAL_OFFSET_TABLE_

.data           0x0000000011011630        0x4
 *(.data .data.* .gnu.linkonce.d.*)
 .data          0x0000000011011630        0x0 /Users/yeonwoo-kim/HealthHub/nacl_sdk/pepper_49/toolchain/mac_x86_glibc/bin/../lib/gcc/x86_64-nacl/4.4.3/../../../../x86_64-nacl/lib/../lib64/crt1.o
 .data          0x0000000011011630        0x0 /Users/yeonwoo-kim/HealthHub/nacl_sdk/pepper_49/toolchain/mac_x86_glibc/bin/../lib/gcc/x86_64-nacl/4.4.3/../../../../x86_64-nacl/lib/../lib64/crti.o
 .data          0x0000000011011630        0x4 /Users/yeonwoo-kim/HealthHub/nacl_sdk/pepper_49/toolchain/mac_x86_glibc/bin/../lib/gcc/x86_64-nacl/4.4.3/crtbegin.o
                0x0000000011011630                __dso_handle
 .data          0x0000000011011634        0x0 glibc/Release/multi_platform_x86_64.o
 .data          0x0000000011011634        0x0 /Users/yeonwoo-kim/HealthHub/nacl_sdk/pepper_49/toolchain/mac_x86_glibc/bin/../lib/gcc/x86_64-nacl/4.4.3/../../../../x86_64-nacl/lib/../lib64/libppapi_stub.a(plugin_main_irt_21ce9d26.o)
 .data          0x0000000011011634        0x0 /Users/yeonwoo-kim/HealthHub/nacl_sdk/pepper_49/toolchain/mac_x86_glibc/bin/../lib/gcc/x86_64-nacl/4.4.3/../../../../x86_64-nacl/lib/../lib64/libppapi_stub.a(ppapi_plugin_main_399d0cf7.o)
 .data          0x0000000011011634        0x0 /Users/yeonwoo-kim/HealthHub/nacl_sdk/pepper_49/toolchain/mac_x86_glibc/bin/../lib/gcc/x86_64-nacl/4.4.3/../../../../x86_64-nacl/lib/../lib64/libppapi_stub.a(ppapi_plugin_start_8da67623.o)
 .data          0x0000000011011634        0x0 /Users/yeonwoo-kim/HealthHub/nacl_sdk/pepper_49/toolchain/mac_x86_glibc/bin/../lib/gcc/x86_64-nacl/4.4.3/../../../../x86_64-nacl/lib/../lib64/libppapi_stub.a(thread_creator_ccf263e1.o)
 .data          0x0000000011011634        0x0 /Users/yeonwoo-kim/HealthHub/nacl_sdk/pepper_49/toolchain/mac_x86_glibc/bin/../lib/gcc/x86_64-nacl/4.4.3/../../../../x86_64-nacl/lib/../lib64/libc_nonshared.a(elf-init.ons)
 .data          0x0000000011011634        0x0 /Users/yeonwoo-kim/HealthHub/nacl_sdk/pepper_49/toolchain/mac_x86_glibc/bin/../lib/gcc/x86_64-nacl/4.4.3/crtend.o
 .data          0x0000000011011634        0x0 /Users/yeonwoo-kim/HealthHub/nacl_sdk/pepper_49/toolchain/mac_x86_glibc/bin/../lib/gcc/x86_64-nacl/4.4.3/../../../../x86_64-nacl/lib/../lib64/crtn.o
 *(.gnu.linkonce.d.*personality*)

.igot.plt       0x0000000011011638        0x0
 .igot.plt      0x0000000000000000        0x0 /Users/yeonwoo-kim/HealthHub/nacl_sdk/pepper_49/toolchain/mac_x86_glibc/bin/../lib/gcc/x86_64-nacl/4.4.3/../../../../x86_64-nacl/lib/../lib64/crt1.o

.data1
 *(.data1)
                0x0000000011011638                _edata = .
                0x0000000011011638                PROVIDE (edata, .)
                0x0000000011011638                . = DATA_SEGMENT_END (.)
                0x0000000011020000                . = ALIGN (0x10000)
                0x0000000011020000                __bss_start = .

.bss            0x0000000011020000       0x88
 *(.dynbss)
 .dynbss        0x0000000011020000       0x58 /Users/yeonwoo-kim/HealthHub/nacl_sdk/pepper_49/toolchain/mac_x86_glibc/bin/../lib/gcc/x86_64-nacl/4.4.3/../../../../x86_64-nacl/lib/../lib64/crt1.o
                0x0000000011020000                _ZTIN2pp8InstanceE
                0x0000000011020020                _ZTVN10__cxxabiv120__si_class_type_infoE@@CXXABI_1.3
                0x0000000011020050                _ZTIN2pp6ModuleE
 *(.bss .bss.* .gnu.linkonce.b.*)
 .bss           0x0000000011020058        0x0 /Users/yeonwoo-kim/HealthHub/nacl_sdk/pepper_49/toolchain/mac_x86_glibc/bin/../lib/gcc/x86_64-nacl/4.4.3/../../../../x86_64-nacl/lib/../lib64/crt1.o
 .bss           0x0000000011020058        0x0 /Users/yeonwoo-kim/HealthHub/nacl_sdk/pepper_49/toolchain/mac_x86_glibc/bin/../lib/gcc/x86_64-nacl/4.4.3/../../../../x86_64-nacl/lib/../lib64/crti.o
 *fill*         0x0000000011020058        0x8 
 .bss           0x0000000011020060       0x28 /Users/yeonwoo-kim/HealthHub/nacl_sdk/pepper_49/toolchain/mac_x86_glibc/bin/../lib/gcc/x86_64-nacl/4.4.3/crtbegin.o
 .bss           0x0000000011020088        0x0 glibc/Release/multi_platform_x86_64.o
 .bss           0x0000000011020088        0x0 /Users/yeonwoo-kim/HealthHub/nacl_sdk/pepper_49/toolchain/mac_x86_glibc/bin/../lib/gcc/x86_64-nacl/4.4.3/../../../../x86_64-nacl/lib/../lib64/libppapi_stub.a(plugin_main_irt_21ce9d26.o)
 .bss           0x0000000011020088        0x0 /Users/yeonwoo-kim/HealthHub/nacl_sdk/pepper_49/toolchain/mac_x86_glibc/bin/../lib/gcc/x86_64-nacl/4.4.3/../../../../x86_64-nacl/lib/../lib64/libppapi_stub.a(ppapi_plugin_main_399d0cf7.o)
 .bss           0x0000000011020088        0x0 /Users/yeonwoo-kim/HealthHub/nacl_sdk/pepper_49/toolchain/mac_x86_glibc/bin/../lib/gcc/x86_64-nacl/4.4.3/../../../../x86_64-nacl/lib/../lib64/libppapi_stub.a(ppapi_plugin_start_8da67623.o)
 .bss           0x0000000011020088        0x0 /Users/yeonwoo-kim/HealthHub/nacl_sdk/pepper_49/toolchain/mac_x86_glibc/bin/../lib/gcc/x86_64-nacl/4.4.3/../../../../x86_64-nacl/lib/../lib64/libppapi_stub.a(thread_creator_ccf263e1.o)
 .bss           0x0000000011020088        0x0 /Users/yeonwoo-kim/HealthHub/nacl_sdk/pepper_49/toolchain/mac_x86_glibc/bin/../lib/gcc/x86_64-nacl/4.4.3/../../../../x86_64-nacl/lib/../lib64/libc_nonshared.a(elf-init.ons)
 .bss           0x0000000011020088        0x0 /Users/yeonwoo-kim/HealthHub/nacl_sdk/pepper_49/toolchain/mac_x86_glibc/bin/../lib/gcc/x86_64-nacl/4.4.3/crtend.o
 .bss           0x0000000011020088        0x0 /Users/yeonwoo-kim/HealthHub/nacl_sdk/pepper_49/toolchain/mac_x86_glibc/bin/../lib/gcc/x86_64-nacl/4.4.3/../../../../x86_64-nacl/lib/../lib64/crtn.o
 *(COMMON)
                0x0000000011020088                . = ALIGN ((. != 0x0)?0x4:0x1)
                0x0000000011020088                . = ALIGN (0x4)
                0x0000000011020088                . = ALIGN (0x4)
                0x0000000011020088                _end = .
                0x0000000011020088                PROVIDE (end, .)

.stab
 *(.stab)

.stabstr
 *(.stabstr)

.stab.excl
 *(.stab.excl)

.stab.exclstr
 *(.stab.exclstr)

.stab.index
 *(.stab.index)

.stab.indexstr
 *(.stab.indexstr)

.comment        0x0000000000000000       0x88
 *(.comment)
 .comment       0x0000000000000000       0x88 /Users/yeonwoo-kim/HealthHub/nacl_sdk/pepper_49/toolchain/mac_x86_glibc/bin/../lib/gcc/x86_64-nacl/4.4.3/../../../../x86_64-nacl/lib/../lib64/crt1.o
                                        0x112 (size before relaxing)
 .comment       0x0000000000000000       0x89 /Users/yeonwoo-kim/HealthHub/nacl_sdk/pepper_49/toolchain/mac_x86_glibc/bin/../lib/gcc/x86_64-nacl/4.4.3/../../../../x86_64-nacl/lib/../lib64/crti.o
 .comment       0x0000000000000000       0x89 /Users/yeonwoo-kim/HealthHub/nacl_sdk/pepper_49/toolchain/mac_x86_glibc/bin/../lib/gcc/x86_64-nacl/4.4.3/crtbegin.o
 .comment       0x0000000000000000       0x89 glibc/Release/multi_platform_x86_64.o
 .comment       0x0000000000000000       0x89 /Users/yeonwoo-kim/HealthHub/nacl_sdk/pepper_49/toolchain/mac_x86_glibc/bin/../lib/gcc/x86_64-nacl/4.4.3/../../../../x86_64-nacl/lib/../lib64/libppapi_stub.a(plugin_main_irt_21ce9d26.o)
 .comment       0x0000000000000000       0x89 /Users/yeonwoo-kim/HealthHub/nacl_sdk/pepper_49/toolchain/mac_x86_glibc/bin/../lib/gcc/x86_64-nacl/4.4.3/../../../../x86_64-nacl/lib/../lib64/libppapi_stub.a(ppapi_plugin_main_399d0cf7.o)
 .comment       0x0000000000000000       0x89 /Users/yeonwoo-kim/HealthHub/nacl_sdk/pepper_49/toolchain/mac_x86_glibc/bin/../lib/gcc/x86_64-nacl/4.4.3/../../../../x86_64-nacl/lib/../lib64/libppapi_stub.a(ppapi_plugin_start_8da67623.o)
 .comment       0x0000000000000000       0x89 /Users/yeonwoo-kim/HealthHub/nacl_sdk/pepper_49/toolchain/mac_x86_glibc/bin/../lib/gcc/x86_64-nacl/4.4.3/../../../../x86_64-nacl/lib/../lib64/libppapi_stub.a(thread_creator_ccf263e1.o)
 .comment       0x0000000000000000       0x89 /Users/yeonwoo-kim/HealthHub/nacl_sdk/pepper_49/toolchain/mac_x86_glibc/bin/../lib/gcc/x86_64-nacl/4.4.3/../../../../x86_64-nacl/lib/../lib64/libc_nonshared.a(elf-init.ons)
 .comment       0x0000000000000000       0x89 /Users/yeonwoo-kim/HealthHub/nacl_sdk/pepper_49/toolchain/mac_x86_glibc/bin/../lib/gcc/x86_64-nacl/4.4.3/crtend.o
 .comment       0x0000000000000000       0x89 /Users/yeonwoo-kim/HealthHub/nacl_sdk/pepper_49/toolchain/mac_x86_glibc/bin/../lib/gcc/x86_64-nacl/4.4.3/../../../../x86_64-nacl/lib/../lib64/crtn.o

.debug
 *(.debug)

.line
 *(.line)

.debug_srcinfo
 *(.debug_srcinfo)

.debug_sfnames
 *(.debug_sfnames)

.debug_aranges  0x0000000000000000      0x1b0
 *(.debug_aranges)
 .debug_aranges
                0x0000000000000000       0x30 /Users/yeonwoo-kim/HealthHub/nacl_sdk/pepper_49/toolchain/mac_x86_glibc/bin/../lib/gcc/x86_64-nacl/4.4.3/../../../../x86_64-nacl/lib/../lib64/crt1.o
 .debug_aranges
                0x0000000000000030       0x90 glibc/Release/multi_platform_x86_64.o
 .debug_aranges
                0x00000000000000c0       0x30 /Users/yeonwoo-kim/HealthHub/nacl_sdk/pepper_49/toolchain/mac_x86_glibc/bin/../lib/gcc/x86_64-nacl/4.4.3/../../../../x86_64-nacl/lib/../lib64/libppapi_stub.a(plugin_main_irt_21ce9d26.o)
 .debug_aranges
                0x00000000000000f0       0x30 /Users/yeonwoo-kim/HealthHub/nacl_sdk/pepper_49/toolchain/mac_x86_glibc/bin/../lib/gcc/x86_64-nacl/4.4.3/../../../../x86_64-nacl/lib/../lib64/libppapi_stub.a(ppapi_plugin_main_399d0cf7.o)
 .debug_aranges
                0x0000000000000120       0x30 /Users/yeonwoo-kim/HealthHub/nacl_sdk/pepper_49/toolchain/mac_x86_glibc/bin/../lib/gcc/x86_64-nacl/4.4.3/../../../../x86_64-nacl/lib/../lib64/libppapi_stub.a(ppapi_plugin_start_8da67623.o)
 .debug_aranges
                0x0000000000000150       0x30 /Users/yeonwoo-kim/HealthHub/nacl_sdk/pepper_49/toolchain/mac_x86_glibc/bin/../lib/gcc/x86_64-nacl/4.4.3/../../../../x86_64-nacl/lib/../lib64/libppapi_stub.a(thread_creator_ccf263e1.o)
 .debug_aranges
                0x0000000000000180       0x30 /Users/yeonwoo-kim/HealthHub/nacl_sdk/pepper_49/toolchain/mac_x86_glibc/bin/../lib/gcc/x86_64-nacl/4.4.3/../../../../x86_64-nacl/lib/../lib64/libc_nonshared.a(elf-init.ons)

.debug_pubnames
                0x0000000000000000      0x1c6
 *(.debug_pubnames)
 .debug_pubnames
                0x0000000000000000       0x42 /Users/yeonwoo-kim/HealthHub/nacl_sdk/pepper_49/toolchain/mac_x86_glibc/bin/../lib/gcc/x86_64-nacl/4.4.3/../../../../x86_64-nacl/lib/../lib64/crt1.o
 .debug_pubnames
                0x0000000000000042       0xad glibc/Release/multi_platform_x86_64.o
 .debug_pubnames
                0x00000000000000ef       0x1b /Users/yeonwoo-kim/HealthHub/nacl_sdk/pepper_49/toolchain/mac_x86_glibc/bin/../lib/gcc/x86_64-nacl/4.4.3/../../../../x86_64-nacl/lib/../lib64/libppapi_stub.a(plugin_main_irt_21ce9d26.o)
 .debug_pubnames
                0x000000000000010a       0x26 /Users/yeonwoo-kim/HealthHub/nacl_sdk/pepper_49/toolchain/mac_x86_glibc/bin/../lib/gcc/x86_64-nacl/4.4.3/../../../../x86_64-nacl/lib/../lib64/libppapi_stub.a(ppapi_plugin_main_399d0cf7.o)
 .debug_pubnames
                0x0000000000000130       0x27 /Users/yeonwoo-kim/HealthHub/nacl_sdk/pepper_49/toolchain/mac_x86_glibc/bin/../lib/gcc/x86_64-nacl/4.4.3/../../../../x86_64-nacl/lib/../lib64/libppapi_stub.a(ppapi_plugin_start_8da67623.o)
 .debug_pubnames
                0x0000000000000157       0x35 /Users/yeonwoo-kim/HealthHub/nacl_sdk/pepper_49/toolchain/mac_x86_glibc/bin/../lib/gcc/x86_64-nacl/4.4.3/../../../../x86_64-nacl/lib/../lib64/libppapi_stub.a(thread_creator_ccf263e1.o)
 .debug_pubnames
                0x000000000000018c       0x3a /Users/yeonwoo-kim/HealthHub/nacl_sdk/pepper_49/toolchain/mac_x86_glibc/bin/../lib/gcc/x86_64-nacl/4.4.3/../../../../x86_64-nacl/lib/../lib64/libc_nonshared.a(elf-init.ons)

.debug_info     0x0000000000000000     0x203d
 *(.debug_info .gnu.linkonce.wi.*)
 .debug_info    0x0000000000000000      0x1b3 /Users/yeonwoo-kim/HealthHub/nacl_sdk/pepper_49/toolchain/mac_x86_glibc/bin/../lib/gcc/x86_64-nacl/4.4.3/../../../../x86_64-nacl/lib/../lib64/crt1.o
 .debug_info    0x00000000000001b3     0x11d8 glibc/Release/multi_platform_x86_64.o
 .debug_info    0x000000000000138b       0x9e /Users/yeonwoo-kim/HealthHub/nacl_sdk/pepper_49/toolchain/mac_x86_glibc/bin/../lib/gcc/x86_64-nacl/4.4.3/../../../../x86_64-nacl/lib/../lib64/libppapi_stub.a(plugin_main_irt_21ce9d26.o)
 .debug_info    0x0000000000001429      0x158 /Users/yeonwoo-kim/HealthHub/nacl_sdk/pepper_49/toolchain/mac_x86_glibc/bin/../lib/gcc/x86_64-nacl/4.4.3/../../../../x86_64-nacl/lib/../lib64/libppapi_stub.a(ppapi_plugin_main_399d0cf7.o)
 .debug_info    0x0000000000001581      0x424 /Users/yeonwoo-kim/HealthHub/nacl_sdk/pepper_49/toolchain/mac_x86_glibc/bin/../lib/gcc/x86_64-nacl/4.4.3/../../../../x86_64-nacl/lib/../lib64/libppapi_stub.a(ppapi_plugin_start_8da67623.o)
 .debug_info    0x00000000000019a5      0x568 /Users/yeonwoo-kim/HealthHub/nacl_sdk/pepper_49/toolchain/mac_x86_glibc/bin/../lib/gcc/x86_64-nacl/4.4.3/../../../../x86_64-nacl/lib/../lib64/libppapi_stub.a(thread_creator_ccf263e1.o)
 .debug_info    0x0000000000001f0d      0x130 /Users/yeonwoo-kim/HealthHub/nacl_sdk/pepper_49/toolchain/mac_x86_glibc/bin/../lib/gcc/x86_64-nacl/4.4.3/../../../../x86_64-nacl/lib/../lib64/libc_nonshared.a(elf-init.ons)

.debug_abbrev   0x0000000000000000      0x8ae
 *(.debug_abbrev)
 .debug_abbrev  0x0000000000000000       0xe6 /Users/yeonwoo-kim/HealthHub/nacl_sdk/pepper_49/toolchain/mac_x86_glibc/bin/../lib/gcc/x86_64-nacl/4.4.3/../../../../x86_64-nacl/lib/../lib64/crt1.o
 .debug_abbrev  0x00000000000000e6      0x307 glibc/Release/multi_platform_x86_64.o
 .debug_abbrev  0x00000000000003ed       0x4a /Users/yeonwoo-kim/HealthHub/nacl_sdk/pepper_49/toolchain/mac_x86_glibc/bin/../lib/gcc/x86_64-nacl/4.4.3/../../../../x86_64-nacl/lib/../lib64/libppapi_stub.a(plugin_main_irt_21ce9d26.o)
 .debug_abbrev  0x0000000000000437       0xbb /Users/yeonwoo-kim/HealthHub/nacl_sdk/pepper_49/toolchain/mac_x86_glibc/bin/../lib/gcc/x86_64-nacl/4.4.3/../../../../x86_64-nacl/lib/../lib64/libppapi_stub.a(ppapi_plugin_main_399d0cf7.o)
 .debug_abbrev  0x00000000000004f2      0x1ab /Users/yeonwoo-kim/HealthHub/nacl_sdk/pepper_49/toolchain/mac_x86_glibc/bin/../lib/gcc/x86_64-nacl/4.4.3/../../../../x86_64-nacl/lib/../lib64/libppapi_stub.a(ppapi_plugin_start_8da67623.o)
 .debug_abbrev  0x000000000000069d      0x13d /Users/yeonwoo-kim/HealthHub/nacl_sdk/pepper_49/toolchain/mac_x86_glibc/bin/../lib/gcc/x86_64-nacl/4.4.3/../../../../x86_64-nacl/lib/../lib64/libppapi_stub.a(thread_creator_ccf263e1.o)
 .debug_abbrev  0x00000000000007da       0xd4 /Users/yeonwoo-kim/HealthHub/nacl_sdk/pepper_49/toolchain/mac_x86_glibc/bin/../lib/gcc/x86_64-nacl/4.4.3/../../../../x86_64-nacl/lib/../lib64/libc_nonshared.a(elf-init.ons)

.debug_line     0x0000000000000000      0xf16
 *(.debug_line)
 .debug_line    0x0000000000000000       0x9c /Users/yeonwoo-kim/HealthHub/nacl_sdk/pepper_49/toolchain/mac_x86_glibc/bin/../lib/gcc/x86_64-nacl/4.4.3/../../../../x86_64-nacl/lib/../lib64/crt1.o
 .debug_line    0x000000000000009c      0x5ba glibc/Release/multi_platform_x86_64.o
 .debug_line    0x0000000000000656       0x46 /Users/yeonwoo-kim/HealthHub/nacl_sdk/pepper_49/toolchain/mac_x86_glibc/bin/../lib/gcc/x86_64-nacl/4.4.3/../../../../x86_64-nacl/lib/../lib64/libppapi_stub.a(plugin_main_irt_21ce9d26.o)
 .debug_line    0x000000000000069c      0x148 /Users/yeonwoo-kim/HealthHub/nacl_sdk/pepper_49/toolchain/mac_x86_glibc/bin/../lib/gcc/x86_64-nacl/4.4.3/../../../../x86_64-nacl/lib/../lib64/libppapi_stub.a(ppapi_plugin_main_399d0cf7.o)
 .debug_line    0x00000000000007e4      0x3b0 /Users/yeonwoo-kim/HealthHub/nacl_sdk/pepper_49/toolchain/mac_x86_glibc/bin/../lib/gcc/x86_64-nacl/4.4.3/../../../../x86_64-nacl/lib/../lib64/libppapi_stub.a(ppapi_plugin_start_8da67623.o)
 .debug_line    0x0000000000000b94      0x28d /Users/yeonwoo-kim/HealthHub/nacl_sdk/pepper_49/toolchain/mac_x86_glibc/bin/../lib/gcc/x86_64-nacl/4.4.3/../../../../x86_64-nacl/lib/../lib64/libppapi_stub.a(thread_creator_ccf263e1.o)
 .debug_line    0x0000000000000e21       0xf5 /Users/yeonwoo-kim/HealthHub/nacl_sdk/pepper_49/toolchain/mac_x86_glibc/bin/../lib/gcc/x86_64-nacl/4.4.3/../../../../x86_64-nacl/lib/../lib64/libc_nonshared.a(elf-init.ons)

.debug_frame
 *(.debug_frame)

.debug_str      0x0000000000000000      0xd97
 *(.debug_str)
 .debug_str     0x0000000000000000      0x174 /Users/yeonwoo-kim/HealthHub/nacl_sdk/pepper_49/toolchain/mac_x86_glibc/bin/../lib/gcc/x86_64-nacl/4.4.3/../../../../x86_64-nacl/lib/../lib64/crt1.o
                                        0x304 (size before relaxing)
 .debug_str     0x0000000000000174      0x7dc glibc/Release/multi_platform_x86_64.o
                                        0x95e (size before relaxing)
 .debug_str     0x0000000000000950       0x63 /Users/yeonwoo-kim/HealthHub/nacl_sdk/pepper_49/toolchain/mac_x86_glibc/bin/../lib/gcc/x86_64-nacl/4.4.3/../../../../x86_64-nacl/lib/../lib64/libppapi_stub.a(plugin_main_irt_21ce9d26.o)
                                        0x16f (size before relaxing)
 .debug_str     0x00000000000009b3       0xa4 /Users/yeonwoo-kim/HealthHub/nacl_sdk/pepper_49/toolchain/mac_x86_glibc/bin/../lib/gcc/x86_64-nacl/4.4.3/../../../../x86_64-nacl/lib/../lib64/libppapi_stub.a(ppapi_plugin_main_399d0cf7.o)
                                        0x1f2 (size before relaxing)
 .debug_str     0x0000000000000a57      0x129 /Users/yeonwoo-kim/HealthHub/nacl_sdk/pepper_49/toolchain/mac_x86_glibc/bin/../lib/gcc/x86_64-nacl/4.4.3/../../../../x86_64-nacl/lib/../lib64/libppapi_stub.a(ppapi_plugin_start_8da67623.o)
                                        0x312 (size before relaxing)
 .debug_str     0x0000000000000b80      0x1c3 /Users/yeonwoo-kim/HealthHub/nacl_sdk/pepper_49/toolchain/mac_x86_glibc/bin/../lib/gcc/x86_64-nacl/4.4.3/../../../../x86_64-nacl/lib/../lib64/libppapi_stub.a(thread_creator_ccf263e1.o)
                                        0x420 (size before relaxing)
 .debug_str     0x0000000000000d43       0x54 /Users/yeonwoo-kim/HealthHub/nacl_sdk/pepper_49/toolchain/mac_x86_glibc/bin/../lib/gcc/x86_64-nacl/4.4.3/../../../../x86_64-nacl/lib/../lib64/libc_nonshared.a(elf-init.ons)
                                        0x157 (size before relaxing)

.debug_loc      0x0000000000000000      0x745
 *(.debug_loc)
 .debug_loc     0x0000000000000000       0xa5 /Users/yeonwoo-kim/HealthHub/nacl_sdk/pepper_49/toolchain/mac_x86_glibc/bin/../lib/gcc/x86_64-nacl/4.4.3/../../../../x86_64-nacl/lib/../lib64/crt1.o
 .debug_loc     0x00000000000000a5      0x2fd glibc/Release/multi_platform_x86_64.o
 .debug_loc     0x00000000000003a2      0x1b9 /Users/yeonwoo-kim/HealthHub/nacl_sdk/pepper_49/toolchain/mac_x86_glibc/bin/../lib/gcc/x86_64-nacl/4.4.3/../../../../x86_64-nacl/lib/../lib64/libppapi_stub.a(ppapi_plugin_start_8da67623.o)
 .debug_loc     0x000000000000055b       0xc2 /Users/yeonwoo-kim/HealthHub/nacl_sdk/pepper_49/toolchain/mac_x86_glibc/bin/../lib/gcc/x86_64-nacl/4.4.3/../../../../x86_64-nacl/lib/../lib64/libppapi_stub.a(thread_creator_ccf263e1.o)
 .debug_loc     0x000000000000061d      0x128 /Users/yeonwoo-kim/HealthHub/nacl_sdk/pepper_49/toolchain/mac_x86_glibc/bin/../lib/gcc/x86_64-nacl/4.4.3/../../../../x86_64-nacl/lib/../lib64/libc_nonshared.a(elf-init.ons)

.debug_macinfo
 *(.debug_macinfo)

.debug_weaknames
 *(.debug_weaknames)

.debug_funcnames
 *(.debug_funcnames)

.debug_typenames
 *(.debug_typenames)

.debug_varnames
 *(.debug_varnames)

.debug_pubtypes
 *(.debug_pubtypes)

.debug_ranges   0x0000000000000000       0xe0
 *(.debug_ranges)
 .debug_ranges  0x0000000000000000       0x90 glibc/Release/multi_platform_x86_64.o
 .debug_ranges  0x0000000000000090       0x50 /Users/yeonwoo-kim/HealthHub/nacl_sdk/pepper_49/toolchain/mac_x86_glibc/bin/../lib/gcc/x86_64-nacl/4.4.3/../../../../x86_64-nacl/lib/../lib64/libc_nonshared.a(elf-init.ons)

.gnu.attributes
 *(.gnu.attributes)

/DISCARD/
 *(.note.GNU-stack)
 *(.gnu_debuglink)
 *(.note.ABI-tag)
 *(.interp)
OUTPUT(glibc/Release/_platform_specific/x86-64/multi_platform_unstripped_x86_64.nexe elf64-x86-64-nacl)
