Archive member included to satisfy reference by file (symbol)

/Users/yeonwoo-kim/HealthHub/nacl_sdk/pepper_49/lib/clang-newlib_arm/Release/liberror_handling.a(error_handling_arm.o)
                              clang-newlib/Release/debugging_arm.o (EHRequestExceptionsJson)
/Users/yeonwoo-kim/HealthHub/nacl_sdk/pepper_49/lib/clang-newlib_arm/Release/liberror_handling.a(string_stream_arm.o)
                              /Users/yeonwoo-kim/HealthHub/nacl_sdk/pepper_49/lib/clang-newlib_arm/Release/liberror_handling.a(error_handling_arm.o) (ssinit)
/Users/yeonwoo-kim/HealthHub/nacl_sdk/pepper_49/toolchain/mac_pnacl/bin/../arm-nacl/lib/libppapi_stub.a(plugin_main_irt_21ce9d26.o)
                              (main)
/Users/yeonwoo-kim/HealthHub/nacl_sdk/pepper_49/toolchain/mac_pnacl/bin/../arm-nacl/lib/libppapi_stub.a(ppapi_plugin_main_399d0cf7.o)
                              /Users/yeonwoo-kim/HealthHub/nacl_sdk/pepper_49/toolchain/mac_pnacl/bin/../arm-nacl/lib/libppapi_stub.a(plugin_main_irt_21ce9d26.o) (PpapiPluginMain)
/Users/yeonwoo-kim/HealthHub/nacl_sdk/pepper_49/toolchain/mac_pnacl/bin/../arm-nacl/lib/libppapi_stub.a(ppapi_plugin_start_8da67623.o)
                              /Users/yeonwoo-kim/HealthHub/nacl_sdk/pepper_49/toolchain/mac_pnacl/bin/../arm-nacl/lib/libppapi_stub.a(ppapi_plugin_main_399d0cf7.o) (PpapiPluginStart)
/Users/yeonwoo-kim/HealthHub/nacl_sdk/pepper_49/toolchain/mac_pnacl/bin/../arm-nacl/lib/libppapi_stub.a(thread_creator_ccf263e1.o)
                              /Users/yeonwoo-kim/HealthHub/nacl_sdk/pepper_49/toolchain/mac_pnacl/bin/../arm-nacl/lib/libppapi_stub.a(ppapi_plugin_start_8da67623.o) (__nacl_register_thread_creator)
/Users/yeonwoo-kim/HealthHub/nacl_sdk/pepper_49/toolchain/mac_pnacl/bin/../arm-nacl/lib/libpthread.a(nc_thread.o)
                              clang-newlib/Release/debugging_arm.o (pthread_create)
/Users/yeonwoo-kim/HealthHub/nacl_sdk/pepper_49/toolchain/mac_pnacl/bin/../arm-nacl/lib/libpthread.a(nc_mutex.o)
                              /Users/yeonwoo-kim/HealthHub/nacl_sdk/pepper_49/toolchain/mac_pnacl/bin/../arm-nacl/lib/libpthread.a(nc_thread.o) (pthread_mutex_destroy)
/Users/yeonwoo-kim/HealthHub/nacl_sdk/pepper_49/toolchain/mac_pnacl/bin/../arm-nacl/lib/libpthread.a(nc_condvar.o)
                              /Users/yeonwoo-kim/HealthHub/nacl_sdk/pepper_49/toolchain/mac_pnacl/bin/../arm-nacl/lib/libpthread.a(nc_thread.o) (pthread_cond_destroy)
/Users/yeonwoo-kim/HealthHub/nacl_sdk/pepper_49/toolchain/mac_pnacl/bin/../arm-nacl/lib/libpthread.a(valgrind_annotations.o)
                              /Users/yeonwoo-kim/HealthHub/nacl_sdk/pepper_49/toolchain/mac_pnacl/bin/../arm-nacl/lib/libpthread.a(nc_thread.o) (NACL_AnnotateCondVarWait)
/Users/yeonwoo-kim/HealthHub/nacl_sdk/pepper_49/toolchain/mac_pnacl/bin/../arm-nacl/lib/libpthread.a(nc_init_irt.o)
                              /Users/yeonwoo-kim/HealthHub/nacl_sdk/pepper_49/toolchain/mac_pnacl/bin/../arm-nacl/lib/libpthread.a(nc_mutex.o) (__libnacl_irt_futex)
/Users/yeonwoo-kim/HealthHub/nacl_sdk/pepper_49/toolchain/mac_pnacl/bin/../arm-nacl/lib/libnacl.a(nacl_irt.o)
                              /Users/yeonwoo-kim/HealthHub/nacl_sdk/pepper_49/toolchain/mac_pnacl/bin/../arm-nacl/lib/libpthread.a(nc_init_irt.o) (__libnacl_mandatory_irt_query)
/Users/yeonwoo-kim/HealthHub/nacl_sdk/pepper_49/toolchain/mac_pnacl/bin/../arm-nacl/lib/libnacl.a(_exit.o)
                              (_exit)
/Users/yeonwoo-kim/HealthHub/nacl_sdk/pepper_49/toolchain/mac_pnacl/bin/../arm-nacl/lib/libnacl.a(mmap.o)
                              /Users/yeonwoo-kim/HealthHub/nacl_sdk/pepper_49/lib/clang-newlib_arm/Release/liberror_handling.a(error_handling_arm.o) (mmap)
/Users/yeonwoo-kim/HealthHub/nacl_sdk/pepper_49/toolchain/mac_pnacl/bin/../arm-nacl/lib/libnacl.a(munmap.o)
                              /Users/yeonwoo-kim/HealthHub/nacl_sdk/pepper_49/lib/clang-newlib_arm/Release/liberror_handling.a(error_handling_arm.o) (munmap)
/Users/yeonwoo-kim/HealthHub/nacl_sdk/pepper_49/toolchain/mac_pnacl/bin/../arm-nacl/lib/libnacl.a(nacl_interface_query.o)
                              /Users/yeonwoo-kim/HealthHub/nacl_sdk/pepper_49/lib/clang-newlib_arm/Release/liberror_handling.a(error_handling_arm.o) (nacl_interface_query)
/Users/yeonwoo-kim/HealthHub/nacl_sdk/pepper_49/toolchain/mac_pnacl/bin/../arm-nacl/lib/libnacl.a(write.o)
                              /Users/yeonwoo-kim/HealthHub/nacl_sdk/pepper_49/toolchain/mac_pnacl/bin/../arm-nacl/lib/libppapi_stub.a(ppapi_plugin_start_8da67623.o) (write)
/Users/yeonwoo-kim/HealthHub/nacl_sdk/pepper_49/toolchain/mac_pnacl/bin/../arm-nacl/lib/libnacl.a(environ.o)
                              /Users/yeonwoo-kim/HealthHub/nacl_sdk/pepper_49/toolchain/mac_pnacl/bin/../arm-nacl/lib/libppapi_stub.a(ppapi_plugin_start_8da67623.o) (environ)
/Users/yeonwoo-kim/HealthHub/nacl_sdk/pepper_49/toolchain/mac_pnacl/bin/../arm-nacl/lib/libnacl.a(malloc.o)
[...]
Memory Configuration

Name             Origin             Length             Attributes
*default*        0x0000000000000000 0xffffffffffffffff

Linker script and memory map

LOAD /Users/yeonwoo-kim/HealthHub/nacl_sdk/pepper_49/toolchain/mac_pnacl/bin/../arm-nacl/lib/crt1.o
LOAD /Users/yeonwoo-kim/HealthHub/nacl_sdk/pepper_49/toolchain/mac_pnacl/bin/../arm-nacl/lib/crti.o
LOAD /Users/yeonwoo-kim/HealthHub/nacl_sdk/pepper_49/toolchain/mac_pnacl/bin/../lib/clang/3.7.0/lib/arm-nacl/crtbeginT.o
LOAD clang-newlib/Release/debugging_arm.o
LOAD /Users/yeonwoo-kim/HealthHub/nacl_sdk/pepper_49/lib/clang-newlib_arm/Release/liberror_handling.a
LOAD /Users/yeonwoo-kim/HealthHub/nacl_sdk/pepper_49/toolchain/mac_pnacl/bin/../arm-nacl/lib/libppapi.a
LOAD /Users/yeonwoo-kim/HealthHub/nacl_sdk/pepper_49/toolchain/mac_pnacl/bin/../arm-nacl/lib/libppapi_stub.a
LOAD /Users/yeonwoo-kim/HealthHub/nacl_sdk/pepper_49/toolchain/mac_pnacl/bin/../arm-nacl/lib/libpthread.a
LOAD /Users/yeonwoo-kim/HealthHub/nacl_sdk/pepper_49/toolchain/mac_pnacl/bin/../arm-nacl/lib/libc++.a
LOAD /Users/yeonwoo-kim/HealthHub/nacl_sdk/pepper_49/toolchain/mac_pnacl/bin/../arm-nacl/lib/libm.a
START GROUP
LOAD /Users/yeonwoo-kim/HealthHub/nacl_sdk/pepper_49/toolchain/mac_pnacl/bin/../arm-nacl/lib/libc.a
START GROUP
LOAD /Users/yeonwoo-kim/HealthHub/nacl_sdk/pepper_49/toolchain/mac_pnacl/bin/../arm-nacl/lib/libnacl.a
LOAD /Users/yeonwoo-kim/HealthHub/nacl_sdk/pepper_49/toolchain/mac_pnacl/bin/../arm-nacl/lib/libcrt_common.a
END GROUP
LOAD /Users/yeonwoo-kim/HealthHub/nacl_sdk/pepper_49/toolchain/mac_pnacl/bin/../arm-nacl/lib/libpthread.a
LOAD /Users/yeonwoo-kim/HealthHub/nacl_sdk/pepper_49/toolchain/mac_pnacl/bin/../lib/clang/3.7.0/lib/arm-nacl/libgcc.a
LOAD /Users/yeonwoo-kim/HealthHub/nacl_sdk/pepper_49/toolchain/mac_pnacl/bin/../lib/clang/3.7.0/lib/arm-nacl/libgcc_eh.a
END GROUP
LOAD /Users/yeonwoo-kim/HealthHub/nacl_sdk/pepper_49/toolchain/mac_pnacl/bin/../lib/clang/3.7.0/lib/arm-nacl/crtend.o
LOAD /Users/yeonwoo-kim/HealthHub/nacl_sdk/pepper_49/toolchain/mac_pnacl/bin/../arm-nacl/lib/crtn.o
                0x0000000000020000                PROVIDE (__executable_start, 0x20000)
                0x0000000000020000                . = 0x20000

.init
 *(SORT(.init))

.plt
 *(.plt)

.iplt           0x0000000000020000        0x0
 *(.iplt)
 .iplt          0x0000000000020000        0x0 /Users/yeonwoo-kim/HealthHub/nacl_sdk/pepper_49/toolchain/mac_pnacl/bin/../arm-nacl/lib/crti.o

.text           0x0000000000020000    0x23920
 *(.text.unlikely .text.*_unlikely .text.unlikely.*)
 *(.text.exit .text.exit.*)
 .text.exit     0x0000000000020000       0x60 /Users/yeonwoo-kim/HealthHub/nacl_sdk/pepper_49/toolchain/mac_pnacl/bin/../arm-nacl/lib/libcrt_common.a(lib_a-exit.o)
                0x0000000000020000                exit
 *(.text.startup .text.startup.*)
 *(.text.hot .text.hot.*)
 *(.text .stub .text.* .gnu.linkonce.t.*)
 .text          0x0000000000020060       0x20 /Users/yeonwoo-kim/HealthHub/nacl_sdk/pepper_49/toolchain/mac_pnacl/bin/../arm-nacl/lib/crti.o
                0x0000000000020060                _init
                0x0000000000020070                _fini
 .text          0x0000000000020080       0x30 /Users/yeonwoo-kim/HealthHub/nacl_sdk/pepper_49/toolchain/mac_pnacl/bin/../lib/clang/3.7.0/lib/arm-nacl/crtbeginT.o
 .text          0x00000000000200b0      0x5c0 clang-newlib/Release/debugging_arm.o
                0x00000000000200b0                layer5
                0x00000000000200e0                layer4
                0x0000000000020110                layer3
                0x0000000000020140                layer2
                0x0000000000020170                layer1
                0x00000000000201a0                NexeMain
                0x0000000000020200                PostMessage
                0x0000000000020390                DumpJson
                0x0000000000020400                PPP_InitializeModule
                0x0000000000020480                PPP_GetInterface
                0x0000000000020660                PPP_ShutdownModule
 .text          0x0000000000020670      0x830 /Users/yeonwoo-kim/HealthHub/nacl_sdk/pepper_49/lib/clang-newlib_arm/Release/liberror_handling.a(error_handling_arm.o)
                0x0000000000020670                EHGetTopFrame
                0x00000000000206c0                EHUnwindFrame
                0x0000000000020740                EHDefaultJsonHandler
                0x0000000000020a40                EHRequestExceptionsRaw
                0x0000000000020c50                EHRequestExceptionStackOnThread
                0x0000000000020e20                EHRequestExceptionsJson
                0x0000000000020e80                EHHanderInstalled
 .text          0x0000000000020ea0      0x1c0 /Users/yeonwoo-kim/HealthHub/nacl_sdk/pepper_49/lib/clang-newlib_arm/Release/liberror_handling.a(string_stream_arm.o)
                0x0000000000020ea0                ssinit
                0x0000000000020ec0                ssfree
                0x0000000000020f00                ssvprintf
                0x0000000000021000                ssprintf
 .text          0x0000000000021060       0x10 /Users/yeonwoo-kim/HealthHub/nacl_sdk/pepper_49/toolchain/mac_pnacl/bin/../arm-nacl/lib/libppapi_stub.a(plugin_main_irt_21ce9d26.o)
                0x0000000000021060                main
 .text          0x0000000000021070       0x30 /Users/yeonwoo-kim/HealthHub/nacl_sdk/pepper_49/toolchain/mac_pnacl/bin/../arm-nacl/lib/libppapi_stub.a(ppapi_plugin_main_399d0cf7.o)
                0x0000000000021070                PpapiPluginMain
 .text          0x00000000000210a0      0x160 /Users/yeonwoo-kim/HealthHub/nacl_sdk/pepper_49/toolchain/mac_pnacl/bin/../arm-nacl/lib/libppapi_stub.a(ppapi_plugin_start_8da67623.o)
                0x00000000000210a0                PpapiPluginStart
 .text          0x0000000000021200       0x60 /Users/yeonwoo-kim/HealthHub/nacl_sdk/pepper_49/toolchain/mac_pnacl/bin/../arm-nacl/lib/libppapi_stub.a(thread_creator_ccf263e1.o)
                0x0000000000021200                __nacl_register_thread_creator
 .text          0x0000000000021260     0x1908 /Users/yeonwoo-kim/HealthHub/nacl_sdk/pepper_49/toolchain/mac_pnacl/bin/../arm-nacl/lib/libpthread.a(nc_thread.o)
                0x0000000000021260                __nc_initialize_globals
                0x0000000000021320                __nc_initialize_unjoinable_thread
                0x00000000000213d0                __pthread_initialize
                0x0000000000021540                pthread_create
                0x0000000000021b80                pthread_cleanup_push
                0x0000000000021c00                pthread_cleanup_pop
                0x0000000000021cb0                pthread_exit
                0x00000000000221b0                __nc_tsd_exit
                0x00000000000222d0                pthread_join
                0x0000000000022410                pthread_self
                0x0000000000022440                pthread_detach
                0x00000000000224f0                pthread_kill
                0x0000000000022500                pthread_equal
                0x0000000000022520                pthread_setschedprio
                0x0000000000022570                pthread_attr_init
                0x00000000000225a0                pthread_attr_destroy
                0x00000000000225c0                pthread_attr_setdetachstate
                0x00000000000225f0                pthread_attr_getdetachstate
                0x0000000000022610                pthread_attr_setscope
                0x0000000000022630                pthread_attr_getscope
                0x0000000000022650                pthread_attr_setstacksize
                0x0000000000022680                pthread_attr_getstacksize
                0x00000000000226b0                __local_lock_init
                0x0000000000022720                __local_lock_init_recursive
                0x0000000000022790                __local_lock_close
                0x00000000000227a0                __local_lock_close_recursive
                0x00000000000227b0                __local_lock_acquire
                0x00000000000227e0                __local_lock_acquire_recursive
                0x0000000000022810                __local_lock_try_acquire
                0x0000000000022850                __local_lock_try_acquire_recursive
                0x0000000000022890                __local_lock_release
                0x00000000000228c0                __local_lock_release_recursive
                0x00000000000228f0                pthread_key_create
                0x0000000000022990                pthread_key_delete
                0x0000000000022a20                pthread_setspecific
                0x0000000000022af0                pthread_getspecific
 *fill*         0x0000000000022b68        0x8 
 .text          0x0000000000022b70      0x9e8 /Users/yeonwoo-kim/HealthHub/nacl_sdk/pepper_49/toolchain/mac_pnacl/bin/../arm-nacl/lib/libpthread.a(nc_mutex.o)
                0x0000000000022b70                pthread_mutex_init
                0x0000000000022bb0                pthread_mutex_destroy
                0x0000000000022c00                pthread_mutex_trylock
                0x0000000000022d10                pthread_mutex_lock
                0x0000000000022f50                pthread_mutex_timedlock
                0x0000000000023200                pthread_mutex_unlock
                0x0000000000023330                pthread_once
                0x00000000000234a0                pthread_mutexattr_init
                0x00000000000234c0                pthread_mutexattr_destroy
                0x00000000000234d0                pthread_mutexattr_settype
                0x0000000000023500                pthread_mutexattr_gettype
                0x0000000000023520                pthread_mutexattr_setpshared
                0x0000000000023540                pthread_mutexattr_getpshared
 *fill*         0x0000000000023558        0x8 
 .text          0x0000000000023560      0x2ec /Users/yeonwoo-kim/HealthHub/nacl_sdk/pepper_49/toolchain/mac_pnacl/bin/../arm-nacl/lib/libpthread.a(nc_condvar.o)
                0x0000000000023560                pthread_cond_init
                0x0000000000023580                pthread_cond_destroy
                0x0000000000023590                pthread_cond_signal
                0x0000000000023610                pthread_cond_broadcast
                0x0000000000023690                pthread_cond_wait
                0x0000000000023710                pthread_cond_timedwait_abs
                0x00000000000237b0                pthread_condattr_init
                0x00000000000237c0                pthread_condattr_destroy
                0x00000000000237d0                pthread_condattr_getpshared
                0x00000000000237f0                pthread_condattr_setpshared
                0x0000000000023810                pthread_condattr_getclock
                0x0000000000023830                pthread_condattr_setclock
 *fill*         0x000000000002384c        0x4 
 .text          0x0000000000023850      0x2c8 /Users/yeonwoo-kim/HealthHub/nacl_sdk/pepper_49/toolchain/mac_pnacl/bin/../arm-nacl/lib/libpthread.a(valgrind_annotations.o)
                0x0000000000023850                NACL_AnnotateRWLockCreate
                0x0000000000023860                NACL_AnnotateRWLockDestroy
                0x0000000000023870                NACL_AnnotateRWLockAcquired
                0x0000000000023880                NACL_AnnotateRWLockReleased
                0x0000000000023890                NACL_AnnotateBarrierInit
                0x00000000000238a0                NACL_AnnotateBarrierWaitBefore
                0x00000000000238b0                NACL_AnnotateBarrierWaitAfter
                0x00000000000238c0                NACL_AnnotateBarrierDestroy
                0x00000000000238d0                NACL_AnnotateCondVarWait
                0x00000000000238e0                NACL_AnnotateCondVarSignal
                0x00000000000238f0                NACL_AnnotateCondVarSignalAll
                0x0000000000023900                NACL_AnnotateHappensBefore
                0x0000000000023910                NACL_AnnotateHappensAfter
                0x0000000000023920                NACL_AnnotatePublishMemoryRange
                0x0000000000023930                NACL_AnnotateUnpublishMemoryRange
                0x0000000000023940                NACL_AnnotatePCQCreate
                0x0000000000023950                NACL_AnnotatePCQDestroy
                0x0000000000023960                NACL_AnnotatePCQPut
                0x0000000000023970                NACL_AnnotatePCQGet
                0x0000000000023980                NACL_AnnotateNewMemory
                0x0000000000023990                NACL_AnnotateExpectRace
                0x00000000000239a0                NACL_AnnotateFlushExpectedRaces
                0x00000000000239b0                NACL_AnnotateBenignRace
                0x00000000000239c0                NACL_AnnotateBenignRaceSized
                0x00000000000239d0                NACL_AnnotateMutexIsUsedAsCondVar
                0x00000000000239e0                NACL_AnnotateMutexIsNotPHB
                0x00000000000239f0                NACL_AnnotateTraceMemory
                0x0000000000023a00                NACL_AnnotateThreadName
                0x0000000000023a10                NACL_AnnotateIgnoreReadsBegin
                0x0000000000023a20                NACL_AnnotateIgnoreReadsEnd
                0x0000000000023a30                NACL_AnnotateIgnoreWritesBegin
                0x0000000000023a40                NACL_AnnotateIgnoreWritesEnd
                0x0000000000023a50                NACL_AnnotateIgnoreSyncBegin
                0x0000000000023a60                NACL_AnnotateIgnoreSyncEnd
                0x0000000000023a70                NACL_AnnotateEnableRaceDetection
                0x0000000000023a80                NACL_AnnotateNoOp
                0x0000000000023a90                NACL_AnnotateFlushState
                0x0000000000023aa0                RunningOnValgrind
 *fill*         0x0000000000023b18        0x8 
 .text          0x0000000000023b20       0x54 /Users/yeonwoo-kim/HealthHub/nacl_sdk/pepper_49/toolchain/mac_pnacl/bin/../arm-nacl/lib/libpthread.a(nc_init_irt.o)
                0x0000000000023b20                __nc_initialize_interfaces
 *fill*         0x0000000000023b74        0xc 
 .text          0x0000000000023b80      0x270 /Users/yeonwoo-kim/HealthHub/nacl_sdk/pepper_49/toolchain/mac_pnacl/bin/../arm-nacl/lib/libnacl.a(nacl_irt.o)
                0x0000000000023c00                __libnacl_irt_query
                0x0000000000023d00                __libnacl_mandatory_irt_query
                0x0000000000023d80                __libnacl_irt_init_fn
 .text          0x0000000000023df0       0x34 /Users/yeonwoo-kim/HealthHub/nacl_sdk/pepper_49/toolchain/mac_pnacl/bin/../arm-nacl/lib/libnacl.a(_exit.o)
                0x0000000000023df0                _exit
 *fill*         0x0000000000023e24        0xc 
 .text          0x0000000000023e30       0x88 /Users/yeonwoo-kim/HealthHub/nacl_sdk/pepper_49/toolchain/mac_pnacl/bin/../arm-nacl/lib/libnacl.a(mmap.o)
                0x0000000000023e30                mmap
 *fill*         0x0000000000023eb8        0x8 
 .text          0x0000000000023ec0       0x78 /Users/yeonwoo-kim/HealthHub/nacl_sdk/pepper_49/toolchain/mac_pnacl/bin/../arm-nacl/lib/libnacl.a(munmap.o)
                0x0000000000023ec0                munmap
 *fill*         0x0000000000023f38        0x8 
 .text          0x0000000000023f40       0x28 /Users/yeonwoo-kim/HealthHub/nacl_sdk/pepper_49/toolchain/mac_pnacl/bin/../arm-nacl/lib/libnacl.a(nacl_interface_query.o)
                0x0000000000023f40                nacl_interface_query
 *fill*         0x0000000000023f68        0x8 
 .text          0x0000000000023f70       0x68 /Users/yeonwoo-kim/HealthHub/nacl_sdk/pepper_49/toolchain/mac_pnacl/bin/../arm-nacl/lib/libnacl.a(write.o)
                0x0000000000023f70                write
 .text          0x0000000000023fd8        0x0 /Users/yeonwoo-kim/HealthHub/nacl_sdk/pepper_49/toolchain/mac_pnacl/bin/../arm-nacl/lib/libnacl.a(environ.o)
 *fill*         0x0000000000023fd8        0x8 
 .text          0x0000000000023fe0     0x6724 /Users/yeonwoo-kim/HealthHub/nacl_sdk/pepper_49/toolchain/mac_pnacl/bin/../arm-nacl/lib/libnacl.a(malloc.o)
                0x0000000000023fe0                malloc
                0x00000000000261b0                free
                0x00000000000276e0                calloc
                0x0000000000027780                realloc
                0x0000000000027f20                realloc_in_place
                0x0000000000028070                memalign
                0x0000000000028390                posix_memalign
                0x0000000000028440                valloc
                0x00000000000285e0                pvalloc
                0x0000000000028790                independent_calloc
                0x0000000000028ce0                independent_comalloc
                0x0000000000028cf0                bulk_free
                0x0000000000028f10                malloc_trim
                0x0000000000029170                malloc_footprint
                0x0000000000029190                malloc_max_footprint
                0x00000000000291b0                malloc_footprint_limit
                0x00000000000291d0                malloc_set_footprint_limit
                0x0000000000029220                mallinfo
                0x00000000000295c0                malloc_stats
                0x0000000000029960                mallopt
                0x0000000000029b50                malloc_usable_size
                0x0000000000029ba0                _malloc_r
                0x0000000000029bb0                _calloc_r
                0x0000000000029c50                _realloc_r
                0x0000000000029c60                _free_r
 *fill*         0x000000000002a704        0xc 
 .text          0x000000000002a710       0xe8 /Users/yeonwoo-kim/HealthHub/nacl_sdk/pepper_49/toolchain/mac_pnacl/bin/../arm-nacl/lib/libnacl.a(start.o)
                0x000000000002a710                _start
 *fill*         0x000000000002a7f8        0x8 
 .text          0x000000000002a800        0x4 /Users/yeonwoo-kim/HealthHub/nacl_sdk/pepper_49/toolchain/mac_pnacl/bin/../arm-nacl/lib/libnacl.a(nacl_read_tp.o)
                0x000000000002a800                __nacl_read_tp
 *fill*         0x000000000002a804        0xc 
 .text          0x000000000002a810       0xa0 /Users/yeonwoo-kim/HealthHub/nacl_sdk/pepper_49/toolchain/mac_pnacl/bin/../arm-nacl/lib/libnacl.a(pthread_initialize_minimal.o)
                0x000000000002a810                __pthread_initialize_minimal
 .text          0x000000000002a8b0      0x338 /Users/yeonwoo-kim/HealthHub/nacl_sdk/pepper_49/toolchain/mac_pnacl/bin/../arm-nacl/lib/libnacl.a(tls.o)
                0x000000000002a8b0                __tls_get_addr
                0x000000000002a8f0                __nacl_tls_initialize_memory
                0x000000000002ab90                __nacl_tls_combined_size
 *fill*         0x000000000002abe8        0x8 
 .text          0x000000000002abf0      0x16c /Users/yeonwoo-kim/HealthHub/nacl_sdk/pepper_49/toolchain/mac_pnacl/bin/../arm-nacl/lib/libnacl.a(nacl_irt_init.o)
                0x000000000002abf0                __libnacl_irt_init
 *fill*         0x000000000002ad5c        0x4 
 .text          0x000000000002ad60       0x18 /Users/yeonwoo-kim/HealthHub/nacl_sdk/pepper_49/toolchain/mac_pnacl/bin/../arm-nacl/lib/libnacl.a(nacl_tls_get.o)
                0x000000000002ad60                nacl_tls_get
 *fill*         0x000000000002ad78        0x8 
 .text          0x000000000002ad80       0x18 /Users/yeonwoo-kim/HealthHub/nacl_sdk/pepper_49/toolchain/mac_pnacl/bin/../arm-nacl/lib/libnacl.a(nacl_tls_init.o)
                0x000000000002ad80                nacl_tls_init
 *fill*         0x000000000002ad98        0x8 
 .text          0x000000000002ada0       0x24 /Users/yeonwoo-kim/HealthHub/nacl_sdk/pepper_49/toolchain/mac_pnacl/bin/../arm-nacl/lib/libnacl.a(abort.o)
                0x000000000002ada0                abort
 *fill*         0x000000000002adc4        0xc 
 .text          0x000000000002add0       0x78 /Users/yeonwoo-kim/HealthHub/nacl_sdk/pepper_49/toolchain/mac_pnacl/bin/../arm-nacl/lib/libnacl.a(sched_yield.o)
                0x000000000002add0                sched_yield
 *fill*         0x000000000002ae48        0x8 
 .text          0x000000000002ae50       0x68 /Users/yeonwoo-kim/HealthHub/nacl_sdk/pepper_49/toolchain/mac_pnacl/bin/../arm-nacl/lib/libnacl.a(sysconf.o)
                0x000000000002ae50                sysconf
 .text          0x000000000002aeb8        0x0 /Users/yeonwoo-kim/HealthHub/nacl_sdk/pepper_49/toolchain/mac_pnacl/bin/../arm-nacl/lib/libcrt_common.a(lib_a-atexit.o)
 *fill*         0x000000000002aeb8        0x8 
 .text.atexit   0x000000000002aec0       0x20 /Users/yeonwoo-kim/HealthHub/nacl_sdk/pepper_49/toolchain/mac_pnacl/bin/../arm-nacl/lib/libcrt_common.a(lib_a-atexit.o)
                0x000000000002aec0                atexit
 .text          0x000000000002aee0        0x0 /Users/yeonwoo-kim/HealthHub/nacl_sdk/pepper_49/toolchain/mac_pnacl/bin/../arm-nacl/lib/libcrt_common.a(lib_a-errno.o)
 .text.__errno  0x000000000002aee0       0x50 /Users/yeonwoo-kim/HealthHub/nacl_sdk/pepper_49/toolchain/mac_pnacl/bin/../arm-nacl/lib/libcrt_common.a(lib_a-errno.o)
                0x000000000002aee0                __errno
 .text          0x000000000002af30        0x0 /Users/yeonwoo-kim/HealthHub/nacl_sdk/pepper_49/toolchain/mac_pnacl/bin/../arm-nacl/lib/libcrt_common.a(lib_a-exit.o)
 .text          0x000000000002af30        0x0 /Users/yeonwoo-kim/HealthHub/nacl_sdk/pepper_49/toolchain/mac_pnacl/bin/../arm-nacl/lib/libcrt_common.a(lib_a-fflush.o)
 .text.__sflush_r
                0x000000000002af30      0x300 /Users/yeonwoo-kim/HealthHub/nacl_sdk/pepper_49/toolchain/mac_pnacl/bin/../arm-nacl/lib/libcrt_common.a(lib_a-fflush.o)
                0x000000000002af30                __sflush_r
 .text._fflush_r
                0x000000000002b230       0xc0 /Users/yeonwoo-kim/HealthHub/nacl_sdk/pepper_49/toolchain/mac_pnacl/bin/../arm-nacl/lib/libcrt_common.a(lib_a-fflush.o)
                0x000000000002b230                _fflush_r
 .text.fflush   0x000000000002b2f0      0x110 /Users/yeonwoo-kim/HealthHub/nacl_sdk/pepper_49/toolchain/mac_pnacl/bin/../arm-nacl/lib/libcrt_common.a(lib_a-fflush.o)
                0x000000000002b2f0                fflush
 .text          0x000000000002b400        0x0 /Users/yeonwoo-kim/HealthHub/nacl_sdk/pepper_49/toolchain/mac_pnacl/bin/../arm-nacl/lib/libcrt_common.a(lib_a-findfp.o)
 .text.__sfmoreglue
                0x000000000002b400       0x70 /Users/yeonwoo-kim/HealthHub/nacl_sdk/pepper_49/toolchain/mac_pnacl/bin/../arm-nacl/lib/libcrt_common.a(lib_a-findfp.o)
                0x000000000002b400                __sfmoreglue
 .text.__sfp    0x000000000002b470      0x200 /Users/yeonwoo-kim/HealthHub/nacl_sdk/pepper_49/toolchain/mac_pnacl/bin/../arm-nacl/lib/libcrt_common.a(lib_a-findfp.o)
                0x000000000002b470                __sfp
 .text.__sinit  0x000000000002b670      0x350 /Users/yeonwoo-kim/HealthHub/nacl_sdk/pepper_49/toolchain/mac_pnacl/bin/../arm-nacl/lib/libcrt_common.a(lib_a-findfp.o)
                0x000000000002b670                __sinit
 .text.__sfp_lock_acquire
                0x000000000002b9c0       0x10 /Users/yeonwoo-kim/HealthHub/nacl_sdk/pepper_49/toolchain/mac_pnacl/bin/../arm-nacl/lib/libcrt_common.a(lib_a-findfp.o)
                0x000000000002b9c0                __sfp_lock_acquire
 .text.__sfp_lock_release
                0x000000000002b9d0       0x10 /Users/yeonwoo-kim/HealthHub/nacl_sdk/pepper_49/toolchain/mac_pnacl/bin/../arm-nacl/lib/libcrt_common.a(lib_a-findfp.o)
                0x000000000002b9d0                __sfp_lock_release
 .text._cleanup_r
                0x000000000002b9e0       0x10 /Users/yeonwoo-kim/HealthHub/nacl_sdk/pepper_49/toolchain/mac_pnacl/bin/../arm-nacl/lib/libcrt_common.a(lib_a-findfp.o)
                0x000000000002b9e0                _cleanup_r
 .text._cleanup
                0x000000000002b9f0       0x20 /Users/yeonwoo-kim/HealthHub/nacl_sdk/pepper_49/toolchain/mac_pnacl/bin/../arm-nacl/lib/libcrt_common.a(lib_a-findfp.o)
                0x000000000002b9f0                _cleanup
 .text.__sinit_lock_acquire
                0x000000000002ba10       0x10 /Users/yeonwoo-kim/HealthHub/nacl_sdk/pepper_49/toolchain/mac_pnacl/bin/../arm-nacl/lib/libcrt_common.a(lib_a-findfp.o)
                0x000000000002ba10                __sinit_lock_acquire
 .text.__sinit_lock_release
                0x000000000002ba20       0x10 /Users/yeonwoo-kim/HealthHub/nacl_sdk/pepper_49/toolchain/mac_pnacl/bin/../arm-nacl/lib/libcrt_common.a(lib_a-findfp.o)
                0x000000000002ba20                __sinit_lock_release
 .text.__fp_lock_all
                0x000000000002ba30       0x70 /Users/yeonwoo-kim/HealthHub/nacl_sdk/pepper_49/toolchain/mac_pnacl/bin/../arm-nacl/lib/libcrt_common.a(lib_a-findfp.o)
                0x000000000002ba30                __fp_lock_all
 .text.__fp_lock
                0x000000000002baa0       0x50 /Users/yeonwoo-kim/HealthHub/nacl_sdk/pepper_49/toolchain/mac_pnacl/bin/../arm-nacl/lib/libcrt_common.a(lib_a-findfp.o)
 .text.__fp_unlock_all
                0x000000000002baf0       0x70 /Users/yeonwoo-kim/HealthHub/nacl_sdk/pepper_49/toolchain/mac_pnacl/bin/../arm-nacl/lib/libcrt_common.a(lib_a-findfp.o)
                0x000000000002baf0                __fp_unlock_all
 .text.__fp_unlock
                0x000000000002bb60       0x50 /Users/yeonwoo-kim/HealthHub/nacl_sdk/pepper_49/toolchain/mac_pnacl/bin/../arm-nacl/lib/libcrt_common.a(lib_a-findfp.o)
 .text          0x000000000002bbb0        0x0 /Users/yeonwoo-kim/HealthHub/nacl_sdk/pepper_49/toolchain/mac_pnacl/bin/../arm-nacl/lib/libcrt_common.a(lib_a-fini.o)
 .text.__libc_fini_array
                0x000000000002bbb0       0x60 /Users/yeonwoo-kim/HealthHub/nacl_sdk/pepper_49/toolchain/mac_pnacl/bin/../arm-nacl/lib/libcrt_common.a(lib_a-fini.o)
                0x000000000002bbb0                __libc_fini_array
 .text          0x000000000002bc10        0x0 /Users/yeonwoo-kim/HealthHub/nacl_sdk/pepper_49/toolchain/mac_pnacl/bin/../arm-nacl/lib/libcrt_common.a(lib_a-fprintf.o)
 .text._fprintf_r
                0x000000000002bc10       0x50 /Users/yeonwoo-kim/HealthHub/nacl_sdk/pepper_49/toolchain/mac_pnacl/bin/../arm-nacl/lib/libcrt_common.a(lib_a-fprintf.o)
                0x000000000002bc10                _fprintf_r
 .text.fprintf  0x000000000002bc60       0x90 /Users/yeonwoo-kim/HealthHub/nacl_sdk/pepper_49/toolchain/mac_pnacl/bin/../arm-nacl/lib/libcrt_common.a(lib_a-fprintf.o)
                0x000000000002bc60                fprintf
 .text          0x000000000002bcf0        0x0 /Users/yeonwoo-kim/HealthHub/nacl_sdk/pepper_49/toolchain/mac_pnacl/bin/../arm-nacl/lib/libcrt_common.a(lib_a-fwalk.o)
 .text._fwalk   0x000000000002bcf0      0x110 /Users/yeonwoo-kim/HealthHub/nacl_sdk/pepper_49/toolchain/mac_pnacl/bin/../arm-nacl/lib/libcrt_common.a(lib_a-fwalk.o)
                0x000000000002bcf0                _fwalk
 .text._fwalk_reent
                0x000000000002be00       0xe0 /Users/yeonwoo-kim/HealthHub/nacl_sdk/pepper_49/toolchain/mac_pnacl/bin/../arm-nacl/lib/libcrt_common.a(lib_a-fwalk.o)
                0x000000000002be00                _fwalk_reent
 .text          0x000000000002bee0        0x0 /Users/yeonwoo-kim/HealthHub/nacl_sdk/pepper_49/toolchain/mac_pnacl/bin/../arm-nacl/lib/libcrt_common.a(lib_a-fwrite.o)
 .text._fwrite_r
                0x000000000002bee0      0x170 /Users/yeonwoo-kim/HealthHub/nacl_sdk/pepper_49/toolchain/mac_pnacl/bin/../arm-nacl/lib/libcrt_common.a(lib_a-fwrite.o)
                0x000000000002bee0                _fwrite_r
 .text.fwrite   0x000000000002c050       0x80 /Users/yeonwoo-kim/HealthHub/nacl_sdk/pepper_49/toolchain/mac_pnacl/bin/../arm-nacl/lib/libcrt_common.a(lib_a-fwrite.o)
                0x000000000002c050                fwrite
 .text          0x000000000002c0d0        0x0 /Users/yeonwoo-kim/HealthHub/nacl_sdk/pepper_49/toolchain/mac_pnacl/bin/../arm-nacl/lib/libcrt_common.a(lib_a-getenv.o)
 .text._findenv
                0x000000000002c0d0       0x50 /Users/yeonwoo-kim/HealthHub/nacl_sdk/pepper_49/toolchain/mac_pnacl/bin/../arm-nacl/lib/libcrt_common.a(lib_a-getenv.o)
                0x000000000002c0d0                _findenv
 .text.getenv   0x000000000002c120       0x70 /Users/yeonwoo-kim/HealthHub/nacl_sdk/pepper_49/toolchain/mac_pnacl/bin/../arm-nacl/lib/libcrt_common.a(lib_a-getenv.o)
                0x000000000002c120                getenv
 .text          0x000000000002c190        0x0 /Users/yeonwoo-kim/HealthHub/nacl_sdk/pepper_49/toolchain/mac_pnacl/bin/../arm-nacl/lib/libcrt_common.a(lib_a-getenv_r.o)
 .text._findenv_r
                0x000000000002c190      0x110 /Users/yeonwoo-kim/HealthHub/nacl_sdk/pepper_49/toolchain/mac_pnacl/bin/../arm-nacl/lib/libcrt_common.a(lib_a-getenv_r.o)
                0x000000000002c190                _findenv_r
 .text._getenv_r
                0x000000000002c2a0       0x40 /Users/yeonwoo-kim/HealthHub/nacl_sdk/pepper_49/toolchain/mac_pnacl/bin/../arm-nacl/lib/libcrt_common.a(lib_a-getenv_r.o)
                0x000000000002c2a0                _getenv_r
 .text          0x000000000002c2e0        0x0 /Users/yeonwoo-kim/HealthHub/nacl_sdk/pepper_49/toolchain/mac_pnacl/bin/../arm-nacl/lib/libcrt_common.a(lib_a-impure.o)
 .text.__newlib_thread_init
                0x000000000002c2e0       0x50 /Users/yeonwoo-kim/HealthHub/nacl_sdk/pepper_49/toolchain/mac_pnacl/bin/../arm-nacl/lib/libcrt_common.a(lib_a-impure.o)
                0x000000000002c2e0                __newlib_thread_init
 .text.__newlib_thread_exit
                0x000000000002c330       0x10 /Users/yeonwoo-kim/HealthHub/nacl_sdk/pepper_49/toolchain/mac_pnacl/bin/../arm-nacl/lib/libcrt_common.a(lib_a-impure.o)
                0x000000000002c330                __newlib_thread_exit
 .text          0x000000000002c340        0x0 /Users/yeonwoo-kim/HealthHub/nacl_sdk/pepper_49/toolchain/mac_pnacl/bin/../arm-nacl/lib/libcrt_common.a(lib_a-init.o)
 .text.__libc_init_array
                0x000000000002c340       0xd0 /Users/yeonwoo-kim/HealthHub/nacl_sdk/pepper_49/toolchain/mac_pnacl/bin/../arm-nacl/lib/libcrt_common.a(lib_a-init.o)
                0x000000000002c340                __libc_init_array
 .text          0x000000000002c410        0x0 /Users/yeonwoo-kim/HealthHub/nacl_sdk/pepper_49/toolchain/mac_pnacl/bin/../arm-nacl/lib/libcrt_common.a(lib_a-memset.o)
 .text.memset   0x000000000002c410      0x1c0 /Users/yeonwoo-kim/HealthHub/nacl_sdk/pepper_49/toolchain/mac_pnacl/bin/../arm-nacl/lib/libcrt_common.a(lib_a-memset.o)
                0x000000000002c410                memset
 .text          0x000000000002c5d0        0x0 /Users/yeonwoo-kim/HealthHub/nacl_sdk/pepper_49/toolchain/mac_pnacl/bin/../arm-nacl/lib/libcrt_common.a(lib_a-sleep.o)
 .text.sleep    0x000000000002c5d0       0x70 /Users/yeonwoo-kim/HealthHub/nacl_sdk/pepper_49/toolchain/mac_pnacl/bin/../arm-nacl/lib/libcrt_common.a(lib_a-sleep.o)
                0x000000000002c5d0                sleep
 .text          0x000000000002c640        0x0 /Users/yeonwoo-kim/HealthHub/nacl_sdk/pepper_49/toolchain/mac_pnacl/bin/../arm-nacl/lib/libcrt_common.a(lib_a-stdio.o)
 .text.__sread  0x000000000002c640       0x80 /Users/yeonwoo-kim/HealthHub/nacl_sdk/pepper_49/toolchain/mac_pnacl/bin/../arm-nacl/lib/libcrt_common.a(lib_a-stdio.o)
                0x000000000002c640                __sread
 .text.__seofread
                0x000000000002c6c0       0x10 /Users/yeonwoo-kim/HealthHub/nacl_sdk/pepper_49/toolchain/mac_pnacl/bin/../arm-nacl/lib/libcrt_common.a(lib_a-stdio.o)
                0x000000000002c6c0                __seofread
 .text.__swrite
                0x000000000002c6d0       0x90 /Users/yeonwoo-kim/HealthHub/nacl_sdk/pepper_49/toolchain/mac_pnacl/bin/../arm-nacl/lib/libcrt_common.a(lib_a-stdio.o)
                0x000000000002c6d0                __swrite
 .text.__sseek  0x000000000002c760       0x90 /Users/yeonwoo-kim/HealthHub/nacl_sdk/pepper_49/toolchain/mac_pnacl/bin/../arm-nacl/lib/libcrt_common.a(lib_a-stdio.o)
                0x000000000002c760                __sseek
 .text.__sclose
                0x000000000002c7f0       0x10 /Users/yeonwoo-kim/HealthHub/nacl_sdk/pepper_49/toolchain/mac_pnacl/bin/../arm-nacl/lib/libcrt_common.a(lib_a-stdio.o)
                0x000000000002c7f0                __sclose
 .text          0x000000000002c800        0x0 /Users/yeonwoo-kim/HealthHub/nacl_sdk/pepper_49/toolchain/mac_pnacl/bin/../arm-nacl/lib/libcrt_common.a(lib_a-strcat.o)
 .text.strcat   0x000000000002c800       0x90 /Users/yeonwoo-kim/HealthHub/nacl_sdk/pepper_49/toolchain/mac_pnacl/bin/../arm-nacl/lib/libcrt_common.a(lib_a-strcat.o)
                0x000000000002c800                strcat
 *fill*         0x000000000002c890       0x10 
 .text          0x000000000002c8a0      0x460 /Users/yeonwoo-kim/HealthHub/nacl_sdk/pepper_49/toolchain/mac_pnacl/bin/../arm-nacl/lib/libcrt_common.a(lib_a-strcmp.o)
                0x000000000002c8b0                strcmp
 .text          0x000000000002cd00        0x0 /Users/yeonwoo-kim/HealthHub/nacl_sdk/pepper_49/toolchain/mac_pnacl/bin/../arm-nacl/lib/libcrt_common.a(lib_a-strcpy.o)
 .text.strcpy   0x000000000002cd00      0x160 /Users/yeonwoo-kim/HealthHub/nacl_sdk/pepper_49/toolchain/mac_pnacl/bin/../arm-nacl/lib/libcrt_common.a(lib_a-strcpy.o)
                0x000000000002cd00                strcpy
 *fill*         0x000000000002ce60       0x20 
 .text          0x000000000002ce80      0x140 /Users/yeonwoo-kim/HealthHub/nacl_sdk/pepper_49/toolchain/mac_pnacl/bin/../arm-nacl/lib/libcrt_common.a(lib_a-strlen-armv7.o)
                0x000000000002ce80                strlen
 .text          0x000000000002cfc0        0x0 /Users/yeonwoo-kim/HealthHub/nacl_sdk/pepper_49/toolchain/mac_pnacl/bin/../arm-nacl/lib/libcrt_common.a(lib_a-strncmp.o)
 .text.strncmp  0x000000000002cfc0      0x100 /Users/yeonwoo-kim/HealthHub/nacl_sdk/pepper_49/toolchain/mac_pnacl/bin/../arm-nacl/lib/libcrt_common.a(lib_a-strncmp.o)
                0x000000000002cfc0                strncmp
 .text          0x000000000002d0c0        0x0 /Users/yeonwoo-kim/HealthHub/nacl_sdk/pepper_49/toolchain/mac_pnacl/bin/../arm-nacl/lib/libcrt_common.a(lib_a-vfprintf.o)
 .text.vfprintf
                0x000000000002d0c0       0x60 /Users/yeonwoo-kim/HealthHub/nacl_sdk/pepper_49/toolchain/mac_pnacl/bin/../arm-nacl/lib/libcrt_common.a(lib_a-vfprintf.o)
                0x000000000002d0c0                vfprintf
 .text._vfprintf_r
                0x000000000002d120     0x35a0 /Users/yeonwoo-kim/HealthHub/nacl_sdk/pepper_49/toolchain/mac_pnacl/bin/../arm-nacl/lib/libcrt_common.a(lib_a-vfprintf.o)
                0x000000000002d120                _vfprintf_r
 .text.__sbprintf
                0x00000000000306c0      0x160 /Users/yeonwoo-kim/HealthHub/nacl_sdk/pepper_49/toolchain/mac_pnacl/bin/../arm-nacl/lib/libcrt_common.a(lib_a-vfprintf.o)
 .text          0x0000000000030820        0x0 /Users/yeonwoo-kim/HealthHub/nacl_sdk/pepper_49/toolchain/mac_pnacl/bin/../arm-nacl/lib/libcrt_common.a(lib_a-vsnprintf.o)
 .text.vsnprintf
                0x0000000000030820       0xf0 /Users/yeonwoo-kim/HealthHub/nacl_sdk/pepper_49/toolchain/mac_pnacl/bin/../arm-nacl/lib/libcrt_common.a(lib_a-vsnprintf.o)
                0x0000000000030820                vsnprintf
 .text._vsnprintf_r
                0x0000000000030910       0xd0 /Users/yeonwoo-kim/HealthHub/nacl_sdk/pepper_49/toolchain/mac_pnacl/bin/../arm-nacl/lib/libcrt_common.a(lib_a-vsnprintf.o)
                0x0000000000030910                _vsnprintf_r
 .text          0x00000000000309e0        0x0 /Users/yeonwoo-kim/HealthHub/nacl_sdk/pepper_49/toolchain/mac_pnacl/bin/../arm-nacl/lib/libcrt_common.a(lib_a-vsprintf.o)
 .text.vsprintf
                0x00000000000309e0       0xb0 /Users/yeonwoo-kim/HealthHub/nacl_sdk/pepper_49/toolchain/mac_pnacl/bin/../arm-nacl/lib/libcrt_common.a(lib_a-vsprintf.o)
                0x00000000000309e0                vsprintf
 .text._vsprintf_r
                0x0000000000030a90       0x70 /Users/yeonwoo-kim/HealthHub/nacl_sdk/pepper_49/toolchain/mac_pnacl/bin/../arm-nacl/lib/libcrt_common.a(lib_a-vsprintf.o)
                0x0000000000030a90                _vsprintf_r
 .text          0x0000000000030b00        0x0 /Users/yeonwoo-kim/HealthHub/nacl_sdk/pepper_49/toolchain/mac_pnacl/bin/../arm-nacl/lib/libcrt_common.a(lib_a-wcrtomb.o)
 .text._wcrtomb_r
                0x0000000000030b00       0xe0 /Users/yeonwoo-kim/HealthHub/nacl_sdk/pepper_49/toolchain/mac_pnacl/bin/../arm-nacl/lib/libcrt_common.a(lib_a-wcrtomb.o)
                0x0000000000030b00                _wcrtomb_r
 .text.wcrtomb  0x0000000000030be0      0x100 /Users/yeonwoo-kim/HealthHub/nacl_sdk/pepper_49/toolchain/mac_pnacl/bin/../arm-nacl/lib/libcrt_common.a(lib_a-wcrtomb.o)
                0x0000000000030be0                wcrtomb
 .text          0x0000000000030ce0        0x0 /Users/yeonwoo-kim/HealthHub/nacl_sdk/pepper_49/toolchain/mac_pnacl/bin/../arm-nacl/lib/libcrt_common.a(lib_a-wcsrtombs.o)
 .text._wcsrtombs_r
                0x0000000000030ce0       0x50 /Users/yeonwoo-kim/HealthHub/nacl_sdk/pepper_49/toolchain/mac_pnacl/bin/../arm-nacl/lib/libcrt_common.a(lib_a-wcsrtombs.o)
                0x0000000000030ce0                _wcsrtombs_r
 .text.wcsrtombs
                0x0000000000030d30       0x80 /Users/yeonwoo-kim/HealthHub/nacl_sdk/pepper_49/toolchain/mac_pnacl/bin/../arm-nacl/lib/libcrt_common.a(lib_a-wcsrtombs.o)
                0x0000000000030d30                wcsrtombs
 .text          0x0000000000030db0        0x0 /Users/yeonwoo-kim/HealthHub/nacl_sdk/pepper_49/toolchain/mac_pnacl/bin/../arm-nacl/lib/libcrt_common.a(lib_a-wctomb_r.o)
 .text.__ascii_wctomb
                0x0000000000030db0       0x60 /Users/yeonwoo-kim/HealthHub/nacl_sdk/pepper_49/toolchain/mac_pnacl/bin/../arm-nacl/lib/libcrt_common.a(lib_a-wctomb_r.o)
                0x0000000000030db0                __ascii_wctomb
 .text._wctomb_r
                0x0000000000030e10       0x80 /Users/yeonwoo-kim/HealthHub/nacl_sdk/pepper_49/toolchain/mac_pnacl/bin/../arm-nacl/lib/libcrt_common.a(lib_a-wctomb_r.o)
                0x0000000000030e10                _wctomb_r
 .text.__utf8_wctomb
                0x0000000000030e90      0x150 /Users/yeonwoo-kim/HealthHub/nacl_sdk/pepper_49/toolchain/mac_pnacl/bin/../arm-nacl/lib/libcrt_common.a(lib_a-wctomb_r.o)
                0x0000000000030e90                __utf8_wctomb
 .text.__sjis_wctomb
                0x0000000000030fe0       0xa0 /Users/yeonwoo-kim/HealthHub/nacl_sdk/pepper_49/toolchain/mac_pnacl/bin/../arm-nacl/lib/libcrt_common.a(lib_a-wctomb_r.o)
                0x0000000000030fe0                __sjis_wctomb
 .text.__eucjp_wctomb
                0x0000000000031080       0xf0 /Users/yeonwoo-kim/HealthHub/nacl_sdk/pepper_49/toolchain/mac_pnacl/bin/../arm-nacl/lib/libcrt_common.a(lib_a-wctomb_r.o)
                0x0000000000031080                __eucjp_wctomb
 .text.__jis_wctomb
                0x0000000000031170      0x130 /Users/yeonwoo-kim/HealthHub/nacl_sdk/pepper_49/toolchain/mac_pnacl/bin/../arm-nacl/lib/libcrt_common.a(lib_a-wctomb_r.o)
                0x0000000000031170                __jis_wctomb
 .text          0x00000000000312a0        0x0 /Users/yeonwoo-kim/HealthHub/nacl_sdk/pepper_49/toolchain/mac_pnacl/bin/../arm-nacl/lib/libcrt_common.a(lib_a-wsetup.o)
 .text.__swsetup_r
                0x00000000000312a0      0x1e0 /Users/yeonwoo-kim/HealthHub/nacl_sdk/pepper_49/toolchain/mac_pnacl/bin/../arm-nacl/lib/libcrt_common.a(lib_a-wsetup.o)
                0x00000000000312a0                __swsetup_r
 .text          0x0000000000031480        0x0 /Users/yeonwoo-kim/HealthHub/nacl_sdk/pepper_49/toolchain/mac_pnacl/bin/../arm-nacl/lib/libcrt_common.a(lib_a-__atexit.o)
 .text.__register_exitproc
                0x0000000000031480      0x1b0 /Users/yeonwoo-kim/HealthHub/nacl_sdk/pepper_49/toolchain/mac_pnacl/bin/../arm-nacl/lib/libcrt_common.a(lib_a-__atexit.o)
                0x0000000000031480                __register_exitproc
 .text          0x0000000000031630        0x0 /Users/yeonwoo-kim/HealthHub/nacl_sdk/pepper_49/toolchain/mac_pnacl/bin/../arm-nacl/lib/libcrt_common.a(lib_a-__call_atexit.o)
 .text.__call_exitprocs
                0x0000000000031630      0x220 /Users/yeonwoo-kim/HealthHub/nacl_sdk/pepper_49/toolchain/mac_pnacl/bin/../arm-nacl/lib/libcrt_common.a(lib_a-__call_atexit.o)
                0x0000000000031630                __call_exitprocs
 .text          0x0000000000031850        0x0 /Users/yeonwoo-kim/HealthHub/nacl_sdk/pepper_49/toolchain/mac_pnacl/bin/../arm-nacl/lib/libcrt_common.a(lib_a-dtoa.o)
 .text._dtoa_r  0x0000000000031850     0x15e0 /Users/yeonwoo-kim/HealthHub/nacl_sdk/pepper_49/toolchain/mac_pnacl/bin/../arm-nacl/lib/libcrt_common.a(lib_a-dtoa.o)
                0x0000000000031850                _dtoa_r
 .text.quorem   0x0000000000032e30      0x2a0 /Users/yeonwoo-kim/HealthHub/nacl_sdk/pepper_49/toolchain/mac_pnacl/bin/../arm-nacl/lib/libcrt_common.a(lib_a-dtoa.o)
 .text          0x00000000000330d0        0x0 /Users/yeonwoo-kim/HealthHub/nacl_sdk/pepper_49/toolchain/mac_pnacl/bin/../arm-nacl/lib/libcrt_common.a(lib_a-envlock.o)
 .text.__env_lock
                0x00000000000330d0       0x10 /Users/yeonwoo-kim/HealthHub/nacl_sdk/pepper_49/toolchain/mac_pnacl/bin/../arm-nacl/lib/libcrt_common.a(lib_a-envlock.o)
                0x00000000000330d0                __env_lock
 .text.__env_unlock
                0x00000000000330e0       0x10 /Users/yeonwoo-kim/HealthHub/nacl_sdk/pepper_49/toolchain/mac_pnacl/bin/../arm-nacl/lib/libcrt_common.a(lib_a-envlock.o)
                0x00000000000330e0                __env_unlock
 .text          0x00000000000330f0        0x0 /Users/yeonwoo-kim/HealthHub/nacl_sdk/pepper_49/toolchain/mac_pnacl/bin/../arm-nacl/lib/libcrt_common.a(lib_a-fclose.o)
 .text._fclose_r
                0x00000000000330f0      0x1d0 /Users/yeonwoo-kim/HealthHub/nacl_sdk/pepper_49/toolchain/mac_pnacl/bin/../arm-nacl/lib/libcrt_common.a(lib_a-fclose.o)
                0x00000000000330f0                _fclose_r
 .text.fclose   0x00000000000332c0       0x40 /Users/yeonwoo-kim/HealthHub/nacl_sdk/pepper_49/toolchain/mac_pnacl/bin/../arm-nacl/lib/libcrt_common.a(lib_a-fclose.o)
                0x00000000000332c0                fclose
 .text          0x0000000000033300        0x0 /Users/yeonwoo-kim/HealthHub/nacl_sdk/pepper_49/toolchain/mac_pnacl/bin/../arm-nacl/lib/libcrt_common.a(lib_a-fvwrite.o)
 .text.__sfvwrite_r
                0x0000000000033300      0x640 /Users/yeonwoo-kim/HealthHub/nacl_sdk/pepper_49/toolchain/mac_pnacl/bin/../arm-nacl/lib/libcrt_common.a(lib_a-fvwrite.o)
                0x0000000000033300                __sfvwrite_r
 .text          0x0000000000033940        0x0 /Users/yeonwoo-kim/HealthHub/nacl_sdk/pepper_49/toolchain/mac_pnacl/bin/../arm-nacl/lib/libcrt_common.a(lib_a-locale.o)
 .text._setlocale_r
                0x0000000000033940      0x700 /Users/yeonwoo-kim/HealthHub/nacl_sdk/pepper_49/toolchain/mac_pnacl/bin/../arm-nacl/lib/libcrt_common.a(lib_a-locale.o)
                0x0000000000033940                _setlocale_r
 .text.currentlocale
                0x0000000000034040      0x1a0 /Users/yeonwoo-kim/HealthHub/nacl_sdk/pepper_49/toolchain/mac_pnacl/bin/../arm-nacl/lib/libcrt_common.a(lib_a-locale.o)
 .text.loadlocale
                0x00000000000341e0      0xa00 /Users/yeonwoo-kim/HealthHub/nacl_sdk/pepper_49/toolchain/mac_pnacl/bin/../arm-nacl/lib/libcrt_common.a(lib_a-locale.o)
 .text.__locale_charset
                0x0000000000034be0       0x10 /Users/yeonwoo-kim/HealthHub/nacl_sdk/pepper_49/toolchain/mac_pnacl/bin/../arm-nacl/lib/libcrt_common.a(lib_a-locale.o)
                0x0000000000034be0                __locale_charset
 .text.__locale_mb_cur_max
                0x0000000000034bf0       0x20 /Users/yeonwoo-kim/HealthHub/nacl_sdk/pepper_49/toolchain/mac_pnacl/bin/../arm-nacl/lib/libcrt_common.a(lib_a-locale.o)
                0x0000000000034bf0                __locale_mb_cur_max
 .text.__locale_msgcharset
                0x0000000000034c10       0x10 /Users/yeonwoo-kim/HealthHub/nacl_sdk/pepper_49/toolchain/mac_pnacl/bin/../arm-nacl/lib/libcrt_common.a(lib_a-locale.o)
                0x0000000000034c10                __locale_msgcharset
 .text.__locale_cjk_lang
                0x0000000000034c20       0x20 /Users/yeonwoo-kim/HealthHub/nacl_sdk/pepper_49/toolchain/mac_pnacl/bin/../arm-nacl/lib/libcrt_common.a(lib_a-locale.o)
                0x0000000000034c20                __locale_cjk_lang
 .text._localeconv_r
                0x0000000000034c40       0x10 /Users/yeonwoo-kim/HealthHub/nacl_sdk/pepper_49/toolchain/mac_pnacl/bin/../arm-nacl/lib/libcrt_common.a(lib_a-locale.o)
                0x0000000000034c40                _localeconv_r
 .text.setlocale
                0x0000000000034c50       0x50 /Users/yeonwoo-kim/HealthHub/nacl_sdk/pepper_49/toolchain/mac_pnacl/bin/../arm-nacl/lib/libcrt_common.a(lib_a-locale.o)
                0x0000000000034c50                setlocale
 .text.localeconv
                0x0000000000034ca0       0x10 /Users/yeonwoo-kim/HealthHub/nacl_sdk/pepper_49/toolchain/mac_pnacl/bin/../arm-nacl/lib/libcrt_common.a(lib_a-locale.o)
                0x0000000000034ca0                localeconv
 .text          0x0000000000034cb0        0x0 /Users/yeonwoo-kim/HealthHub/nacl_sdk/pepper_49/toolchain/mac_pnacl/bin/../arm-nacl/lib/libcrt_common.a(lib_a-makebuf.o)
 .text.__smakebuf_r
                0x0000000000034cb0      0x1d0 /Users/yeonwoo-kim/HealthHub/nacl_sdk/pepper_49/toolchain/mac_pnacl/bin/../arm-nacl/lib/libcrt_common.a(lib_a-makebuf.o)
                0x0000000000034cb0                __smakebuf_r
 .text          0x0000000000034e80        0x0 /Users/yeonwoo-kim/HealthHub/nacl_sdk/pepper_49/toolchain/mac_pnacl/bin/../arm-nacl/lib/libcrt_common.a(lib_a-mbtowc_r.o)
 .text.__ascii_mbtowc
                0x0000000000034e80       0x60 /Users/yeonwoo-kim/HealthHub/nacl_sdk/pepper_49/toolchain/mac_pnacl/bin/../arm-nacl/lib/libcrt_common.a(lib_a-mbtowc_r.o)
                0x0000000000034e80                __ascii_mbtowc
 .text._mbtowc_r
                0x0000000000034ee0       0x80 /Users/yeonwoo-kim/HealthHub/nacl_sdk/pepper_49/toolchain/mac_pnacl/bin/../arm-nacl/lib/libcrt_common.a(lib_a-mbtowc_r.o)
                0x0000000000034ee0                _mbtowc_r
 .text.__utf8_mbtowc
                0x0000000000034f60      0x440 /Users/yeonwoo-kim/HealthHub/nacl_sdk/pepper_49/toolchain/mac_pnacl/bin/../arm-nacl/lib/libcrt_common.a(lib_a-mbtowc_r.o)
                0x0000000000034f60                __utf8_mbtowc
 .text.__sjis_mbtowc
                0x00000000000353a0      0x130 /Users/yeonwoo-kim/HealthHub/nacl_sdk/pepper_49/toolchain/mac_pnacl/bin/../arm-nacl/lib/libcrt_common.a(lib_a-mbtowc_r.o)
                0x00000000000353a0                __sjis_mbtowc
 .text.__eucjp_mbtowc
                0x00000000000354d0      0x1b0 /Users/yeonwoo-kim/HealthHub/nacl_sdk/pepper_49/toolchain/mac_pnacl/bin/../arm-nacl/lib/libcrt_common.a(lib_a-mbtowc_r.o)
                0x00000000000354d0                __eucjp_mbtowc
 .text.__jis_mbtowc
                0x0000000000035680      0x250 /Users/yeonwoo-kim/HealthHub/nacl_sdk/pepper_49/toolchain/mac_pnacl/bin/../arm-nacl/lib/libcrt_common.a(lib_a-mbtowc_r.o)
                0x0000000000035680                __jis_mbtowc
 .text          0x00000000000358d0      0x110 /Users/yeonwoo-kim/HealthHub/nacl_sdk/pepper_49/toolchain/mac_pnacl/bin/../arm-nacl/lib/libcrt_common.a(lib_a-memchr.o)
                0x00000000000358d0                memchr
 *fill*         0x00000000000359e0       0x20 
 .text          0x0000000000035a00      0x940 /Users/yeonwoo-kim/HealthHub/nacl_sdk/pepper_49/toolchain/mac_pnacl/bin/../arm-nacl/lib/libcrt_common.a(lib_a-memcpy.o)
                0x0000000000035a00                memcpy
 .text          0x0000000000036340        0x0 /Users/yeonwoo-kim/HealthHub/nacl_sdk/pepper_49/toolchain/mac_pnacl/bin/../arm-nacl/lib/libcrt_common.a(lib_a-memmove.o)
 .text.memmove  0x0000000000036340      0x370 /Users/yeonwoo-kim/HealthHub/nacl_sdk/pepper_49/toolchain/mac_pnacl/bin/../arm-nacl/lib/libcrt_common.a(lib_a-memmove.o)
                0x0000000000036340                memmove
 .text          0x00000000000366b0        0x0 /Users/yeonwoo-kim/HealthHub/nacl_sdk/pepper_49/toolchain/mac_pnacl/bin/../arm-nacl/lib/libcrt_common.a(lib_a-mprec.o)
 .text._Balloc  0x00000000000366b0       0xe0 /Users/yeonwoo-kim/HealthHub/nacl_sdk/pepper_49/toolchain/mac_pnacl/bin/../arm-nacl/lib/libcrt_common.a(lib_a-mprec.o)
                0x00000000000366b0                _Balloc
 .text._Bfree   0x0000000000036790       0x50 /Users/yeonwoo-kim/HealthHub/nacl_sdk/pepper_49/toolchain/mac_pnacl/bin/../arm-nacl/lib/libcrt_common.a(lib_a-mprec.o)
                0x0000000000036790                _Bfree
 .text.__multadd
                0x00000000000367e0      0x200 /Users/yeonwoo-kim/HealthHub/nacl_sdk/pepper_49/toolchain/mac_pnacl/bin/../arm-nacl/lib/libcrt_common.a(lib_a-mprec.o)
                0x00000000000367e0                __multadd
 .text.__s2b    0x00000000000369e0      0x1c0 /Users/yeonwoo-kim/HealthHub/nacl_sdk/pepper_49/toolchain/mac_pnacl/bin/../arm-nacl/lib/libcrt_common.a(lib_a-mprec.o)
                0x00000000000369e0                __s2b
 .text.__hi0bits
                0x0000000000036ba0       0x70 /Users/yeonwoo-kim/HealthHub/nacl_sdk/pepper_49/toolchain/mac_pnacl/bin/../arm-nacl/lib/libcrt_common.a(lib_a-mprec.o)
                0x0000000000036ba0                __hi0bits
 .text.__lo0bits
                0x0000000000036c10       0xe0 /Users/yeonwoo-kim/HealthHub/nacl_sdk/pepper_49/toolchain/mac_pnacl/bin/../arm-nacl/lib/libcrt_common.a(lib_a-mprec.o)
                0x0000000000036c10                __lo0bits
 .text.__i2b    0x0000000000036cf0      0x100 /Users/yeonwoo-kim/HealthHub/nacl_sdk/pepper_49/toolchain/mac_pnacl/bin/../arm-nacl/lib/libcrt_common.a(lib_a-mprec.o)
                0x0000000000036cf0                __i2b
 .text.__multiply
                0x0000000000036df0      0x3e0 /Users/yeonwoo-kim/HealthHub/nacl_sdk/pepper_49/toolchain/mac_pnacl/bin/../arm-nacl/lib/libcrt_common.a(lib_a-mprec.o)
                0x0000000000036df0                __multiply
 .text.__pow5mult
                0x00000000000371d0      0x220 /Users/yeonwoo-kim/HealthHub/nacl_sdk/pepper_49/toolchain/mac_pnacl/bin/../arm-nacl/lib/libcrt_common.a(lib_a-mprec.o)
                0x00000000000371d0                __pow5mult
 .text.__lshift
                0x00000000000373f0      0x3a0 /Users/yeonwoo-kim/HealthHub/nacl_sdk/pepper_49/toolchain/mac_pnacl/bin/../arm-nacl/lib/libcrt_common.a(lib_a-mprec.o)
                0x00000000000373f0                __lshift
 .text.__mcmp   0x0000000000037790       0x80 /Users/yeonwoo-kim/HealthHub/nacl_sdk/pepper_49/toolchain/mac_pnacl/bin/../arm-nacl/lib/libcrt_common.a(lib_a-mprec.o)
                0x0000000000037790                __mcmp
 .text.__mdiff  0x0000000000037810      0x360 /Users/yeonwoo-kim/HealthHub/nacl_sdk/pepper_49/toolchain/mac_pnacl/bin/../arm-nacl/lib/libcrt_common.a(lib_a-mprec.o)
                0x0000000000037810                __mdiff
 .text.__ulp    0x0000000000037b70       0x90 /Users/yeonwoo-kim/HealthHub/nacl_sdk/pepper_49/toolchain/mac_pnacl/bin/../arm-nacl/lib/libcrt_common.a(lib_a-mprec.o)
                0x0000000000037b70                __ulp
 .text.__b2d    0x0000000000037c00      0x160 /Users/yeonwoo-kim/HealthHub/nacl_sdk/pepper_49/toolchain/mac_pnacl/bin/../arm-nacl/lib/libcrt_common.a(lib_a-mprec.o)
                0x0000000000037c00                __b2d
 .text.__d2b    0x0000000000037d60      0x370 /Users/yeonwoo-kim/HealthHub/nacl_sdk/pepper_49/toolchain/mac_pnacl/bin/../arm-nacl/lib/libcrt_common.a(lib_a-mprec.o)
                0x0000000000037d60                __d2b
 .text.__ratio  0x00000000000380d0       0xa0 /Users/yeonwoo-kim/HealthHub/nacl_sdk/pepper_49/toolchain/mac_pnacl/bin/../arm-nacl/lib/libcrt_common.a(lib_a-mprec.o)
                0x00000000000380d0                __ratio
 .text._mprec_log10
                0x0000000000038170       0x50 /Users/yeonwoo-kim/HealthHub/nacl_sdk/pepper_49/toolchain/mac_pnacl/bin/../arm-nacl/lib/libcrt_common.a(lib_a-mprec.o)
                0x0000000000038170                _mprec_log10
 .text.__copybits
                0x00000000000381c0      0x170 /Users/yeonwoo-kim/HealthHub/nacl_sdk/pepper_49/toolchain/mac_pnacl/bin/../arm-nacl/lib/libcrt_common.a(lib_a-mprec.o)
                0x00000000000381c0                __copybits
 .text.__any_on
                0x0000000000038330       0xa0 /Users/yeonwoo-kim/HealthHub/nacl_sdk/pepper_49/toolchain/mac_pnacl/bin/../arm-nacl/lib/libcrt_common.a(lib_a-mprec.o)
                0x0000000000038330                __any_on
 .text          0x00000000000383d0        0x0 /Users/yeonwoo-kim/HealthHub/nacl_sdk/pepper_49/toolchain/mac_pnacl/bin/../arm-nacl/lib/libcrt_common.a(lib_a-s_fpclassify.o)
 .text.__fpclassifyd
                0x00000000000383d0       0xb0 /Users/yeonwoo-kim/HealthHub/nacl_sdk/pepper_49/toolchain/mac_pnacl/bin/../arm-nacl/lib/libcrt_common.a(lib_a-s_fpclassify.o)
                0x00000000000383d0                __fpclassifyd
 .text          0x0000000000038480        0x0 /Users/yeonwoo-kim/HealthHub/nacl_sdk/pepper_49/toolchain/mac_pnacl/bin/../arm-nacl/lib/libcrt_common.a(lib_a-s_frexp.o)
 .text.frexp    0x0000000000038480       0xa0 /Users/yeonwoo-kim/HealthHub/nacl_sdk/pepper_49/toolchain/mac_pnacl/bin/../arm-nacl/lib/libcrt_common.a(lib_a-s_frexp.o)
                0x0000000000038480                frexp
 .text          0x0000000000038520        0x0 /Users/yeonwoo-kim/HealthHub/nacl_sdk/pepper_49/toolchain/mac_pnacl/bin/../arm-nacl/lib/libcrt_common.a(lib_a-strcasecmp.o)
 .text.strcasecmp
                0x0000000000038520       0x80 /Users/yeonwoo-kim/HealthHub/nacl_sdk/pepper_49/toolchain/mac_pnacl/bin/../arm-nacl/lib/libcrt_common.a(lib_a-strcasecmp.o)
                0x0000000000038520                strcasecmp
 .text          0x00000000000385a0        0x0 /Users/yeonwoo-kim/HealthHub/nacl_sdk/pepper_49/toolchain/mac_pnacl/bin/../arm-nacl/lib/libcrt_common.a(lib_a-strchr.o)
 .text.strchr   0x00000000000385a0      0x170 /Users/yeonwoo-kim/HealthHub/nacl_sdk/pepper_49/toolchain/mac_pnacl/bin/../arm-nacl/lib/libcrt_common.a(lib_a-strchr.o)
                0x00000000000385a0                strchr
 .text          0x0000000000038710        0x0 /Users/yeonwoo-kim/HealthHub/nacl_sdk/pepper_49/toolchain/mac_pnacl/bin/../arm-nacl/lib/libcrt_common.a(lib_a-strlcpy.o)
 .text.strlcpy  0x0000000000038710       0x90 /Users/yeonwoo-kim/HealthHub/nacl_sdk/pepper_49/toolchain/mac_pnacl/bin/../arm-nacl/lib/libcrt_common.a(lib_a-strlcpy.o)
                0x0000000000038710                strlcpy
 .text          0x00000000000387a0        0x0 /Users/yeonwoo-kim/HealthHub/nacl_sdk/pepper_49/toolchain/mac_pnacl/bin/../arm-nacl/lib/libcrt_common.a(lib_a-strncasecmp.o)
 .text.strncasecmp
                0x00000000000387a0       0xa0 /Users/yeonwoo-kim/HealthHub/nacl_sdk/pepper_49/toolchain/mac_pnacl/bin/../arm-nacl/lib/libcrt_common.a(lib_a-strncasecmp.o)
                0x00000000000387a0                strncasecmp
 .text          0x0000000000038840        0x0 /Users/yeonwoo-kim/HealthHub/nacl_sdk/pepper_49/toolchain/mac_pnacl/bin/../arm-nacl/lib/libcrt_common.a(lib_a-strncpy.o)
 .text.strncpy  0x0000000000038840      0x160 /Users/yeonwoo-kim/HealthHub/nacl_sdk/pepper_49/toolchain/mac_pnacl/bin/../arm-nacl/lib/libcrt_common.a(lib_a-strncpy.o)
                0x0000000000038840                strncpy
 .text          0x00000000000389a0        0x0 /Users/yeonwoo-kim/HealthHub/nacl_sdk/pepper_49/toolchain/mac_pnacl/bin/../arm-nacl/lib/libcrt_common.a(lib_a-strtol.o)
 .text._strtol_r
                0x00000000000389a0      0x240 /Users/yeonwoo-kim/HealthHub/nacl_sdk/pepper_49/toolchain/mac_pnacl/bin/../arm-nacl/lib/libcrt_common.a(lib_a-strtol.o)
                0x00000000000389a0                _strtol_r
 .text.strtol   0x0000000000038be0       0x60 /Users/yeonwoo-kim/HealthHub/nacl_sdk/pepper_49/toolchain/mac_pnacl/bin/../arm-nacl/lib/libcrt_common.a(lib_a-strtol.o)
                0x0000000000038be0                strtol
 .text          0x0000000000038c40        0x0 /Users/yeonwoo-kim/HealthHub/nacl_sdk/pepper_49/toolchain/mac_pnacl/bin/../arm-nacl/lib/libcrt_common.a(lib_a-svfprintf.o)
 .text._svfprintf_r
                0x0000000000038c40     0x32d0 /Users/yeonwoo-kim/HealthHub/nacl_sdk/pepper_49/toolchain/mac_pnacl/bin/../arm-nacl/lib/libcrt_common.a(lib_a-svfprintf.o)
                0x0000000000038c40                _svfprintf_r
 .text          0x000000000003bf10        0x0 /Users/yeonwoo-kim/HealthHub/nacl_sdk/pepper_49/toolchain/mac_pnacl/bin/../arm-nacl/lib/libcrt_common.a(lib_a-vfiprintf.o)
 .text.__sprint_r
                0x000000000003bf10      0x130 /Users/yeonwoo-kim/HealthHub/nacl_sdk/pepper_49/toolchain/mac_pnacl/bin/../arm-nacl/lib/libcrt_common.a(lib_a-vfiprintf.o)
                0x000000000003bf10                __sprint_r
 .text.vfiprintf
                0x000000000003c040       0x60 /Users/yeonwoo-kim/HealthHub/nacl_sdk/pepper_49/toolchain/mac_pnacl/bin/../arm-nacl/lib/libcrt_common.a(lib_a-vfiprintf.o)
                0x000000000003c040                vfiprintf
 .text._vfiprintf_r
                0x000000000003c0a0     0x2870 /Users/yeonwoo-kim/HealthHub/nacl_sdk/pepper_49/toolchain/mac_pnacl/bin/../arm-nacl/lib/libcrt_common.a(lib_a-vfiprintf.o)
                0x000000000003c0a0                _vfiprintf_r
 .text.__sbprintf
                0x000000000003e910      0x160 /Users/yeonwoo-kim/HealthHub/nacl_sdk/pepper_49/toolchain/mac_pnacl/bin/../arm-nacl/lib/libcrt_common.a(lib_a-vfiprintf.o)
 .text          0x000000000003ea70        0x0 /Users/yeonwoo-kim/HealthHub/nacl_sdk/pepper_49/toolchain/mac_pnacl/bin/../arm-nacl/lib/libcrt_common.a(lib_a-wcsnrtombs.o)
 .text._wcsnrtombs_r
                0x000000000003ea70      0x280 /Users/yeonwoo-kim/HealthHub/nacl_sdk/pepper_49/toolchain/mac_pnacl/bin/../arm-nacl/lib/libcrt_common.a(lib_a-wcsnrtombs.o)
                0x000000000003ea70                _wcsnrtombs_r
 .text.wcsnrtombs
                0x000000000003ecf0       0x80 /Users/yeonwoo-kim/HealthHub/nacl_sdk/pepper_49/toolchain/mac_pnacl/bin/../arm-nacl/lib/libcrt_common.a(lib_a-wcsnrtombs.o)
                0x000000000003ecf0                wcsnrtombs
 .text          0x000000000003ed70        0x0 /Users/yeonwoo-kim/HealthHub/nacl_sdk/pepper_49/toolchain/mac_pnacl/bin/../arm-nacl/lib/libcrt_common.a(lib_a-ctype_.o)
 .text.__set_ctype
                0x000000000003ed70       0x20 /Users/yeonwoo-kim/HealthHub/nacl_sdk/pepper_49/toolchain/mac_pnacl/bin/../arm-nacl/lib/libcrt_common.a(lib_a-ctype_.o)
                0x000000000003ed70                __set_ctype
 .text          0x000000000003ed90        0x0 /Users/yeonwoo-kim/HealthHub/nacl_sdk/pepper_49/toolchain/mac_pnacl/bin/../arm-nacl/lib/libcrt_common.a(lib_a-fputwc.o)
 .text._fputwc_r
                0x000000000003ed90      0x210 /Users/yeonwoo-kim/HealthHub/nacl_sdk/pepper_49/toolchain/mac_pnacl/bin/../arm-nacl/lib/libcrt_common.a(lib_a-fputwc.o)
                0x000000000003ed90                _fputwc_r
 .text.fputwc   0x000000000003efa0       0x90 /Users/yeonwoo-kim/HealthHub/nacl_sdk/pepper_49/toolchain/mac_pnacl/bin/../arm-nacl/lib/libcrt_common.a(lib_a-fputwc.o)
                0x000000000003efa0                fputwc
 .text          0x000000000003f030        0x0 /Users/yeonwoo-kim/HealthHub/nacl_sdk/pepper_49/toolchain/mac_pnacl/bin/../arm-nacl/lib/libcrt_common.a(lib_a-svfiprintf.o)
 .text.__ssprint_r
                0x000000000003f030      0x290 /Users/yeonwoo-kim/HealthHub/nacl_sdk/pepper_49/toolchain/mac_pnacl/bin/../arm-nacl/lib/libcrt_common.a(lib_a-svfiprintf.o)
                0x000000000003f030                __ssprint_r
 .text._svfiprintf_r
                0x000000000003f2c0     0x1900 /Users/yeonwoo-kim/HealthHub/nacl_sdk/pepper_49/toolchain/mac_pnacl/bin/../arm-nacl/lib/libcrt_common.a(lib_a-svfiprintf.o)
                0x000000000003f2c0                _svfiprintf_r
 .text          0x0000000000040bc0        0x0 /Users/yeonwoo-kim/HealthHub/nacl_sdk/pepper_49/toolchain/mac_pnacl/bin/../arm-nacl/lib/libcrt_common.a(lib_a-wbuf.o)
 .text.__swbuf_r
                0x0000000000040bc0      0x1c0 /Users/yeonwoo-kim/HealthHub/nacl_sdk/pepper_49/toolchain/mac_pnacl/bin/../arm-nacl/lib/libcrt_common.a(lib_a-wbuf.o)
                0x0000000000040bc0                __swbuf_r
 .text.__swbuf  0x0000000000040d80       0x50 /Users/yeonwoo-kim/HealthHub/nacl_sdk/pepper_49/toolchain/mac_pnacl/bin/../arm-nacl/lib/libcrt_common.a(lib_a-wbuf.o)
                0x0000000000040d80                __swbuf
 .text          0x0000000000040dd0       0x78 /Users/yeonwoo-kim/HealthHub/nacl_sdk/pepper_49/toolchain/mac_pnacl/bin/../arm-nacl/lib/libnacl.a(close.o)
                0x0000000000040dd0                close
 *fill*         0x0000000000040e48        0x8 
 .text          0x0000000000040e50       0x78 /Users/yeonwoo-kim/HealthHub/nacl_sdk/pepper_49/toolchain/mac_pnacl/bin/../arm-nacl/lib/libnacl.a(fstat.o)
                0x0000000000040e50                fstat
 *fill*         0x0000000000040ec8        0x8 
 .text          0x0000000000040ed0       0x98 /Users/yeonwoo-kim/HealthHub/nacl_sdk/pepper_49/toolchain/mac_pnacl/bin/../arm-nacl/lib/libnacl.a(isatty.o)
                0x0000000000040ed0                isatty
 *fill*         0x0000000000040f68        0x8 
 .text          0x0000000000040f70       0x88 /Users/yeonwoo-kim/HealthHub/nacl_sdk/pepper_49/toolchain/mac_pnacl/bin/../arm-nacl/lib/libnacl.a(lseek.o)
                0x0000000000040f70                lseek
 *fill*         0x0000000000040ff8        0x8 
 .text          0x0000000000041000       0x78 /Users/yeonwoo-kim/HealthHub/nacl_sdk/pepper_49/toolchain/mac_pnacl/bin/../arm-nacl/lib/libnacl.a(nanosleep.o)
                0x0000000000041000                nanosleep
 *fill*         0x0000000000041078        0x8 
 .text          0x0000000000041080       0x90 /Users/yeonwoo-kim/HealthHub/nacl_sdk/pepper_49/toolchain/mac_pnacl/bin/../arm-nacl/lib/libnacl.a(nacl_irt_fdio.o)
                0x0000000000041080                __libnacl_irt_dev_fdio_init
 .text          0x0000000000041110       0x68 /Users/yeonwoo-kim/HealthHub/nacl_sdk/pepper_49/toolchain/mac_pnacl/bin/../arm-nacl/lib/libnacl.a(read.o)
                0x0000000000041110                read
 *fill*         0x0000000000041178        0x8 
 .text          0x0000000000041180       0x10 /Users/yeonwoo-kim/HealthHub/nacl_sdk/pepper_49/toolchain/mac_pnacl/bin/../lib/clang/3.7.0/lib/arm-nacl/libgcc.a(aeabi_memcpy.o)
                0x0000000000041180                __aeabi_memcpy
                0x0000000000041180                __aeabi_memcpy4
                0x0000000000041180                __aeabi_memcpy8
 .text          0x0000000000041190       0x20 /Users/yeonwoo-kim/HealthHub/nacl_sdk/pepper_49/toolchain/mac_pnacl/bin/../lib/clang/3.7.0/lib/arm-nacl/libgcc.a(aeabi_memset.o)
                0x0000000000041190                __aeabi_memset
                0x0000000000041190                __aeabi_memset8
                0x0000000000041190                __aeabi_memset4
                0x00000000000411a0                __aeabi_memclr8
                0x00000000000411a0                __aeabi_memclr
                0x00000000000411a0                __aeabi_memclr4
 .text          0x00000000000411b0       0x40 /Users/yeonwoo-kim/HealthHub/nacl_sdk/pepper_49/toolchain/mac_pnacl/bin/../lib/clang/3.7.0/lib/arm-nacl/libgcc.a(aeabi_uldivmod.o)
                0x00000000000411b0                __aeabi_uldivmod
 .text          0x00000000000411f0       0x20 /Users/yeonwoo-kim/HealthHub/nacl_sdk/pepper_49/toolchain/mac_pnacl/bin/../lib/clang/3.7.0/lib/arm-nacl/libgcc.a(modsi3.o)
                0x00000000000411f0                __modsi3
 .text          0x0000000000041210      0x3a0 /Users/yeonwoo-kim/HealthHub/nacl_sdk/pepper_49/toolchain/mac_pnacl/bin/../lib/clang/3.7.0/lib/arm-nacl/libgcc.a(udivmoddi4.o)
                0x0000000000041210                __udivmoddi4
 .text          0x00000000000415b0       0xa0 /Users/yeonwoo-kim/HealthHub/nacl_sdk/pepper_49/toolchain/mac_pnacl/bin/../lib/clang/3.7.0/lib/arm-nacl/libgcc.a(udivsi3.o)
                0x00000000000415b0                __udivsi3
                0x00000000000415b0                __aeabi_uidiv
 .text          0x0000000000041650       0x40 /Users/yeonwoo-kim/HealthHub/nacl_sdk/pepper_49/toolchain/mac_pnacl/bin/../lib/clang/3.7.0/lib/arm-nacl/libgcc.a(umoddi3.o)
                0x0000000000041650                __umoddi3
 .text          0x0000000000041690       0x20 /Users/yeonwoo-kim/HealthHub/nacl_sdk/pepper_49/toolchain/mac_pnacl/bin/../lib/clang/3.7.0/lib/arm-nacl/libgcc.a(umodsi3.o)
                0x0000000000041690                __umodsi3
 .text          0x00000000000416b0       0x60 /Users/yeonwoo-kim/HealthHub/nacl_sdk/pepper_49/toolchain/mac_pnacl/bin/../lib/clang/3.7.0/lib/arm-nacl/libgcc.a(divsi3.o)
                0x00000000000416b0                __aeabi_idiv
                0x00000000000416b0                __divsi3
 .text          0x0000000000041710     0x2210 /Users/yeonwoo-kim/HealthHub/nacl_sdk/pepper_49/toolchain/mac_pnacl/bin/../lib/clang/3.7.0/lib/arm-nacl/libgcc_eh.a(unwind-dw2-fde-glibc.o)
                0x0000000000041710                __register_frame_info_bases
                0x0000000000041780                __register_frame_info
                0x0000000000041800                __register_frame
                0x00000000000418a0                __register_frame_info_table_bases
                0x0000000000041900                __register_frame_info_table
                0x0000000000041960                __register_frame_table
                0x00000000000419f0                __deregister_frame_info_bases
                0x0000000000041b10                __deregister_frame_info
                0x0000000000041b20                __deregister_frame
                0x0000000000041b80                _Unwind_Find_FDE
 .text          0x0000000000043920        0x0 /Users/yeonwoo-kim/HealthHub/nacl_sdk/pepper_49/toolchain/mac_pnacl/bin/../lib/clang/3.7.0/lib/arm-nacl/crtend.o
 .text          0x0000000000043920        0x0 /Users/yeonwoo-kim/HealthHub/nacl_sdk/pepper_49/toolchain/mac_pnacl/bin/../arm-nacl/lib/crtn.o
 *(.gnu.warning)
 *(.glue_7t)
 .glue_7t       0x0000000000043920        0x0 linker stubs
 *(.glue_7)
 .glue_7        0x0000000000043920        0x0 linker stubs
 *(.vfp11_veneer)
 .vfp11_veneer  0x0000000000043920        0x0 linker stubs
 *(.v4_bx)
 .v4_bx         0x0000000000043920        0x0 linker stubs

.fini
 *(SORT(.fini))
                0x0000000000043920                PROVIDE (__etext, .)
                0x0000000000043920                PROVIDE (_etext, .)
                0x0000000000043920                PROVIDE (etext, .)
                0x00000000100200f4                . = (0x10020000 + SIZEOF_HEADERS)

.interp
 *(.interp)

.note.NaCl.ABI.arm
                0x00000000100200f4       0x18
 .note.NaCl.ABI.arm
                0x00000000100200f4       0x18 /Users/yeonwoo-kim/HealthHub/nacl_sdk/pepper_49/toolchain/mac_pnacl/bin/../arm-nacl/lib/crti.o

.note.gnu.build-id
                0x000000001002010c       0x24
 *(.note.gnu.build-id)
 .note.gnu.build-id
                0x000000001002010c       0x24 linker stubs

.hash
 *(.hash)

.gnu.hash
 *(.gnu.hash)

.dynsym
 *(.dynsym)

.dynstr
 *(.dynstr)

.gnu.version
 *(.gnu.version)

.gnu.version_d
 *(.gnu.version_d)

.gnu.version_r
 *(.gnu.version_r)

.rel.dyn        0x0000000010020130        0x0
 *(.rel.init)
 *(.rel.text .rel.text.* .rel.gnu.linkonce.t.*)
 *(.rel.fini)
 *(.rel.rodata .rel.rodata.* .rel.gnu.linkonce.r.*)
 *(.rel.data.rel.ro .rel.data.rel.ro.* .rel.gnu.linkonce.d.rel.ro.*)
 *(.rel.data .rel.data.* .rel.gnu.linkonce.d.*)
 *(.rel.tdata .rel.tdata.* .rel.gnu.linkonce.td.*)
 *(.rel.tbss .rel.tbss.* .rel.gnu.linkonce.tb.*)
 *(.rel.ctors)
 *(.rel.dtors)
 *(.rel.got)
 .rel.got       0x0000000010020130        0x0 /Users/yeonwoo-kim/HealthHub/nacl_sdk/pepper_49/toolchain/mac_pnacl/bin/../arm-nacl/lib/crti.o
 *(.rel.bss .rel.bss.* .rel.gnu.linkonce.b.*)
                0x0000000010020130                PROVIDE (__rel_iplt_start, .)
 *(.rel.iplt)
 .rel.iplt      0x0000000010020130        0x0 /Users/yeonwoo-kim/HealthHub/nacl_sdk/pepper_49/toolchain/mac_pnacl/bin/../arm-nacl/lib/crti.o
                0x0000000010020130                PROVIDE (__rel_iplt_end, .)

.rela.dyn       0x0000000010020130        0x0
 *(.rela.init)
 *(.rela.text .rela.text.* .rela.gnu.linkonce.t.*)
 *(.rela.fini)
 *(.rela.rodata .rela.rodata.* .rela.gnu.linkonce.r.*)
 *(.rela.data .rela.data.* .rela.gnu.linkonce.d.*)
 *(.rela.tdata .rela.tdata.* .rela.gnu.linkonce.td.*)
 *(.rela.tbss .rela.tbss.* .rela.gnu.linkonce.tb.*)
 *(.rela.ctors)
 *(.rela.dtors)
 *(.rela.got)
 *(.rela.bss .rela.bss.* .rela.gnu.linkonce.b.*)
                0x0000000010020130                PROVIDE (__rela_iplt_start, .)
 *(.rela.iplt)
                0x0000000010020130                PROVIDE (__rela_iplt_end, .)

.rel.plt
 *(.rel.plt)

.rela.plt
 *(.rela.plt)

.rodata         0x0000000010020130     0x11d0
 *(.rodata .rodata.* .gnu.linkonce.r.*)
 .rodata.str1.1
                0x0000000010020130       0xd6 clang-newlib/Release/debugging_arm.o
 .rodata        0x0000000010020206        0x6 clang-newlib/Release/debugging_arm.o
 .rodata.str1.1
                0x000000001002020c      0x1b7 /Users/yeonwoo-kim/HealthHub/nacl_sdk/pepper_49/lib/clang-newlib_arm/Release/liberror_handling.a(error_handling_arm.o)
                                        0x1be (size before relaxing)
 .rodata.str1.1
                0x00000000100203c3       0xad /Users/yeonwoo-kim/HealthHub/nacl_sdk/pepper_49/toolchain/mac_pnacl/bin/../arm-nacl/lib/libppapi_stub.a(ppapi_plugin_start_8da67623.o)
 .rodata        0x0000000010020470        0x4 /Users/yeonwoo-kim/HealthHub/nacl_sdk/pepper_49/toolchain/mac_pnacl/bin/../arm-nacl/lib/libpthread.a(nc_thread.o)
                0x0000000010020470                __nc_kMaxCachedMemoryBlocks
 .rodata.str1.1
                0x0000000010020474       0x22 /Users/yeonwoo-kim/HealthHub/nacl_sdk/pepper_49/toolchain/mac_pnacl/bin/../arm-nacl/lib/libpthread.a(nc_thread.o)
 .rodata.str1.1
                0x0000000010020496       0x14 /Users/yeonwoo-kim/HealthHub/nacl_sdk/pepper_49/toolchain/mac_pnacl/bin/../arm-nacl/lib/libpthread.a(valgrind_annotations.o)
                                         0x16 (size before relaxing)
 .rodata.str1.1
                0x00000000100204aa       0x27 /Users/yeonwoo-kim/HealthHub/nacl_sdk/pepper_49/toolchain/mac_pnacl/bin/../arm-nacl/lib/libpthread.a(nc_init_irt.o)
 .rodata.str1.1
                0x00000000100204d1       0x55 /Users/yeonwoo-kim/HealthHub/nacl_sdk/pepper_49/toolchain/mac_pnacl/bin/../arm-nacl/lib/libnacl.a(nacl_irt.o)
 .rodata.str1.1
                0x0000000010020526       0x4e /Users/yeonwoo-kim/HealthHub/nacl_sdk/pepper_49/toolchain/mac_pnacl/bin/../arm-nacl/lib/libnacl.a(malloc.o)
 .rodata.str1.1
                0x0000000010020574       0x88 /Users/yeonwoo-kim/HealthHub/nacl_sdk/pepper_49/toolchain/mac_pnacl/bin/../arm-nacl/lib/libnacl.a(nacl_irt_init.o)
 .rodata        0x00000000100205fc       0x13 /Users/yeonwoo-kim/HealthHub/nacl_sdk/pepper_49/toolchain/mac_pnacl/bin/../arm-nacl/lib/libnacl.a(abort.o)
 *fill*         0x000000001002060f        0x1 
 .rodata._global_impure_ptr
                0x0000000010020610        0x4 /Users/yeonwoo-kim/HealthHub/nacl_sdk/pepper_49/toolchain/mac_pnacl/bin/../arm-nacl/lib/libcrt_common.a(lib_a-impure.o)
                0x0000000010020610                _global_impure_ptr
 .rodata.str1.1
                0x0000000010020614       0x88 /Users/yeonwoo-kim/HealthHub/nacl_sdk/pepper_49/toolchain/mac_pnacl/bin/../arm-nacl/lib/libcrt_common.a(lib_a-impure.o)
                                          0x2 (size before relaxing)
 .rodata._vfprintf_r
                0x0000000010020614      0x14c /Users/yeonwoo-kim/HealthHub/nacl_sdk/pepper_49/toolchain/mac_pnacl/bin/../arm-nacl/lib/libcrt_common.a(lib_a-vfprintf.o)
 .rodata._vfprintf_r.blanks
                0x0000000010020760       0x10 /Users/yeonwoo-kim/HealthHub/nacl_sdk/pepper_49/toolchain/mac_pnacl/bin/../arm-nacl/lib/libcrt_common.a(lib_a-vfprintf.o)
 .rodata._vfprintf_r.zeroes
                0x0000000010020770       0x10 /Users/yeonwoo-kim/HealthHub/nacl_sdk/pepper_49/toolchain/mac_pnacl/bin/../arm-nacl/lib/libcrt_common.a(lib_a-vfprintf.o)
 .rodata.str1.1
                0x0000000010020780       0x53 /Users/yeonwoo-kim/HealthHub/nacl_sdk/pepper_49/toolchain/mac_pnacl/bin/../arm-nacl/lib/libcrt_common.a(lib_a-vfprintf.o)
                                         0x55 (size before relaxing)
 *fill*         0x00000000100207d3        0x5 
 .rodata.cst8   0x00000000100207d8       0x18 /Users/yeonwoo-kim/HealthHub/nacl_sdk/pepper_49/toolchain/mac_pnacl/bin/../arm-nacl/lib/libcrt_common.a(lib_a-dtoa.o)
 .rodata._dtoa_r
                0x00000000100207f0       0x18 /Users/yeonwoo-kim/HealthHub/nacl_sdk/pepper_49/toolchain/mac_pnacl/bin/../arm-nacl/lib/libcrt_common.a(lib_a-dtoa.o)
 .rodata.str1.1
                0x0000000010020808        0xd /Users/yeonwoo-kim/HealthHub/nacl_sdk/pepper_49/toolchain/mac_pnacl/bin/../arm-nacl/lib/libcrt_common.a(lib_a-dtoa.o)
                                          0xf (size before relaxing)
 *fill*         0x0000000010020815        0x3 
 .rodata.loadlocale
                0x0000000010020818       0xd4 /Users/yeonwoo-kim/HealthHub/nacl_sdk/pepper_49/toolchain/mac_pnacl/bin/../arm-nacl/lib/libcrt_common.a(lib_a-locale.o)
 .rodata.str1.1
                0x00000000100208ec       0xe8 /Users/yeonwoo-kim/HealthHub/nacl_sdk/pepper_49/toolchain/mac_pnacl/bin/../arm-nacl/lib/libcrt_common.a(lib_a-locale.o)
                                         0xf4 (size before relaxing)
 .rodata.categories
                0x00000000100209d4       0x1c /Users/yeonwoo-kim/HealthHub/nacl_sdk/pepper_49/toolchain/mac_pnacl/bin/../arm-nacl/lib/libcrt_common.a(lib_a-locale.o)
 .rodata.__jis_mbtowc
                0x00000000100209f0       0x18 /Users/yeonwoo-kim/HealthHub/nacl_sdk/pepper_49/toolchain/mac_pnacl/bin/../arm-nacl/lib/libcrt_common.a(lib_a-mbtowc_r.o)
 .rodata.JIS_action_table
                0x0000000010020a08      0x120 /Users/yeonwoo-kim/HealthHub/nacl_sdk/pepper_49/toolchain/mac_pnacl/bin/../arm-nacl/lib/libcrt_common.a(lib_a-mbtowc_r.o)
 .rodata.JIS_state_table
                0x0000000010020b28      0x120 /Users/yeonwoo-kim/HealthHub/nacl_sdk/pepper_49/toolchain/mac_pnacl/bin/../arm-nacl/lib/libcrt_common.a(lib_a-mbtowc_r.o)
 .rodata.cst8   0x0000000010020c48        0x8 /Users/yeonwoo-kim/HealthHub/nacl_sdk/pepper_49/toolchain/mac_pnacl/bin/../arm-nacl/lib/libcrt_common.a(lib_a-mprec.o)
 .rodata.__pow5mult.p05
                0x0000000010020c50        0xc /Users/yeonwoo-kim/HealthHub/nacl_sdk/pepper_49/toolchain/mac_pnacl/bin/../arm-nacl/lib/libcrt_common.a(lib_a-mprec.o)
 *fill*         0x0000000010020c5c        0x4 
 .rodata.__mprec_tens
                0x0000000010020c60       0xc8 /Users/yeonwoo-kim/HealthHub/nacl_sdk/pepper_49/toolchain/mac_pnacl/bin/../arm-nacl/lib/libcrt_common.a(lib_a-mprec.o)
                0x0000000010020c60                __mprec_tens
 .rodata.__mprec_bigtens
                0x0000000010020d28       0x28 /Users/yeonwoo-kim/HealthHub/nacl_sdk/pepper_49/toolchain/mac_pnacl/bin/../arm-nacl/lib/libcrt_common.a(lib_a-mprec.o)
                0x0000000010020d28                __mprec_bigtens
 .rodata.__mprec_tinytens
                0x0000000010020d50       0x28 /Users/yeonwoo-kim/HealthHub/nacl_sdk/pepper_49/toolchain/mac_pnacl/bin/../arm-nacl/lib/libcrt_common.a(lib_a-mprec.o)
                0x0000000010020d50                __mprec_tinytens
 .rodata.cst8   0x0000000010020d78        0x8 /Users/yeonwoo-kim/HealthHub/nacl_sdk/pepper_49/toolchain/mac_pnacl/bin/../arm-nacl/lib/libcrt_common.a(lib_a-s_frexp.o)
 .rodata._svfprintf_r
                0x0000000010020d80      0x14c /Users/yeonwoo-kim/HealthHub/nacl_sdk/pepper_49/toolchain/mac_pnacl/bin/../arm-nacl/lib/libcrt_common.a(lib_a-svfprintf.o)
 .rodata._svfprintf_r.blanks
                0x0000000010020ecc       0x10 /Users/yeonwoo-kim/HealthHub/nacl_sdk/pepper_49/toolchain/mac_pnacl/bin/../arm-nacl/lib/libcrt_common.a(lib_a-svfprintf.o)
 .rodata._svfprintf_r.zeroes
                0x0000000010020edc       0x10 /Users/yeonwoo-kim/HealthHub/nacl_sdk/pepper_49/toolchain/mac_pnacl/bin/../arm-nacl/lib/libcrt_common.a(lib_a-svfprintf.o)
 .rodata.str1.1
                0x0000000010020eec       0x55 /Users/yeonwoo-kim/HealthHub/nacl_sdk/pepper_49/toolchain/mac_pnacl/bin/../arm-nacl/lib/libcrt_common.a(lib_a-svfprintf.o)
 .rodata._vfiprintf_r
                0x0000000010020eec      0x11c /Users/yeonwoo-kim/HealthHub/nacl_sdk/pepper_49/toolchain/mac_pnacl/bin/../arm-nacl/lib/libcrt_common.a(lib_a-vfiprintf.o)
 .rodata._vfiprintf_r.blanks
                0x0000000010021008       0x10 /Users/yeonwoo-kim/HealthHub/nacl_sdk/pepper_49/toolchain/mac_pnacl/bin/../arm-nacl/lib/libcrt_common.a(lib_a-vfiprintf.o)
 .rodata._vfiprintf_r.zeroes
                0x0000000010021018       0x10 /Users/yeonwoo-kim/HealthHub/nacl_sdk/pepper_49/toolchain/mac_pnacl/bin/../arm-nacl/lib/libcrt_common.a(lib_a-vfiprintf.o)
 .rodata.str1.1
                0x0000000010021028       0x43 /Users/yeonwoo-kim/HealthHub/nacl_sdk/pepper_49/toolchain/mac_pnacl/bin/../arm-nacl/lib/libcrt_common.a(lib_a-vfiprintf.o)
 .rodata._ctype_
                0x0000000010021028      0x101 /Users/yeonwoo-kim/HealthHub/nacl_sdk/pepper_49/toolchain/mac_pnacl/bin/../arm-nacl/lib/libcrt_common.a(lib_a-ctype_.o)
                0x0000000010021028                _ctype_
 *fill*         0x0000000010021129        0x3 
 .rodata._svfiprintf_r
                0x000000001002112c      0x11c /Users/yeonwoo-kim/HealthHub/nacl_sdk/pepper_49/toolchain/mac_pnacl/bin/../arm-nacl/lib/libcrt_common.a(lib_a-svfiprintf.o)
 .rodata._svfiprintf_r.blanks
                0x0000000010021248       0x10 /Users/yeonwoo-kim/HealthHub/nacl_sdk/pepper_49/toolchain/mac_pnacl/bin/../arm-nacl/lib/libcrt_common.a(lib_a-svfiprintf.o)
 .rodata._svfiprintf_r.zeroes
                0x0000000010021258       0x10 /Users/yeonwoo-kim/HealthHub/nacl_sdk/pepper_49/toolchain/mac_pnacl/bin/../arm-nacl/lib/libcrt_common.a(lib_a-svfiprintf.o)
 .rodata.str1.1
                0x0000000010021268       0x43 /Users/yeonwoo-kim/HealthHub/nacl_sdk/pepper_49/toolchain/mac_pnacl/bin/../arm-nacl/lib/libcrt_common.a(lib_a-svfiprintf.o)
 .rodata.str1.1
                0x0000000010021268       0x2c /Users/yeonwoo-kim/HealthHub/nacl_sdk/pepper_49/toolchain/mac_pnacl/bin/../arm-nacl/lib/libnacl.a(nacl_irt_fdio.o)
                                         0x42 (size before relaxing)
 *fill*         0x0000000010021294        0xc 
 .rodata        0x00000000100212a0       0x60 /Users/yeonwoo-kim/HealthHub/nacl_sdk/pepper_49/toolchain/mac_pnacl/bin/../lib/clang/3.7.0/lib/arm-nacl/libgcc_eh.a(unwind-dw2-fde-glibc.o)

.rodata1
 *(.rodata1)

.ARM.extab
 *(.ARM.extab* .gnu.linkonce.armextab.*)
                0x0000000010021300                PROVIDE (__exidx_start, .)

.ARM.exidx
 *(.ARM.exidx* .gnu.linkonce.armexidx.*)
                0x0000000010021300                PROVIDE (__exidx_end, .)

.eh_frame_hdr
 *(.eh_frame_hdr)

.eh_frame
 *(.eh_frame)

.gcc_except_table
 *(.gcc_except_table .gcc_except_table.*)

.exception_ranges
 *(.exception_ranges .exception_ranges*)
                0x0000000010021300                . = (ALIGN (0x10000) - ((0x10000 - .) & 0xffff))
                0x0000000010031300                . = DATA_SEGMENT_ALIGN (0x10000, 0x10000)

.eh_frame       0x0000000010031300     0x13a8
 *(.eh_frame)
 .eh_frame      0x0000000010031300        0x0 /Users/yeonwoo-kim/HealthHub/nacl_sdk/pepper_49/toolchain/mac_pnacl/bin/../lib/clang/3.7.0/lib/arm-nacl/crtbeginT.o
 .eh_frame      0x0000000010031300      0x3e8 /Users/yeonwoo-kim/HealthHub/nacl_sdk/pepper_49/toolchain/mac_pnacl/bin/../arm-nacl/lib/libpthread.a(nc_thread.o)
 .eh_frame      0x00000000100316e8      0x138 /Users/yeonwoo-kim/HealthHub/nacl_sdk/pepper_49/toolchain/mac_pnacl/bin/../arm-nacl/lib/libpthread.a(nc_mutex.o)
                                        0x14c (size before relaxing)
 .eh_frame      0x0000000010031820      0x118 /Users/yeonwoo-kim/HealthHub/nacl_sdk/pepper_49/toolchain/mac_pnacl/bin/../arm-nacl/lib/libpthread.a(nc_condvar.o)
                                        0x12c (size before relaxing)
 .eh_frame      0x0000000010031938      0x300 /Users/yeonwoo-kim/HealthHub/nacl_sdk/pepper_49/toolchain/mac_pnacl/bin/../arm-nacl/lib/libpthread.a(valgrind_annotations.o)
                                        0x314 (size before relaxing)
 .eh_frame      0x0000000010031c38       0x1c /Users/yeonwoo-kim/HealthHub/nacl_sdk/pepper_49/toolchain/mac_pnacl/bin/../arm-nacl/lib/libpthread.a(nc_init_irt.o)
                                         0x30 (size before relaxing)
 .eh_frame      0x0000000010031c54      0x110 /Users/yeonwoo-kim/HealthHub/nacl_sdk/pepper_49/toolchain/mac_pnacl/bin/../arm-nacl/lib/libnacl.a(nacl_irt.o)
                                        0x124 (size before relaxing)
 .eh_frame      0x0000000010031d64       0x1c /Users/yeonwoo-kim/HealthHub/nacl_sdk/pepper_49/toolchain/mac_pnacl/bin/../arm-nacl/lib/libnacl.a(_exit.o)
                                         0x30 (size before relaxing)
 .eh_frame      0x0000000010031d80       0x1c /Users/yeonwoo-kim/HealthHub/nacl_sdk/pepper_49/toolchain/mac_pnacl/bin/../arm-nacl/lib/libnacl.a(mmap.o)
                                         0x30 (size before relaxing)
 .eh_frame      0x0000000010031d9c       0x1c /Users/yeonwoo-kim/HealthHub/nacl_sdk/pepper_49/toolchain/mac_pnacl/bin/../arm-nacl/lib/libnacl.a(munmap.o)
                                         0x30 (size before relaxing)
 .eh_frame      0x0000000010031db8       0x14 /Users/yeonwoo-kim/HealthHub/nacl_sdk/pepper_49/toolchain/mac_pnacl/bin/../arm-nacl/lib/libnacl.a(nacl_interface_query.o)
                                         0x28 (size before relaxing)
 .eh_frame      0x0000000010031dcc       0x1c /Users/yeonwoo-kim/HealthHub/nacl_sdk/pepper_49/toolchain/mac_pnacl/bin/../arm-nacl/lib/libnacl.a(write.o)
                                         0x30 (size before relaxing)
 .eh_frame      0x0000000010031de8      0x3c8 /Users/yeonwoo-kim/HealthHub/nacl_sdk/pepper_49/toolchain/mac_pnacl/bin/../arm-nacl/lib/libnacl.a(malloc.o)
                                        0x3dc (size before relaxing)
 .eh_frame      0x00000000100321b0       0x24 /Users/yeonwoo-kim/HealthHub/nacl_sdk/pepper_49/toolchain/mac_pnacl/bin/../arm-nacl/lib/libnacl.a(start.o)
                                         0x38 (size before relaxing)
 .eh_frame      0x00000000100321d4       0x14 /Users/yeonwoo-kim/HealthHub/nacl_sdk/pepper_49/toolchain/mac_pnacl/bin/../arm-nacl/lib/libnacl.a(nacl_read_tp.o)
                                         0x28 (size before relaxing)
 .eh_frame      0x00000000100321e8       0x1c /Users/yeonwoo-kim/HealthHub/nacl_sdk/pepper_49/toolchain/mac_pnacl/bin/../arm-nacl/lib/libnacl.a(pthread_initialize_minimal.o)
                                         0x30 (size before relaxing)
 .eh_frame      0x0000000010032204       0x70 /Users/yeonwoo-kim/HealthHub/nacl_sdk/pepper_49/toolchain/mac_pnacl/bin/../arm-nacl/lib/libnacl.a(tls.o)
                                         0x84 (size before relaxing)
 .eh_frame      0x0000000010032274       0x30 /Users/yeonwoo-kim/HealthHub/nacl_sdk/pepper_49/toolchain/mac_pnacl/bin/../arm-nacl/lib/libnacl.a(nacl_irt_init.o)
                                         0x44 (size before relaxing)
 .eh_frame      0x00000000100322a4       0x14 /Users/yeonwoo-kim/HealthHub/nacl_sdk/pepper_49/toolchain/mac_pnacl/bin/../arm-nacl/lib/libnacl.a(nacl_tls_get.o)
                                         0x28 (size before relaxing)
 .eh_frame      0x00000000100322b8       0x14 /Users/yeonwoo-kim/HealthHub/nacl_sdk/pepper_49/toolchain/mac_pnacl/bin/../arm-nacl/lib/libnacl.a(nacl_tls_init.o)
                                         0x28 (size before relaxing)
 .eh_frame      0x00000000100322cc       0x1c /Users/yeonwoo-kim/HealthHub/nacl_sdk/pepper_49/toolchain/mac_pnacl/bin/../arm-nacl/lib/libnacl.a(abort.o)
                                         0x30 (size before relaxing)
 .eh_frame      0x00000000100322e8       0x1c /Users/yeonwoo-kim/HealthHub/nacl_sdk/pepper_49/toolchain/mac_pnacl/bin/../arm-nacl/lib/libnacl.a(sched_yield.o)
                                         0x30 (size before relaxing)
 .eh_frame      0x0000000010032304       0x1c /Users/yeonwoo-kim/HealthHub/nacl_sdk/pepper_49/toolchain/mac_pnacl/bin/../arm-nacl/lib/libnacl.a(sysconf.o)
                                         0x30 (size before relaxing)
 .eh_frame      0x0000000010032320       0x70 /Users/yeonwoo-kim/HealthHub/nacl_sdk/pepper_49/toolchain/mac_pnacl/bin/../arm-nacl/lib/libcrt_common.a(lib_a-strcmp.o)
 .eh_frame      0x0000000010032390       0x1c /Users/yeonwoo-kim/HealthHub/nacl_sdk/pepper_49/toolchain/mac_pnacl/bin/../arm-nacl/lib/libnacl.a(close.o)
                                         0x30 (size before relaxing)
 .eh_frame      0x00000000100323ac       0x1c /Users/yeonwoo-kim/HealthHub/nacl_sdk/pepper_49/toolchain/mac_pnacl/bin/../arm-nacl/lib/libnacl.a(fstat.o)
                                         0x30 (size before relaxing)
 .eh_frame      0x00000000100323c8       0x20 /Users/yeonwoo-kim/HealthHub/nacl_sdk/pepper_49/toolchain/mac_pnacl/bin/../arm-nacl/lib/libnacl.a(isatty.o)
                                         0x34 (size before relaxing)
 .eh_frame      0x00000000100323e8       0x1c /Users/yeonwoo-kim/HealthHub/nacl_sdk/pepper_49/toolchain/mac_pnacl/bin/../arm-nacl/lib/libnacl.a(lseek.o)
                                         0x30 (size before relaxing)
 .eh_frame      0x0000000010032404       0x1c /Users/yeonwoo-kim/HealthHub/nacl_sdk/pepper_49/toolchain/mac_pnacl/bin/../arm-nacl/lib/libnacl.a(nanosleep.o)
                                         0x30 (size before relaxing)
 .eh_frame      0x0000000010032420       0x1c /Users/yeonwoo-kim/HealthHub/nacl_sdk/pepper_49/toolchain/mac_pnacl/bin/../arm-nacl/lib/libnacl.a(nacl_irt_fdio.o)
                                         0x30 (size before relaxing)
 .eh_frame      0x000000001003243c       0x1c /Users/yeonwoo-kim/HealthHub/nacl_sdk/pepper_49/toolchain/mac_pnacl/bin/../arm-nacl/lib/libnacl.a(read.o)
                                         0x30 (size before relaxing)
 .eh_frame      0x0000000010032458      0x24c /Users/yeonwoo-kim/HealthHub/nacl_sdk/pepper_49/toolchain/mac_pnacl/bin/../lib/clang/3.7.0/lib/arm-nacl/libgcc_eh.a(unwind-dw2-fde-glibc.o)
                                        0x260 (size before relaxing)
 .eh_frame      0x00000000100326a4        0x4 /Users/yeonwoo-kim/HealthHub/nacl_sdk/pepper_49/toolchain/mac_pnacl/bin/../lib/clang/3.7.0/lib/arm-nacl/crtend.o

.gcc_except_table
 *(.gcc_except_table .gcc_except_table.*)

.exception_ranges
 *(.exception_ranges .exception_ranges*)

.tdata          0x00000000100326a8      0x478
 *(.tdata .tdata.* .gnu.linkonce.td.*)
 .tdata._impure_ptr
                0x00000000100326a8        0x4 /Users/yeonwoo-kim/HealthHub/nacl_sdk/pepper_49/toolchain/mac_pnacl/bin/../arm-nacl/lib/libcrt_common.a(lib_a-impure.o)
                0x00000000100326a8                _impure_ptr
 *fill*         0x00000000100326ac        0x4 
 .tdata.impure_data
                0x00000000100326b0      0x470 /Users/yeonwoo-kim/HealthHub/nacl_sdk/pepper_49/toolchain/mac_pnacl/bin/../arm-nacl/lib/libcrt_common.a(lib_a-impure.o)

.tbss           0x0000000010032b20        0x8
 *(.tbss .tbss.* .gnu.linkonce.tb.*)
 .tbss          0x0000000010032b20        0x8 /Users/yeonwoo-kim/HealthHub/nacl_sdk/pepper_49/toolchain/mac_pnacl/bin/../arm-nacl/lib/libpthread.a(nc_thread.o)
 *(.tcommon)

.preinit_array  0x0000000010032b20        0x0
                0x0000000010032b20                PROVIDE (__preinit_array_start, .)
 *(.preinit_array)
                0x0000000010032b20                PROVIDE (__preinit_array_end, .)

.init_array     0x0000000010032b20        0x4
                0x0000000010032b20                PROVIDE (__init_array_start, .)
 *(SORT(.init_array.*) SORT(.ctors.*))
 *(.init_array EXCLUDE_FILE(*crtend?.o *crtend.o *crtbegin?.o *crtbegin.o) .ctors)
 .init_array    0x0000000010032b20        0x4 /Users/yeonwoo-kim/HealthHub/nacl_sdk/pepper_49/toolchain/mac_pnacl/bin/../lib/clang/3.7.0/lib/arm-nacl/crtbeginT.o
                0x0000000010032b24                PROVIDE (__init_array_end, .)

.fini_array     0x0000000010032b24        0x4
                0x0000000010032b24                PROVIDE (__fini_array_start, .)
 *(SORT(.fini_array.*) SORT(.dtors.*))
 *(.fini_array EXCLUDE_FILE(*crtend?.o *crtend.o *crtbegin?.o *crtbegin.o) .dtors)
 .fini_array    0x0000000010032b24        0x4 /Users/yeonwoo-kim/HealthHub/nacl_sdk/pepper_49/toolchain/mac_pnacl/bin/../lib/clang/3.7.0/lib/arm-nacl/crtbeginT.o
                0x0000000010032b28                PROVIDE (__fini_array_end, .)

.ctors
 *crtbegin.o(.ctors)
 *crtbegin?.o(.ctors)
 *(EXCLUDE_FILE(*crtend?.o *crtend.o) .ctors)
 *(SORT(.ctors.*))
 *(.ctors)

.dtors
 *crtbegin.o(.dtors)
 *crtbegin?.o(.dtors)
 *(EXCLUDE_FILE(*crtend?.o *crtend.o) .dtors)
 *(SORT(.dtors.*))
 *(.dtors)

.jcr
 *(.jcr)

.data.rel.ro    0x0000000010032b28       0xc8
 *(.data.rel.ro.local* .gnu.linkonce.d.rel.ro.local.*)
 .data.rel.ro.local
                0x0000000010032b28        0x8 /Users/yeonwoo-kim/HealthHub/nacl_sdk/pepper_49/toolchain/mac_pnacl/bin/../arm-nacl/lib/libppapi_stub.a(thread_creator_ccf263e1.o)
 *(.data.rel.ro .data.rel.ro.* .gnu.linkonce.d.rel.ro.*)
 .data.rel.ro   0x0000000010032b30        0x4 clang-newlib/Release/debugging_arm.o
 .data.rel.ro   0x0000000010032b34       0x18 /Users/yeonwoo-kim/HealthHub/nacl_sdk/pepper_49/lib/clang-newlib_arm/Release/liberror_handling.a(error_handling_arm.o)
 .data.rel.ro   0x0000000010032b4c       0x10 /Users/yeonwoo-kim/HealthHub/nacl_sdk/pepper_49/toolchain/mac_pnacl/bin/../arm-nacl/lib/libppapi_stub.a(ppapi_plugin_main_399d0cf7.o)
 .data.rel.ro   0x0000000010032b5c       0x10 /Users/yeonwoo-kim/HealthHub/nacl_sdk/pepper_49/toolchain/mac_pnacl/bin/../arm-nacl/lib/libppapi_stub.a(ppapi_plugin_start_8da67623.o)
 .data.rel.ro   0x0000000010032b6c        0x4 /Users/yeonwoo-kim/HealthHub/nacl_sdk/pepper_49/toolchain/mac_pnacl/bin/../arm-nacl/lib/libppapi_stub.a(thread_creator_ccf263e1.o)
 .data.rel.ro   0x0000000010032b70       0x20 /Users/yeonwoo-kim/HealthHub/nacl_sdk/pepper_49/toolchain/mac_pnacl/bin/../arm-nacl/lib/libpthread.a(nc_thread.o)
 .data.rel.ro   0x0000000010032b90        0x4 /Users/yeonwoo-kim/HealthHub/nacl_sdk/pepper_49/toolchain/mac_pnacl/bin/../arm-nacl/lib/libnacl.a(malloc.o)
 .data.rel.ro   0x0000000010032b94        0x4 /Users/yeonwoo-kim/HealthHub/nacl_sdk/pepper_49/toolchain/mac_pnacl/bin/../arm-nacl/lib/libcrt_common.a(lib_a-errno.o)
 .data.rel.ro   0x0000000010032b98        0x4 /Users/yeonwoo-kim/HealthHub/nacl_sdk/pepper_49/toolchain/mac_pnacl/bin/../arm-nacl/lib/libcrt_common.a(lib_a-fflush.o)
 .data.rel.ro   0x0000000010032b9c        0x8 /Users/yeonwoo-kim/HealthHub/nacl_sdk/pepper_49/toolchain/mac_pnacl/bin/../arm-nacl/lib/libcrt_common.a(lib_a-findfp.o)
 .data.rel.ro   0x0000000010032ba4        0x4 /Users/yeonwoo-kim/HealthHub/nacl_sdk/pepper_49/toolchain/mac_pnacl/bin/../arm-nacl/lib/libcrt_common.a(lib_a-fprintf.o)
 .data.rel.ro   0x0000000010032ba8        0x4 /Users/yeonwoo-kim/HealthHub/nacl_sdk/pepper_49/toolchain/mac_pnacl/bin/../arm-nacl/lib/libcrt_common.a(lib_a-fwrite.o)
 .data.rel.ro   0x0000000010032bac        0x8 /Users/yeonwoo-kim/HealthHub/nacl_sdk/pepper_49/toolchain/mac_pnacl/bin/../arm-nacl/lib/libcrt_common.a(lib_a-getenv.o)
 .data.rel.ro   0x0000000010032bb4        0x8 /Users/yeonwoo-kim/HealthHub/nacl_sdk/pepper_49/toolchain/mac_pnacl/bin/../arm-nacl/lib/libcrt_common.a(lib_a-impure.o)
 .data.rel.ro   0x0000000010032bbc        0x4 /Users/yeonwoo-kim/HealthHub/nacl_sdk/pepper_49/toolchain/mac_pnacl/bin/../arm-nacl/lib/libcrt_common.a(lib_a-vfprintf.o)
 .data.rel.ro   0x0000000010032bc0        0x4 /Users/yeonwoo-kim/HealthHub/nacl_sdk/pepper_49/toolchain/mac_pnacl/bin/../arm-nacl/lib/libcrt_common.a(lib_a-vsnprintf.o)
 .data.rel.ro   0x0000000010032bc4        0x4 /Users/yeonwoo-kim/HealthHub/nacl_sdk/pepper_49/toolchain/mac_pnacl/bin/../arm-nacl/lib/libcrt_common.a(lib_a-vsprintf.o)
 .data.rel.ro   0x0000000010032bc8        0x4 /Users/yeonwoo-kim/HealthHub/nacl_sdk/pepper_49/toolchain/mac_pnacl/bin/../arm-nacl/lib/libcrt_common.a(lib_a-wcrtomb.o)
 .data.rel.ro   0x0000000010032bcc        0x4 /Users/yeonwoo-kim/HealthHub/nacl_sdk/pepper_49/toolchain/mac_pnacl/bin/../arm-nacl/lib/libcrt_common.a(lib_a-wcsrtombs.o)
 .data.rel.ro   0x0000000010032bd0        0x4 /Users/yeonwoo-kim/HealthHub/nacl_sdk/pepper_49/toolchain/mac_pnacl/bin/../arm-nacl/lib/libcrt_common.a(lib_a-wsetup.o)
 .data.rel.ro   0x0000000010032bd4        0x4 /Users/yeonwoo-kim/HealthHub/nacl_sdk/pepper_49/toolchain/mac_pnacl/bin/../arm-nacl/lib/libcrt_common.a(lib_a-fclose.o)
 .data.rel.ro   0x0000000010032bd8        0x4 /Users/yeonwoo-kim/HealthHub/nacl_sdk/pepper_49/toolchain/mac_pnacl/bin/../arm-nacl/lib/libcrt_common.a(lib_a-locale.o)
 .data.rel.ro   0x0000000010032bdc        0x4 /Users/yeonwoo-kim/HealthHub/nacl_sdk/pepper_49/toolchain/mac_pnacl/bin/../arm-nacl/lib/libcrt_common.a(lib_a-strtol.o)
 .data.rel.ro   0x0000000010032be0        0x4 /Users/yeonwoo-kim/HealthHub/nacl_sdk/pepper_49/toolchain/mac_pnacl/bin/../arm-nacl/lib/libcrt_common.a(lib_a-vfiprintf.o)
 .data.rel.ro   0x0000000010032be4        0x4 /Users/yeonwoo-kim/HealthHub/nacl_sdk/pepper_49/toolchain/mac_pnacl/bin/../arm-nacl/lib/libcrt_common.a(lib_a-wcsnrtombs.o)
 .data.rel.ro   0x0000000010032be8        0x4 /Users/yeonwoo-kim/HealthHub/nacl_sdk/pepper_49/toolchain/mac_pnacl/bin/../arm-nacl/lib/libcrt_common.a(lib_a-fputwc.o)