Archive member included because of file (symbol)

/Users/yeonwoo-kim/HealthHub/nacl_sdk/pepper_49/lib/clang-newlib_x86_32/Release/liberror_handling.a(error_handling_x86_32.o)
                              clang-newlib/Release/debugging_x86_32.o (EHRequestExceptionsJson)
/Users/yeonwoo-kim/HealthHub/nacl_sdk/pepper_49/lib/clang-newlib_x86_32/Release/liberror_handling.a(string_stream_x86_32.o)
                              /Users/yeonwoo-kim/HealthHub/nacl_sdk/pepper_49/lib/clang-newlib_x86_32/Release/liberror_handling.a(error_handling_x86_32.o) (ssinit)
/Users/yeonwoo-kim/HealthHub/nacl_sdk/pepper_49/toolchain/mac_pnacl/bin/../x86_64-nacl/lib32/libppapi_stub.a(plugin_main_irt_21ce9d26.o)
                              (main)
/Users/yeonwoo-kim/HealthHub/nacl_sdk/pepper_49/toolchain/mac_pnacl/bin/../x86_64-nacl/lib32/libppapi_stub.a(ppapi_plugin_main_399d0cf7.o)
                              /Users/yeonwoo-kim/HealthHub/nacl_sdk/pepper_49/toolchain/mac_pnacl/bin/../x86_64-nacl/lib32/libppapi_stub.a(plugin_main_irt_21ce9d26.o) (PpapiPluginMain)
/Users/yeonwoo-kim/HealthHub/nacl_sdk/pepper_49/toolchain/mac_pnacl/bin/../x86_64-nacl/lib32/libppapi_stub.a(ppapi_plugin_start_8da67623.o)
                              /Users/yeonwoo-kim/HealthHub/nacl_sdk/pepper_49/toolchain/mac_pnacl/bin/../x86_64-nacl/lib32/libppapi_stub.a(ppapi_plugin_main_399d0cf7.o) (PpapiPluginStart)
/Users/yeonwoo-kim/HealthHub/nacl_sdk/pepper_49/toolchain/mac_pnacl/bin/../x86_64-nacl/lib32/libppapi_stub.a(thread_creator_ccf263e1.o)
                              /Users/yeonwoo-kim/HealthHub/nacl_sdk/pepper_49/toolchain/mac_pnacl/bin/../x86_64-nacl/lib32/libppapi_stub.a(ppapi_plugin_start_8da67623.o) (__nacl_register_thread_creator)
/Users/yeonwoo-kim/HealthHub/nacl_sdk/pepper_49/toolchain/mac_pnacl/bin/../x86_64-nacl/lib32/libpthread.a(nc_thread.o)
                              clang-newlib/Release/debugging_x86_32.o (pthread_create)
/Users/yeonwoo-kim/HealthHub/nacl_sdk/pepper_49/toolchain/mac_pnacl/bin/../x86_64-nacl/lib32/libpthread.a(nc_mutex.o)
                              /Users/yeonwoo-kim/HealthHub/nacl_sdk/pepper_49/toolchain/mac_pnacl/bin/../x86_64-nacl/lib32/libpthread.a(nc_thread.o) (pthread_mutex_destroy)
/Users/yeonwoo-kim/HealthHub/nacl_sdk/pepper_49/toolchain/mac_pnacl/bin/../x86_64-nacl/lib32/libpthread.a(nc_condvar.o)
                              /Users/yeonwoo-kim/HealthHub/nacl_sdk/pepper_49/toolchain/mac_pnacl/bin/../x86_64-nacl/lib32/libpthread.a(nc_thread.o) (pthread_cond_destroy)
/Users/yeonwoo-kim/HealthHub/nacl_sdk/pepper_49/toolchain/mac_pnacl/bin/../x86_64-nacl/lib32/libpthread.a(valgrind_annotations.o)
                              /Users/yeonwoo-kim/HealthHub/nacl_sdk/pepper_49/toolchain/mac_pnacl/bin/../x86_64-nacl/lib32/libpthread.a(nc_thread.o) (NACL_AnnotateCondVarWait)
/Users/yeonwoo-kim/HealthHub/nacl_sdk/pepper_49/toolchain/mac_pnacl/bin/../x86_64-nacl/lib32/libpthread.a(nc_init_irt.o)
                              /Users/yeonwoo-kim/HealthHub/nacl_sdk/pepper_49/toolchain/mac_pnacl/bin/../x86_64-nacl/lib32/libpthread.a(nc_mutex.o) (__libnacl_irt_futex)
/Users/yeonwoo-kim/HealthHub/nacl_sdk/pepper_49/toolchain/mac_pnacl/bin/../x86_64-nacl/lib32/libnacl.a(nacl_irt.o)
                              /Users/yeonwoo-kim/HealthHub/nacl_sdk/pepper_49/toolchain/mac_pnacl/bin/../x86_64-nacl/lib32/libpthread.a(nc_init_irt.o) (__libnacl_mandatory_irt_query)
/Users/yeonwoo-kim/HealthHub/nacl_sdk/pepper_49/toolchain/mac_pnacl/bin/../x86_64-nacl/lib32/libnacl.a(_exit.o)
                              (_exit)
/Users/yeonwoo-kim/HealthHub/nacl_sdk/pepper_49/toolchain/mac_pnacl/bin/../x86_64-nacl/lib32/libnacl.a(mmap.o)
                              /Users/yeonwoo-kim/HealthHub/nacl_sdk/pepper_49/lib/clang-newlib_x86_32/Release/liberror_handling.a(error_handling_x86_32.o) (mmap)
/Users/yeonwoo-kim/HealthHub/nacl_sdk/pepper_49/toolchain/mac_pnacl/bin/../x86_64-nacl/lib32/libnacl.a(munmap.o)
                              /Users/yeonwoo-kim/HealthHub/nacl_sdk/pepper_49/lib/clang-newlib_x86_32/Release/liberror_handling.a(error_handling_x86_32.o) (munmap)
/Users/yeonwoo-kim/HealthHub/nacl_sdk/pepper_49/toolchain/mac_pnacl/bin/../x86_64-nacl/lib32/libnacl.a(nacl_interface_query.o)
                              /Users/yeonwoo-kim/HealthHub/nacl_sdk/pepper_49/lib/clang-newlib_x86_32/Release/liberror_handling.a(error_handling_x86_32.o) (nacl_interface_query)
/Users/yeonwoo-kim/HealthHub/nacl_sdk/pepper_49/toolchain/mac_pnacl/bin/../x86_64-nacl/lib32/libnacl.a(write.o)
                              /Users/yeonwoo-kim/HealthHub/nacl_sdk/pepper_49/toolchain/mac_pnacl/bin/../x86_64-nacl/lib32/libppapi_stub.a(ppapi_plugin_start_8da67623.o) (write)
/Users/yeonwoo-kim/HealthHub/nacl_sdk/pepper_49/toolchain/mac_pnacl/bin/../x86_64-nacl/lib32/libnacl.a(environ.o)
                              /Users/yeonwoo-kim/HealthHub/nacl_sdk/pepper_49/toolchain/mac_pnacl/bin/../x86_64-nacl/lib32/libppapi_stub.a(ppapi_plugin_start_8da67623.o) (environ)
[...]
Memory Configuration

Name             Origin             Length             Attributes
*default*        0x0000000000000000 0xffffffffffffffff

Linker script and memory map

LOAD /Users/yeonwoo-kim/HealthHub/nacl_sdk/pepper_49/toolchain/mac_pnacl/bin/../x86_64-nacl/lib32/crt1.o
LOAD /Users/yeonwoo-kim/HealthHub/nacl_sdk/pepper_49/toolchain/mac_pnacl/bin/../x86_64-nacl/lib32/crti.o
LOAD /Users/yeonwoo-kim/HealthHub/nacl_sdk/pepper_49/toolchain/mac_pnacl/bin/../lib/clang/3.7.0/lib/i686-nacl/crtbeginT.o
LOAD clang-newlib/Release/debugging_x86_32.o
LOAD /Users/yeonwoo-kim/HealthHub/nacl_sdk/pepper_49/lib/clang-newlib_x86_32/Release/liberror_handling.a
LOAD /Users/yeonwoo-kim/HealthHub/nacl_sdk/pepper_49/toolchain/mac_pnacl/bin/../x86_64-nacl/lib32/libppapi.a
LOAD /Users/yeonwoo-kim/HealthHub/nacl_sdk/pepper_49/toolchain/mac_pnacl/bin/../x86_64-nacl/lib32/libppapi_stub.a
LOAD /Users/yeonwoo-kim/HealthHub/nacl_sdk/pepper_49/toolchain/mac_pnacl/bin/../x86_64-nacl/lib32/libpthread.a
LOAD /Users/yeonwoo-kim/HealthHub/nacl_sdk/pepper_49/toolchain/mac_pnacl/bin/../x86_64-nacl/lib32/libc++.a
LOAD /Users/yeonwoo-kim/HealthHub/nacl_sdk/pepper_49/toolchain/mac_pnacl/bin/../x86_64-nacl/lib32/libm.a
START GROUP
LOAD /Users/yeonwoo-kim/HealthHub/nacl_sdk/pepper_49/toolchain/mac_pnacl/bin/../x86_64-nacl/lib32/libc.a
START GROUP
LOAD /Users/yeonwoo-kim/HealthHub/nacl_sdk/pepper_49/toolchain/mac_pnacl/bin/../x86_64-nacl/lib32/libnacl.a
LOAD /Users/yeonwoo-kim/HealthHub/nacl_sdk/pepper_49/toolchain/mac_pnacl/bin/../x86_64-nacl/lib32/libcrt_common.a
END GROUP
LOAD /Users/yeonwoo-kim/HealthHub/nacl_sdk/pepper_49/toolchain/mac_pnacl/bin/../x86_64-nacl/lib32/libpthread.a
LOAD /Users/yeonwoo-kim/HealthHub/nacl_sdk/pepper_49/toolchain/mac_pnacl/bin/../lib/clang/3.7.0/lib/i686-nacl/libgcc.a
LOAD /Users/yeonwoo-kim/HealthHub/nacl_sdk/pepper_49/toolchain/mac_pnacl/bin/../lib/clang/3.7.0/lib/i686-nacl/libgcc_eh.a
END GROUP
LOAD /Users/yeonwoo-kim/HealthHub/nacl_sdk/pepper_49/toolchain/mac_pnacl/bin/../lib/clang/3.7.0/lib/i686-nacl/crtend.o
LOAD /Users/yeonwoo-kim/HealthHub/nacl_sdk/pepper_49/toolchain/mac_pnacl/bin/../x86_64-nacl/lib32/crtn.o
                0x0000000000020000                PROVIDE (__executable_start, 0x20000)
                0x0000000000020000                . = 0x20000

.init
 *(SORT(.init))

.plt            0x0000000000020000        0x0
 *(.plt)
 *(.iplt)
 .iplt          0x0000000000000000        0x0 /Users/yeonwoo-kim/HealthHub/nacl_sdk/pepper_49/toolchain/mac_pnacl/bin/../lib/clang/3.7.0/lib/i686-nacl/crtbeginT.o

.text           0x0000000000020000    0x207c0
 *(.text.unlikely .text.*_unlikely .text.unlikely.*)
 *(.text.exit .text.exit.*)
 .text.exit     0x0000000000020000       0x60 /Users/yeonwoo-kim/HealthHub/nacl_sdk/pepper_49/toolchain/mac_pnacl/bin/../x86_64-nacl/lib32/libcrt_common.a(lib_a-exit.o)
                0x0000000000020000                exit
 *(.text.startup .text.startup.*)
 *(.text.hot .text.hot.*)
 *(.text .stub .text.* .gnu.linkonce.t.*)
 .text          0x0000000000020060       0x40 /Users/yeonwoo-kim/HealthHub/nacl_sdk/pepper_49/toolchain/mac_pnacl/bin/../x86_64-nacl/lib32/crti.o
                0x0000000000020060                _init
                0x0000000000020080                _fini
 .text          0x00000000000200a0       0x80 /Users/yeonwoo-kim/HealthHub/nacl_sdk/pepper_49/toolchain/mac_pnacl/bin/../lib/clang/3.7.0/lib/i686-nacl/crtbeginT.o
 .text          0x0000000000020120      0x640 clang-newlib/Release/debugging_x86_32.o
                0x0000000000020120                layer5
                0x0000000000020140                layer4
                0x0000000000020160                layer3
                0x00000000000201a0                layer2
                0x00000000000201e0                layer1
                0x0000000000020220                NexeMain
                0x0000000000020280                PostMessage
                0x00000000000203e0                DumpJson
                0x00000000000204a0                PPP_InitializeModule
                0x0000000000020520                PPP_GetInterface
                0x0000000000020740                PPP_ShutdownModule
 .text          0x0000000000020760      0x880 /Users/yeonwoo-kim/HealthHub/nacl_sdk/pepper_49/lib/clang-newlib_x86_32/Release/liberror_handling.a(error_handling_x86_32.o)
                0x0000000000020760                EHGetTopFrame
                0x00000000000207a0                EHUnwindFrame
                0x0000000000020800                EHDefaultJsonHandler
                0x0000000000020ba0                EHRequestExceptionsRaw
                0x0000000000020da0                EHRequestExceptionStackOnThread
                0x0000000000020f80                EHRequestExceptionsJson
                0x0000000000020fc0                EHHanderInstalled
 .text          0x0000000000020fe0      0x1c0 /Users/yeonwoo-kim/HealthHub/nacl_sdk/pepper_49/lib/clang-newlib_x86_32/Release/liberror_handling.a(string_stream_x86_32.o)
                0x0000000000020fe0                ssinit
                0x0000000000021000                ssfree
                0x0000000000021040                ssvprintf
                0x0000000000021140                ssprintf
 .text          0x00000000000211a0       0x40 /Users/yeonwoo-kim/HealthHub/nacl_sdk/pepper_49/toolchain/mac_pnacl/bin/../x86_64-nacl/lib32/libppapi_stub.a(plugin_main_irt_21ce9d26.o)
                0x00000000000211a0                main
 .text          0x00000000000211e0       0x60 /Users/yeonwoo-kim/HealthHub/nacl_sdk/pepper_49/toolchain/mac_pnacl/bin/../x86_64-nacl/lib32/libppapi_stub.a(ppapi_plugin_main_399d0cf7.o)
                0x00000000000211e0                PpapiPluginMain
 .text          0x0000000000021240      0x1a0 /Users/yeonwoo-kim/HealthHub/nacl_sdk/pepper_49/toolchain/mac_pnacl/bin/../x86_64-nacl/lib32/libppapi_stub.a(ppapi_plugin_start_8da67623.o)
                0x0000000000021240                PpapiPluginStart
 .text          0x00000000000213e0      0x140 /Users/yeonwoo-kim/HealthHub/nacl_sdk/pepper_49/toolchain/mac_pnacl/bin/../x86_64-nacl/lib32/libppapi_stub.a(thread_creator_ccf263e1.o)
                0x00000000000213e0                __nacl_register_thread_creator
 .text          0x0000000000021520     0x1760 /Users/yeonwoo-kim/HealthHub/nacl_sdk/pepper_49/toolchain/mac_pnacl/bin/../x86_64-nacl/lib32/libpthread.a(nc_thread.o)
                0x0000000000021520                __nc_initialize_globals
                0x0000000000021620                __nc_initialize_unjoinable_thread
                0x00000000000216c0                __pthread_initialize
                0x0000000000021880                pthread_create
                0x0000000000021e20                pthread_cleanup_push
                0x0000000000021e80                pthread_cleanup_pop
                0x0000000000021f00                pthread_exit
                0x0000000000022340                __nc_tsd_exit
                0x0000000000022420                pthread_join
                0x0000000000022560                pthread_self
                0x00000000000225a0                pthread_detach
                0x0000000000022660                pthread_kill
                0x0000000000022680                pthread_equal
                0x00000000000226a0                pthread_setschedprio
                0x0000000000022720                pthread_attr_init
                0x0000000000022760                pthread_attr_destroy
                0x0000000000022780                pthread_attr_setdetachstate
                0x00000000000227a0                pthread_attr_getdetachstate
                0x00000000000227c0                pthread_attr_setscope
                0x0000000000022800                pthread_attr_getscope
                0x0000000000022820                pthread_attr_setstacksize
                0x0000000000022860                pthread_attr_getstacksize
                0x0000000000022880                __local_lock_init
                0x0000000000022900                __local_lock_init_recursive
                0x0000000000022980                __local_lock_close
                0x00000000000229a0                __local_lock_close_recursive
                0x00000000000229c0                __local_lock_acquire
                0x00000000000229e0                __local_lock_acquire_recursive
                0x0000000000022a00                __local_lock_try_acquire
                0x0000000000022a40                __local_lock_try_acquire_recursive
                0x0000000000022a80                __local_lock_release
                0x0000000000022aa0                __local_lock_release_recursive
                0x0000000000022ac0                pthread_key_create
                0x0000000000022b40                pthread_key_delete
                0x0000000000022ba0                pthread_setspecific
                0x0000000000022c40                pthread_getspecific
 .text          0x0000000000022c80      0x660 /Users/yeonwoo-kim/HealthHub/nacl_sdk/pepper_49/toolchain/mac_pnacl/bin/../x86_64-nacl/lib32/libpthread.a(nc_mutex.o)
                0x0000000000022c80                pthread_mutex_init
                0x0000000000022cc0                pthread_mutex_destroy
                0x0000000000022d00                pthread_mutex_trylock
                0x0000000000022d80                pthread_mutex_lock
                0x0000000000022ea0                pthread_mutex_timedlock
                0x0000000000023060                pthread_mutex_unlock
                0x0000000000023140                pthread_once
                0x0000000000023220                pthread_mutexattr_init
                0x0000000000023240                pthread_mutexattr_destroy
                0x0000000000023260                pthread_mutexattr_settype
                0x0000000000023280                pthread_mutexattr_gettype
                0x00000000000232a0                pthread_mutexattr_setpshared
                0x00000000000232c0                pthread_mutexattr_getpshared
 .text          0x00000000000232e0      0x2c0 /Users/yeonwoo-kim/HealthHub/nacl_sdk/pepper_49/toolchain/mac_pnacl/bin/../x86_64-nacl/lib32/libpthread.a(nc_condvar.o)
                0x00000000000232e0                pthread_cond_init
                0x0000000000023300                pthread_cond_destroy
                0x0000000000023320                pthread_cond_signal
                0x0000000000023380                pthread_cond_broadcast
                0x00000000000233e0                pthread_cond_wait
                0x0000000000023460                pthread_cond_timedwait_abs
                0x00000000000234e0                pthread_condattr_init
                0x0000000000023500                pthread_condattr_destroy
                0x0000000000023520                pthread_condattr_getpshared
                0x0000000000023540                pthread_condattr_setpshared
                0x0000000000023560                pthread_condattr_getclock
                0x0000000000023580                pthread_condattr_setclock
 .text          0x00000000000235a0      0x500 /Users/yeonwoo-kim/HealthHub/nacl_sdk/pepper_49/toolchain/mac_pnacl/bin/../x86_64-nacl/lib32/libpthread.a(valgrind_annotations.o)
                0x00000000000235a0                NACL_AnnotateRWLockCreate
                0x00000000000235c0                NACL_AnnotateRWLockDestroy
                0x00000000000235e0                NACL_AnnotateRWLockAcquired
                0x0000000000023600                NACL_AnnotateRWLockReleased
                0x0000000000023620                NACL_AnnotateBarrierInit
                0x0000000000023640                NACL_AnnotateBarrierWaitBefore
                0x0000000000023660                NACL_AnnotateBarrierWaitAfter
                0x0000000000023680                NACL_AnnotateBarrierDestroy
                0x00000000000236a0                NACL_AnnotateCondVarWait
                0x00000000000236c0                NACL_AnnotateCondVarSignal
                0x00000000000236e0                NACL_AnnotateCondVarSignalAll
                0x0000000000023700                NACL_AnnotateHappensBefore
                0x0000000000023720                NACL_AnnotateHappensAfter
                0x0000000000023740                NACL_AnnotatePublishMemoryRange
                0x0000000000023760                NACL_AnnotateUnpublishMemoryRange
                0x0000000000023780                NACL_AnnotatePCQCreate
                0x00000000000237a0                NACL_AnnotatePCQDestroy
                0x00000000000237c0                NACL_AnnotatePCQPut
                0x00000000000237e0                NACL_AnnotatePCQGet
                0x0000000000023800                NACL_AnnotateNewMemory
                0x0000000000023820                NACL_AnnotateExpectRace
                0x0000000000023840                NACL_AnnotateFlushExpectedRaces
                0x0000000000023860                NACL_AnnotateBenignRace
                0x0000000000023880                NACL_AnnotateBenignRaceSized
                0x00000000000238a0                NACL_AnnotateMutexIsUsedAsCondVar
                0x00000000000238c0                NACL_AnnotateMutexIsNotPHB
                0x00000000000238e0                NACL_AnnotateTraceMemory
                0x0000000000023900                NACL_AnnotateThreadName
                0x0000000000023920                NACL_AnnotateIgnoreReadsBegin
                0x0000000000023940                NACL_AnnotateIgnoreReadsEnd
                0x0000000000023960                NACL_AnnotateIgnoreWritesBegin
                0x0000000000023980                NACL_AnnotateIgnoreWritesEnd
                0x00000000000239a0                NACL_AnnotateIgnoreSyncBegin
                0x00000000000239c0                NACL_AnnotateIgnoreSyncEnd
                0x00000000000239e0                NACL_AnnotateEnableRaceDetection
                0x0000000000023a00                NACL_AnnotateNoOp
                0x0000000000023a20                NACL_AnnotateFlushState
                0x0000000000023a40                RunningOnValgrind
 .text          0x0000000000023aa0       0x60 /Users/yeonwoo-kim/HealthHub/nacl_sdk/pepper_49/toolchain/mac_pnacl/bin/../x86_64-nacl/lib32/libpthread.a(nc_init_irt.o)
                0x0000000000023aa0                __nc_initialize_interfaces
 .text          0x0000000000023b00      0x2c0 /Users/yeonwoo-kim/HealthHub/nacl_sdk/pepper_49/toolchain/mac_pnacl/bin/../x86_64-nacl/lib32/libnacl.a(nacl_irt.o)
                0x0000000000023c00                __libnacl_irt_query
                0x0000000000023ce0                __libnacl_mandatory_irt_query
                0x0000000000023d60                __libnacl_irt_init_fn
 .text          0x0000000000023dc0       0x40 /Users/yeonwoo-kim/HealthHub/nacl_sdk/pepper_49/toolchain/mac_pnacl/bin/../x86_64-nacl/lib32/libnacl.a(_exit.o)
                0x0000000000023dc0                _exit
 .text          0x0000000000023e00       0xa0 /Users/yeonwoo-kim/HealthHub/nacl_sdk/pepper_49/toolchain/mac_pnacl/bin/../x86_64-nacl/lib32/libnacl.a(mmap.o)
                0x0000000000023e00                mmap
 .text          0x0000000000023ea0       0x60 /Users/yeonwoo-kim/HealthHub/nacl_sdk/pepper_49/toolchain/mac_pnacl/bin/../x86_64-nacl/lib32/libnacl.a(munmap.o)
                0x0000000000023ea0                munmap
 .text          0x0000000000023f00       0x20 /Users/yeonwoo-kim/HealthHub/nacl_sdk/pepper_49/toolchain/mac_pnacl/bin/../x86_64-nacl/lib32/libnacl.a(nacl_interface_query.o)
                0x0000000000023f00                nacl_interface_query
 .text          0x0000000000023f20       0x80 /Users/yeonwoo-kim/HealthHub/nacl_sdk/pepper_49/toolchain/mac_pnacl/bin/../x86_64-nacl/lib32/libnacl.a(write.o)
                0x0000000000023f20                write
 .text          0x0000000000023fa0        0x0 /Users/yeonwoo-kim/HealthHub/nacl_sdk/pepper_49/toolchain/mac_pnacl/bin/../x86_64-nacl/lib32/libnacl.a(environ.o)
 .text          0x0000000000023fa0     0x51a0 /Users/yeonwoo-kim/HealthHub/nacl_sdk/pepper_49/toolchain/mac_pnacl/bin/../x86_64-nacl/lib32/libnacl.a(malloc.o)
                0x0000000000023fa0                malloc
                0x0000000000025a20                free
                0x0000000000026a40                calloc
                0x0000000000026ac0                realloc
                0x00000000000270c0                realloc_in_place
                0x00000000000271c0                memalign
                0x0000000000027420                posix_memalign
                0x00000000000274c0                valloc
                0x0000000000027620                pvalloc
                0x0000000000027780                independent_calloc
                0x0000000000027c20                independent_comalloc
                0x0000000000027c60                bulk_free
                0x0000000000027de0                malloc_trim
                0x0000000000027fa0                malloc_footprint
                0x0000000000027fc0                malloc_max_footprint
                0x0000000000027fe0                malloc_footprint_limit
                0x0000000000028000                malloc_set_footprint_limit
                0x0000000000028040                mallinfo
                0x0000000000028320                malloc_stats
                0x0000000000028600                mallopt
                0x0000000000028760                malloc_usable_size
                0x00000000000287a0                _malloc_r
                0x00000000000287e0                _calloc_r
                0x0000000000028860                _realloc_r
                0x00000000000288a0                _free_r
 .text          0x0000000000029140      0x100 /Users/yeonwoo-kim/HealthHub/nacl_sdk/pepper_49/toolchain/mac_pnacl/bin/../x86_64-nacl/lib32/libnacl.a(start.o)
                0x0000000000029140                _start
 .text          0x0000000000029240       0x20 /Users/yeonwoo-kim/HealthHub/nacl_sdk/pepper_49/toolchain/mac_pnacl/bin/../x86_64-nacl/lib32/libnacl.a(nacl_read_tp.o)
                0x0000000000029240                __nacl_read_tp
 .text          0x0000000000029260       0xe0 /Users/yeonwoo-kim/HealthHub/nacl_sdk/pepper_49/toolchain/mac_pnacl/bin/../x86_64-nacl/lib32/libnacl.a(pthread_initialize_minimal.o)
                0x0000000000029260                __pthread_initialize_minimal
 .text          0x0000000000029340      0x2a0 /Users/yeonwoo-kim/HealthHub/nacl_sdk/pepper_49/toolchain/mac_pnacl/bin/../x86_64-nacl/lib32/libnacl.a(tls.o)
                0x0000000000029340                __nacl_tls_initialize_memory
                0x0000000000029580                __nacl_tls_combined_size
 .text          0x00000000000295e0      0x180 /Users/yeonwoo-kim/HealthHub/nacl_sdk/pepper_49/toolchain/mac_pnacl/bin/../x86_64-nacl/lib32/libnacl.a(nacl_irt_init.o)
                0x00000000000295e0                __libnacl_irt_init
 .text          0x0000000000029760       0x20 /Users/yeonwoo-kim/HealthHub/nacl_sdk/pepper_49/toolchain/mac_pnacl/bin/../x86_64-nacl/lib32/libnacl.a(nacl_tls_get.o)
                0x0000000000029760                nacl_tls_get
 .text          0x0000000000029780       0x20 /Users/yeonwoo-kim/HealthHub/nacl_sdk/pepper_49/toolchain/mac_pnacl/bin/../x86_64-nacl/lib32/libnacl.a(nacl_tls_init.o)
                0x0000000000029780                nacl_tls_init
 .text          0x00000000000297a0       0x40 /Users/yeonwoo-kim/HealthHub/nacl_sdk/pepper_49/toolchain/mac_pnacl/bin/../x86_64-nacl/lib32/libnacl.a(abort.o)
                0x00000000000297a0                abort
 .text          0x00000000000297e0       0x60 /Users/yeonwoo-kim/HealthHub/nacl_sdk/pepper_49/toolchain/mac_pnacl/bin/../x86_64-nacl/lib32/libnacl.a(sched_yield.o)
                0x00000000000297e0                sched_yield
 .text          0x0000000000029840       0x60 /Users/yeonwoo-kim/HealthHub/nacl_sdk/pepper_49/toolchain/mac_pnacl/bin/../x86_64-nacl/lib32/libnacl.a(sysconf.o)
                0x0000000000029840                sysconf
 .text          0x00000000000298a0        0x0 /Users/yeonwoo-kim/HealthHub/nacl_sdk/pepper_49/toolchain/mac_pnacl/bin/../x86_64-nacl/lib32/libcrt_common.a(lib_a-atexit.o)
 .text.atexit   0x00000000000298a0       0x60 /Users/yeonwoo-kim/HealthHub/nacl_sdk/pepper_49/toolchain/mac_pnacl/bin/../x86_64-nacl/lib32/libcrt_common.a(lib_a-atexit.o)
                0x00000000000298a0                atexit
 .text          0x0000000000029900        0x0 /Users/yeonwoo-kim/HealthHub/nacl_sdk/pepper_49/toolchain/mac_pnacl/bin/../x86_64-nacl/lib32/libcrt_common.a(lib_a-errno.o)
 .text.__errno  0x0000000000029900       0x20 /Users/yeonwoo-kim/HealthHub/nacl_sdk/pepper_49/toolchain/mac_pnacl/bin/../x86_64-nacl/lib32/libcrt_common.a(lib_a-errno.o)
                0x0000000000029900                __errno
 .text          0x0000000000029920        0x0 /Users/yeonwoo-kim/HealthHub/nacl_sdk/pepper_49/toolchain/mac_pnacl/bin/../x86_64-nacl/lib32/libcrt_common.a(lib_a-exit.o)
 .text          0x0000000000029920        0x0 /Users/yeonwoo-kim/HealthHub/nacl_sdk/pepper_49/toolchain/mac_pnacl/bin/../x86_64-nacl/lib32/libcrt_common.a(lib_a-fflush.o)
 .text.__sflush_r
                0x0000000000029920      0x240 /Users/yeonwoo-kim/HealthHub/nacl_sdk/pepper_49/toolchain/mac_pnacl/bin/../x86_64-nacl/lib32/libcrt_common.a(lib_a-fflush.o)
                0x0000000000029920                __sflush_r
 .text._fflush_r
                0x0000000000029b60       0xc0 /Users/yeonwoo-kim/HealthHub/nacl_sdk/pepper_49/toolchain/mac_pnacl/bin/../x86_64-nacl/lib32/libcrt_common.a(lib_a-fflush.o)
                0x0000000000029b60                _fflush_r
 .text.fflush   0x0000000000029c20       0xe0 /Users/yeonwoo-kim/HealthHub/nacl_sdk/pepper_49/toolchain/mac_pnacl/bin/../x86_64-nacl/lib32/libcrt_common.a(lib_a-fflush.o)
                0x0000000000029c20                fflush
 .text          0x0000000000029d00        0x0 /Users/yeonwoo-kim/HealthHub/nacl_sdk/pepper_49/toolchain/mac_pnacl/bin/../x86_64-nacl/lib32/libcrt_common.a(lib_a-findfp.o)
 .text.__sfmoreglue
                0x0000000000029d00       0xa0 /Users/yeonwoo-kim/HealthHub/nacl_sdk/pepper_49/toolchain/mac_pnacl/bin/../x86_64-nacl/lib32/libcrt_common.a(lib_a-findfp.o)
                0x0000000000029d00                __sfmoreglue
 .text.__sfp    0x0000000000029da0      0x220 /Users/yeonwoo-kim/HealthHub/nacl_sdk/pepper_49/toolchain/mac_pnacl/bin/../x86_64-nacl/lib32/libcrt_common.a(lib_a-findfp.o)
                0x0000000000029da0                __sfp
 .text.__sinit  0x0000000000029fc0      0x300 /Users/yeonwoo-kim/HealthHub/nacl_sdk/pepper_49/toolchain/mac_pnacl/bin/../x86_64-nacl/lib32/libcrt_common.a(lib_a-findfp.o)
                0x0000000000029fc0                __sinit
 .text.__sfp_lock_acquire
                0x000000000002a2c0       0x40 /Users/yeonwoo-kim/HealthHub/nacl_sdk/pepper_49/toolchain/mac_pnacl/bin/../x86_64-nacl/lib32/libcrt_common.a(lib_a-findfp.o)
                0x000000000002a2c0                __sfp_lock_acquire
 .text.__sfp_lock_release
                0x000000000002a300       0x40 /Users/yeonwoo-kim/HealthHub/nacl_sdk/pepper_49/toolchain/mac_pnacl/bin/../x86_64-nacl/lib32/libcrt_common.a(lib_a-findfp.o)
                0x000000000002a300                __sfp_lock_release
 .text._cleanup_r
                0x000000000002a340       0x40 /Users/yeonwoo-kim/HealthHub/nacl_sdk/pepper_49/toolchain/mac_pnacl/bin/../x86_64-nacl/lib32/libcrt_common.a(lib_a-findfp.o)
                0x000000000002a340                _cleanup_r
 .text._cleanup
                0x000000000002a380       0x40 /Users/yeonwoo-kim/HealthHub/nacl_sdk/pepper_49/toolchain/mac_pnacl/bin/../x86_64-nacl/lib32/libcrt_common.a(lib_a-findfp.o)
                0x000000000002a380                _cleanup
 .text.__sinit_lock_acquire
                0x000000000002a3c0       0x40 /Users/yeonwoo-kim/HealthHub/nacl_sdk/pepper_49/toolchain/mac_pnacl/bin/../x86_64-nacl/lib32/libcrt_common.a(lib_a-findfp.o)
                0x000000000002a3c0                __sinit_lock_acquire
 .text.__sinit_lock_release
                0x000000000002a400       0x40 /Users/yeonwoo-kim/HealthHub/nacl_sdk/pepper_49/toolchain/mac_pnacl/bin/../x86_64-nacl/lib32/libcrt_common.a(lib_a-findfp.o)
                0x000000000002a400                __sinit_lock_release
 .text.__fp_lock_all
                0x000000000002a440       0x60 /Users/yeonwoo-kim/HealthHub/nacl_sdk/pepper_49/toolchain/mac_pnacl/bin/../x86_64-nacl/lib32/libcrt_common.a(lib_a-findfp.o)
                0x000000000002a440                __fp_lock_all
 .text.__fp_lock
                0x000000000002a4a0       0x40 /Users/yeonwoo-kim/HealthHub/nacl_sdk/pepper_49/toolchain/mac_pnacl/bin/../x86_64-nacl/lib32/libcrt_common.a(lib_a-findfp.o)
 .text.__fp_unlock_all
                0x000000000002a4e0       0x80 /Users/yeonwoo-kim/HealthHub/nacl_sdk/pepper_49/toolchain/mac_pnacl/bin/../x86_64-nacl/lib32/libcrt_common.a(lib_a-findfp.o)
                0x000000000002a4e0                __fp_unlock_all
 .text.__fp_unlock
                0x000000000002a560       0x40 /Users/yeonwoo-kim/HealthHub/nacl_sdk/pepper_49/toolchain/mac_pnacl/bin/../x86_64-nacl/lib32/libcrt_common.a(lib_a-findfp.o)
 .text          0x000000000002a5a0        0x0 /Users/yeonwoo-kim/HealthHub/nacl_sdk/pepper_49/toolchain/mac_pnacl/bin/../x86_64-nacl/lib32/libcrt_common.a(lib_a-fini.o)
 .text.__libc_fini_array
                0x000000000002a5a0       0x60 /Users/yeonwoo-kim/HealthHub/nacl_sdk/pepper_49/toolchain/mac_pnacl/bin/../x86_64-nacl/lib32/libcrt_common.a(lib_a-fini.o)
                0x000000000002a5a0                __libc_fini_array
 .text          0x000000000002a600        0x0 /Users/yeonwoo-kim/HealthHub/nacl_sdk/pepper_49/toolchain/mac_pnacl/bin/../x86_64-nacl/lib32/libcrt_common.a(lib_a-fprintf.o)
 .text._fprintf_r
                0x000000000002a600       0x60 /Users/yeonwoo-kim/HealthHub/nacl_sdk/pepper_49/toolchain/mac_pnacl/bin/../x86_64-nacl/lib32/libcrt_common.a(lib_a-fprintf.o)
                0x000000000002a600                _fprintf_r
 .text.fprintf  0x000000000002a660       0x60 /Users/yeonwoo-kim/HealthHub/nacl_sdk/pepper_49/toolchain/mac_pnacl/bin/../x86_64-nacl/lib32/libcrt_common.a(lib_a-fprintf.o)
                0x000000000002a660                fprintf
 .text          0x000000000002a6c0        0x0 /Users/yeonwoo-kim/HealthHub/nacl_sdk/pepper_49/toolchain/mac_pnacl/bin/../x86_64-nacl/lib32/libcrt_common.a(lib_a-fwalk.o)
 .text._fwalk   0x000000000002a6c0      0x120 /Users/yeonwoo-kim/HealthHub/nacl_sdk/pepper_49/toolchain/mac_pnacl/bin/../x86_64-nacl/lib32/libcrt_common.a(lib_a-fwalk.o)
                0x000000000002a6c0                _fwalk
 .text._fwalk_reent
                0x000000000002a7e0      0x100 /Users/yeonwoo-kim/HealthHub/nacl_sdk/pepper_49/toolchain/mac_pnacl/bin/../x86_64-nacl/lib32/libcrt_common.a(lib_a-fwalk.o)
                0x000000000002a7e0                _fwalk_reent
 .text          0x000000000002a8e0        0x0 /Users/yeonwoo-kim/HealthHub/nacl_sdk/pepper_49/toolchain/mac_pnacl/bin/../x86_64-nacl/lib32/libcrt_common.a(lib_a-fwrite.o)
 .text._fwrite_r
                0x000000000002a8e0      0x120 /Users/yeonwoo-kim/HealthHub/nacl_sdk/pepper_49/toolchain/mac_pnacl/bin/../x86_64-nacl/lib32/libcrt_common.a(lib_a-fwrite.o)
                0x000000000002a8e0                _fwrite_r
 .text.fwrite   0x000000000002aa00       0x80 /Users/yeonwoo-kim/HealthHub/nacl_sdk/pepper_49/toolchain/mac_pnacl/bin/../x86_64-nacl/lib32/libcrt_common.a(lib_a-fwrite.o)
                0x000000000002aa00                fwrite
 .text          0x000000000002aa80        0x0 /Users/yeonwoo-kim/HealthHub/nacl_sdk/pepper_49/toolchain/mac_pnacl/bin/../x86_64-nacl/lib32/libcrt_common.a(lib_a-getenv.o)
 .text._findenv
                0x000000000002aa80       0x60 /Users/yeonwoo-kim/HealthHub/nacl_sdk/pepper_49/toolchain/mac_pnacl/bin/../x86_64-nacl/lib32/libcrt_common.a(lib_a-getenv.o)
                0x000000000002aa80                _findenv
 .text.getenv   0x000000000002aae0       0x60 /Users/yeonwoo-kim/HealthHub/nacl_sdk/pepper_49/toolchain/mac_pnacl/bin/../x86_64-nacl/lib32/libcrt_common.a(lib_a-getenv.o)
                0x000000000002aae0                getenv
 .text          0x000000000002ab40        0x0 /Users/yeonwoo-kim/HealthHub/nacl_sdk/pepper_49/toolchain/mac_pnacl/bin/../x86_64-nacl/lib32/libcrt_common.a(lib_a-getenv_r.o)
 .text._findenv_r
                0x000000000002ab40      0x120 /Users/yeonwoo-kim/HealthHub/nacl_sdk/pepper_49/toolchain/mac_pnacl/bin/../x86_64-nacl/lib32/libcrt_common.a(lib_a-getenv_r.o)
                0x000000000002ab40                _findenv_r
 .text._getenv_r
                0x000000000002ac60       0x40 /Users/yeonwoo-kim/HealthHub/nacl_sdk/pepper_49/toolchain/mac_pnacl/bin/../x86_64-nacl/lib32/libcrt_common.a(lib_a-getenv_r.o)
                0x000000000002ac60                _getenv_r
 .text          0x000000000002aca0        0x0 /Users/yeonwoo-kim/HealthHub/nacl_sdk/pepper_49/toolchain/mac_pnacl/bin/../x86_64-nacl/lib32/libcrt_common.a(lib_a-impure.o)
 .text.__newlib_thread_init
                0x000000000002aca0       0x20 /Users/yeonwoo-kim/HealthHub/nacl_sdk/pepper_49/toolchain/mac_pnacl/bin/../x86_64-nacl/lib32/libcrt_common.a(lib_a-impure.o)
                0x000000000002aca0                __newlib_thread_init
 .text.__newlib_thread_exit
                0x000000000002acc0       0x20 /Users/yeonwoo-kim/HealthHub/nacl_sdk/pepper_49/toolchain/mac_pnacl/bin/../x86_64-nacl/lib32/libcrt_common.a(lib_a-impure.o)
                0x000000000002acc0                __newlib_thread_exit
 .text          0x000000000002ace0        0x0 /Users/yeonwoo-kim/HealthHub/nacl_sdk/pepper_49/toolchain/mac_pnacl/bin/../x86_64-nacl/lib32/libcrt_common.a(lib_a-init.o)
 .text.__libc_init_array
                0x000000000002ace0       0xc0 /Users/yeonwoo-kim/HealthHub/nacl_sdk/pepper_49/toolchain/mac_pnacl/bin/../x86_64-nacl/lib32/libcrt_common.a(lib_a-init.o)
                0x000000000002ace0                __libc_init_array
 .text          0x000000000002ada0       0x4d /Users/yeonwoo-kim/HealthHub/nacl_sdk/pepper_49/toolchain/mac_pnacl/bin/../x86_64-nacl/lib32/libcrt_common.a(lib_a-memcpy.o)
                0x000000000002ada0                memcpy
 *fill*         0x000000000002aded       0x13 
 .text          0x000000000002ae00       0x92 /Users/yeonwoo-kim/HealthHub/nacl_sdk/pepper_49/toolchain/mac_pnacl/bin/../x86_64-nacl/lib32/libcrt_common.a(lib_a-memset.o)
                0x000000000002ae00                memset
 *fill*         0x000000000002ae92        0x2 
 .text          0x000000000002ae94        0x0 /Users/yeonwoo-kim/HealthHub/nacl_sdk/pepper_49/toolchain/mac_pnacl/bin/../x86_64-nacl/lib32/libcrt_common.a(lib_a-sleep.o)
 *fill*         0x000000000002ae94        0xc 
 .text.sleep    0x000000000002aea0       0x80 /Users/yeonwoo-kim/HealthHub/nacl_sdk/pepper_49/toolchain/mac_pnacl/bin/../x86_64-nacl/lib32/libcrt_common.a(lib_a-sleep.o)
                0x000000000002aea0                sleep
 .text          0x000000000002af20        0x0 /Users/yeonwoo-kim/HealthHub/nacl_sdk/pepper_49/toolchain/mac_pnacl/bin/../x86_64-nacl/lib32/libcrt_common.a(lib_a-stdio.o)
 .text.__sread  0x000000000002af20       0x80 /Users/yeonwoo-kim/HealthHub/nacl_sdk/pepper_49/toolchain/mac_pnacl/bin/../x86_64-nacl/lib32/libcrt_common.a(lib_a-stdio.o)
                0x000000000002af20                __sread
 .text.__seofread
                0x000000000002afa0       0x20 /Users/yeonwoo-kim/HealthHub/nacl_sdk/pepper_49/toolchain/mac_pnacl/bin/../x86_64-nacl/lib32/libcrt_common.a(lib_a-stdio.o)
                0x000000000002afa0                __seofread
 .text.__swrite
                0x000000000002afc0       0xa0 /Users/yeonwoo-kim/HealthHub/nacl_sdk/pepper_49/toolchain/mac_pnacl/bin/../x86_64-nacl/lib32/libcrt_common.a(lib_a-stdio.o)
                0x000000000002afc0                __swrite
 .text.__sseek  0x000000000002b060       0x80 /Users/yeonwoo-kim/HealthHub/nacl_sdk/pepper_49/toolchain/mac_pnacl/bin/../x86_64-nacl/lib32/libcrt_common.a(lib_a-stdio.o)
                0x000000000002b060                __sseek
 .text.__sclose
                0x000000000002b0e0       0x40 /Users/yeonwoo-kim/HealthHub/nacl_sdk/pepper_49/toolchain/mac_pnacl/bin/../x86_64-nacl/lib32/libcrt_common.a(lib_a-stdio.o)
                0x000000000002b0e0                __sclose
 .text          0x000000000002b120        0x0 /Users/yeonwoo-kim/HealthHub/nacl_sdk/pepper_49/toolchain/mac_pnacl/bin/../x86_64-nacl/lib32/libcrt_common.a(lib_a-strcat.o)
 .text.strcat   0x000000000002b120       0x80 /Users/yeonwoo-kim/HealthHub/nacl_sdk/pepper_49/toolchain/mac_pnacl/bin/../x86_64-nacl/lib32/libcrt_common.a(lib_a-strcat.o)
                0x000000000002b120                strcat
 .text          0x000000000002b1a0        0x0 /Users/yeonwoo-kim/HealthHub/nacl_sdk/pepper_49/toolchain/mac_pnacl/bin/../x86_64-nacl/lib32/libcrt_common.a(lib_a-strcmp.o)
 .text.strcmp   0x000000000002b1a0       0x80 /Users/yeonwoo-kim/HealthHub/nacl_sdk/pepper_49/toolchain/mac_pnacl/bin/../x86_64-nacl/lib32/libcrt_common.a(lib_a-strcmp.o)
                0x000000000002b1a0                strcmp
 .text          0x000000000002b220        0x0 /Users/yeonwoo-kim/HealthHub/nacl_sdk/pepper_49/toolchain/mac_pnacl/bin/../x86_64-nacl/lib32/libcrt_common.a(lib_a-strcpy.o)
 .text.strcpy   0x000000000002b220       0x80 /Users/yeonwoo-kim/HealthHub/nacl_sdk/pepper_49/toolchain/mac_pnacl/bin/../x86_64-nacl/lib32/libcrt_common.a(lib_a-strcpy.o)
                0x000000000002b220                strcpy
 .text          0x000000000002b2a0       0x80 /Users/yeonwoo-kim/HealthHub/nacl_sdk/pepper_49/toolchain/mac_pnacl/bin/../x86_64-nacl/lib32/libcrt_common.a(lib_a-strlen.o)
                0x000000000002b2a0                strlen
 .text          0x000000000002b320        0x0 /Users/yeonwoo-kim/HealthHub/nacl_sdk/pepper_49/toolchain/mac_pnacl/bin/../x86_64-nacl/lib32/libcrt_common.a(lib_a-strncmp.o)
 .text.strncmp  0x000000000002b320       0xc0 /Users/yeonwoo-kim/HealthHub/nacl_sdk/pepper_49/toolchain/mac_pnacl/bin/../x86_64-nacl/lib32/libcrt_common.a(lib_a-strncmp.o)
                0x000000000002b320                strncmp
 .text          0x000000000002b3e0        0x0 /Users/yeonwoo-kim/HealthHub/nacl_sdk/pepper_49/toolchain/mac_pnacl/bin/../x86_64-nacl/lib32/libcrt_common.a(lib_a-vfprintf.o)
 .text.vfprintf
                0x000000000002b3e0       0x60 /Users/yeonwoo-kim/HealthHub/nacl_sdk/pepper_49/toolchain/mac_pnacl/bin/../x86_64-nacl/lib32/libcrt_common.a(lib_a-vfprintf.o)
                0x000000000002b3e0                vfprintf
 .text._vfprintf_r
                0x000000000002b440     0x38a0 /Users/yeonwoo-kim/HealthHub/nacl_sdk/pepper_49/toolchain/mac_pnacl/bin/../x86_64-nacl/lib32/libcrt_common.a(lib_a-vfprintf.o)
                0x000000000002b440                _vfprintf_r
 .text.__sbprintf
                0x000000000002ece0      0x140 /Users/yeonwoo-kim/HealthHub/nacl_sdk/pepper_49/toolchain/mac_pnacl/bin/../x86_64-nacl/lib32/libcrt_common.a(lib_a-vfprintf.o)
 .text          0x000000000002ee20        0x0 /Users/yeonwoo-kim/HealthHub/nacl_sdk/pepper_49/toolchain/mac_pnacl/bin/../x86_64-nacl/lib32/libcrt_common.a(lib_a-vsnprintf.o)
 .text.vsnprintf
                0x000000000002ee20       0xc0 /Users/yeonwoo-kim/HealthHub/nacl_sdk/pepper_49/toolchain/mac_pnacl/bin/../x86_64-nacl/lib32/libcrt_common.a(lib_a-vsnprintf.o)
                0x000000000002ee20                vsnprintf
 .text._vsnprintf_r
                0x000000000002eee0       0xa0 /Users/yeonwoo-kim/HealthHub/nacl_sdk/pepper_49/toolchain/mac_pnacl/bin/../x86_64-nacl/lib32/libcrt_common.a(lib_a-vsnprintf.o)
                0x000000000002eee0                _vsnprintf_r
 .text          0x000000000002ef80        0x0 /Users/yeonwoo-kim/HealthHub/nacl_sdk/pepper_49/toolchain/mac_pnacl/bin/../x86_64-nacl/lib32/libcrt_common.a(lib_a-vsprintf.o)
 .text.vsprintf
                0x000000000002ef80       0xa0 /Users/yeonwoo-kim/HealthHub/nacl_sdk/pepper_49/toolchain/mac_pnacl/bin/../x86_64-nacl/lib32/libcrt_common.a(lib_a-vsprintf.o)
                0x000000000002ef80                vsprintf
 .text._vsprintf_r
                0x000000000002f020       0x80 /Users/yeonwoo-kim/HealthHub/nacl_sdk/pepper_49/toolchain/mac_pnacl/bin/../x86_64-nacl/lib32/libcrt_common.a(lib_a-vsprintf.o)
                0x000000000002f020                _vsprintf_r
 .text          0x000000000002f0a0        0x0 /Users/yeonwoo-kim/HealthHub/nacl_sdk/pepper_49/toolchain/mac_pnacl/bin/../x86_64-nacl/lib32/libcrt_common.a(lib_a-wcrtomb.o)
 .text._wcrtomb_r
                0x000000000002f0a0       0xe0 /Users/yeonwoo-kim/HealthHub/nacl_sdk/pepper_49/toolchain/mac_pnacl/bin/../x86_64-nacl/lib32/libcrt_common.a(lib_a-wcrtomb.o)
                0x000000000002f0a0                _wcrtomb_r
 .text.wcrtomb  0x000000000002f180       0xe0 /Users/yeonwoo-kim/HealthHub/nacl_sdk/pepper_49/toolchain/mac_pnacl/bin/../x86_64-nacl/lib32/libcrt_common.a(lib_a-wcrtomb.o)
                0x000000000002f180                wcrtomb
 .text          0x000000000002f260        0x0 /Users/yeonwoo-kim/HealthHub/nacl_sdk/pepper_49/toolchain/mac_pnacl/bin/../x86_64-nacl/lib32/libcrt_common.a(lib_a-wcsrtombs.o)
 .text._wcsrtombs_r
                0x000000000002f260       0x60 /Users/yeonwoo-kim/HealthHub/nacl_sdk/pepper_49/toolchain/mac_pnacl/bin/../x86_64-nacl/lib32/libcrt_common.a(lib_a-wcsrtombs.o)
                0x000000000002f260                _wcsrtombs_r
 .text.wcsrtombs
                0x000000000002f2c0       0x80 /Users/yeonwoo-kim/HealthHub/nacl_sdk/pepper_49/toolchain/mac_pnacl/bin/../x86_64-nacl/lib32/libcrt_common.a(lib_a-wcsrtombs.o)
                0x000000000002f2c0                wcsrtombs
 .text          0x000000000002f340        0x0 /Users/yeonwoo-kim/HealthHub/nacl_sdk/pepper_49/toolchain/mac_pnacl/bin/../x86_64-nacl/lib32/libcrt_common.a(lib_a-wctomb_r.o)
 .text.__ascii_wctomb
                0x000000000002f340       0x40 /Users/yeonwoo-kim/HealthHub/nacl_sdk/pepper_49/toolchain/mac_pnacl/bin/../x86_64-nacl/lib32/libcrt_common.a(lib_a-wctomb_r.o)
                0x000000000002f340                __ascii_wctomb
 .text._wctomb_r
                0x000000000002f380       0x60 /Users/yeonwoo-kim/HealthHub/nacl_sdk/pepper_49/toolchain/mac_pnacl/bin/../x86_64-nacl/lib32/libcrt_common.a(lib_a-wctomb_r.o)
                0x000000000002f380                _wctomb_r
 .text.__utf8_wctomb
                0x000000000002f3e0      0x120 /Users/yeonwoo-kim/HealthHub/nacl_sdk/pepper_49/toolchain/mac_pnacl/bin/../x86_64-nacl/lib32/libcrt_common.a(lib_a-wctomb_r.o)
                0x000000000002f3e0                __utf8_wctomb
 .text.__sjis_wctomb
                0x000000000002f500       0x80 /Users/yeonwoo-kim/HealthHub/nacl_sdk/pepper_49/toolchain/mac_pnacl/bin/../x86_64-nacl/lib32/libcrt_common.a(lib_a-wctomb_r.o)
                0x000000000002f500                __sjis_wctomb
 .text.__eucjp_wctomb
                0x000000000002f580       0xc0 /Users/yeonwoo-kim/HealthHub/nacl_sdk/pepper_49/toolchain/mac_pnacl/bin/../x86_64-nacl/lib32/libcrt_common.a(lib_a-wctomb_r.o)
                0x000000000002f580                __eucjp_wctomb
 .text.__jis_wctomb
                0x000000000002f640       0xc0 /Users/yeonwoo-kim/HealthHub/nacl_sdk/pepper_49/toolchain/mac_pnacl/bin/../x86_64-nacl/lib32/libcrt_common.a(lib_a-wctomb_r.o)
                0x000000000002f640                __jis_wctomb
 .text          0x000000000002f700        0x0 /Users/yeonwoo-kim/HealthHub/nacl_sdk/pepper_49/toolchain/mac_pnacl/bin/../x86_64-nacl/lib32/libcrt_common.a(lib_a-wsetup.o)
 .text.__swsetup_r
                0x000000000002f700      0x160 /Users/yeonwoo-kim/HealthHub/nacl_sdk/pepper_49/toolchain/mac_pnacl/bin/../x86_64-nacl/lib32/libcrt_common.a(lib_a-wsetup.o)
                0x000000000002f700                __swsetup_r
 .text          0x000000000002f860        0x0 /Users/yeonwoo-kim/HealthHub/nacl_sdk/pepper_49/toolchain/mac_pnacl/bin/../x86_64-nacl/lib32/libcrt_common.a(lib_a-__atexit.o)
 .text.__register_exitproc
                0x000000000002f860      0x140 /Users/yeonwoo-kim/HealthHub/nacl_sdk/pepper_49/toolchain/mac_pnacl/bin/../x86_64-nacl/lib32/libcrt_common.a(lib_a-__atexit.o)
                0x000000000002f860                __register_exitproc
 .text          0x000000000002f9a0        0x0 /Users/yeonwoo-kim/HealthHub/nacl_sdk/pepper_49/toolchain/mac_pnacl/bin/../x86_64-nacl/lib32/libcrt_common.a(lib_a-__call_atexit.o)
 .text.__call_exitprocs
                0x000000000002f9a0      0x160 /Users/yeonwoo-kim/HealthHub/nacl_sdk/pepper_49/toolchain/mac_pnacl/bin/../x86_64-nacl/lib32/libcrt_common.a(lib_a-__call_atexit.o)
                0x000000000002f9a0                __call_exitprocs
 .text          0x000000000002fb00        0x0 /Users/yeonwoo-kim/HealthHub/nacl_sdk/pepper_49/toolchain/mac_pnacl/bin/../x86_64-nacl/lib32/libcrt_common.a(lib_a-dtoa.o)
 .text._dtoa_r  0x000000000002fb00     0x12e0 /Users/yeonwoo-kim/HealthHub/nacl_sdk/pepper_49/toolchain/mac_pnacl/bin/../x86_64-nacl/lib32/libcrt_common.a(lib_a-dtoa.o)
                0x000000000002fb00                _dtoa_r
 .text.quorem   0x0000000000030de0      0x200 /Users/yeonwoo-kim/HealthHub/nacl_sdk/pepper_49/toolchain/mac_pnacl/bin/../x86_64-nacl/lib32/libcrt_common.a(lib_a-dtoa.o)
 .text          0x0000000000030fe0        0x0 /Users/yeonwoo-kim/HealthHub/nacl_sdk/pepper_49/toolchain/mac_pnacl/bin/../x86_64-nacl/lib32/libcrt_common.a(lib_a-envlock.o)
 .text.__env_lock
                0x0000000000030fe0       0x40 /Users/yeonwoo-kim/HealthHub/nacl_sdk/pepper_49/toolchain/mac_pnacl/bin/../x86_64-nacl/lib32/libcrt_common.a(lib_a-envlock.o)
                0x0000000000030fe0                __env_lock
 .text.__env_unlock
                0x0000000000031020       0x40 /Users/yeonwoo-kim/HealthHub/nacl_sdk/pepper_49/toolchain/mac_pnacl/bin/../x86_64-nacl/lib32/libcrt_common.a(lib_a-envlock.o)
                0x0000000000031020                __env_unlock
 .text          0x0000000000031060        0x0 /Users/yeonwoo-kim/HealthHub/nacl_sdk/pepper_49/toolchain/mac_pnacl/bin/../x86_64-nacl/lib32/libcrt_common.a(lib_a-fclose.o)
 .text._fclose_r
                0x0000000000031060      0x1c0 /Users/yeonwoo-kim/HealthHub/nacl_sdk/pepper_49/toolchain/mac_pnacl/bin/../x86_64-nacl/lib32/libcrt_common.a(lib_a-fclose.o)
                0x0000000000031060                _fclose_r
 .text.fclose   0x0000000000031220       0x60 /Users/yeonwoo-kim/HealthHub/nacl_sdk/pepper_49/toolchain/mac_pnacl/bin/../x86_64-nacl/lib32/libcrt_common.a(lib_a-fclose.o)
                0x0000000000031220                fclose
 .text          0x0000000000031280        0x0 /Users/yeonwoo-kim/HealthHub/nacl_sdk/pepper_49/toolchain/mac_pnacl/bin/../x86_64-nacl/lib32/libcrt_common.a(lib_a-fvwrite.o)
 .text.__sfvwrite_r
                0x0000000000031280      0x5a0 /Users/yeonwoo-kim/HealthHub/nacl_sdk/pepper_49/toolchain/mac_pnacl/bin/../x86_64-nacl/lib32/libcrt_common.a(lib_a-fvwrite.o)
                0x0000000000031280                __sfvwrite_r
 .text          0x0000000000031820        0x0 /Users/yeonwoo-kim/HealthHub/nacl_sdk/pepper_49/toolchain/mac_pnacl/bin/../x86_64-nacl/lib32/libcrt_common.a(lib_a-locale.o)
 .text._setlocale_r
                0x0000000000031820      0x760 /Users/yeonwoo-kim/HealthHub/nacl_sdk/pepper_49/toolchain/mac_pnacl/bin/../x86_64-nacl/lib32/libcrt_common.a(lib_a-locale.o)
                0x0000000000031820                _setlocale_r
 .text.currentlocale
                0x0000000000031f80      0x220 /Users/yeonwoo-kim/HealthHub/nacl_sdk/pepper_49/toolchain/mac_pnacl/bin/../x86_64-nacl/lib32/libcrt_common.a(lib_a-locale.o)
 .text.loadlocale
                0x00000000000321a0      0xb20 /Users/yeonwoo-kim/HealthHub/nacl_sdk/pepper_49/toolchain/mac_pnacl/bin/../x86_64-nacl/lib32/libcrt_common.a(lib_a-locale.o)
 .text.__locale_charset
                0x0000000000032cc0       0x20 /Users/yeonwoo-kim/HealthHub/nacl_sdk/pepper_49/toolchain/mac_pnacl/bin/../x86_64-nacl/lib32/libcrt_common.a(lib_a-locale.o)
                0x0000000000032cc0                __locale_charset
 .text.__locale_mb_cur_max
                0x0000000000032ce0       0x20 /Users/yeonwoo-kim/HealthHub/nacl_sdk/pepper_49/toolchain/mac_pnacl/bin/../x86_64-nacl/lib32/libcrt_common.a(lib_a-locale.o)
                0x0000000000032ce0                __locale_mb_cur_max
 .text.__locale_msgcharset
                0x0000000000032d00       0x20 /Users/yeonwoo-kim/HealthHub/nacl_sdk/pepper_49/toolchain/mac_pnacl/bin/../x86_64-nacl/lib32/libcrt_common.a(lib_a-locale.o)
                0x0000000000032d00                __locale_msgcharset
 .text.__locale_cjk_lang
                0x0000000000032d20       0x20 /Users/yeonwoo-kim/HealthHub/nacl_sdk/pepper_49/toolchain/mac_pnacl/bin/../x86_64-nacl/lib32/libcrt_common.a(lib_a-locale.o)
                0x0000000000032d20                __locale_cjk_lang
 .text._localeconv_r
                0x0000000000032d40       0x20 /Users/yeonwoo-kim/HealthHub/nacl_sdk/pepper_49/toolchain/mac_pnacl/bin/../x86_64-nacl/lib32/libcrt_common.a(lib_a-locale.o)
                0x0000000000032d40                _localeconv_r
 .text.setlocale
                0x0000000000032d60       0x60 /Users/yeonwoo-kim/HealthHub/nacl_sdk/pepper_49/toolchain/mac_pnacl/bin/../x86_64-nacl/lib32/libcrt_common.a(lib_a-locale.o)
                0x0000000000032d60                setlocale
 .text.localeconv
                0x0000000000032dc0       0x20 /Users/yeonwoo-kim/HealthHub/nacl_sdk/pepper_49/toolchain/mac_pnacl/bin/../x86_64-nacl/lib32/libcrt_common.a(lib_a-locale.o)
                0x0000000000032dc0                localeconv
 .text          0x0000000000032de0        0x0 /Users/yeonwoo-kim/HealthHub/nacl_sdk/pepper_49/toolchain/mac_pnacl/bin/../x86_64-nacl/lib32/libcrt_common.a(lib_a-makebuf.o)
 .text.__smakebuf_r
                0x0000000000032de0      0x140 /Users/yeonwoo-kim/HealthHub/nacl_sdk/pepper_49/toolchain/mac_pnacl/bin/../x86_64-nacl/lib32/libcrt_common.a(lib_a-makebuf.o)
                0x0000000000032de0                __smakebuf_r
 .text          0x0000000000032f20        0x0 /Users/yeonwoo-kim/HealthHub/nacl_sdk/pepper_49/toolchain/mac_pnacl/bin/../x86_64-nacl/lib32/libcrt_common.a(lib_a-mbtowc_r.o)
 .text.__ascii_mbtowc
                0x0000000000032f20       0x60 /Users/yeonwoo-kim/HealthHub/nacl_sdk/pepper_49/toolchain/mac_pnacl/bin/../x86_64-nacl/lib32/libcrt_common.a(lib_a-mbtowc_r.o)
                0x0000000000032f20                __ascii_mbtowc
 .text._mbtowc_r
                0x0000000000032f80       0x80 /Users/yeonwoo-kim/HealthHub/nacl_sdk/pepper_49/toolchain/mac_pnacl/bin/../x86_64-nacl/lib32/libcrt_common.a(lib_a-mbtowc_r.o)
                0x0000000000032f80                _mbtowc_r
 .text.__utf8_mbtowc
                0x0000000000033000      0x460 /Users/yeonwoo-kim/HealthHub/nacl_sdk/pepper_49/toolchain/mac_pnacl/bin/../x86_64-nacl/lib32/libcrt_common.a(lib_a-mbtowc_r.o)
                0x0000000000033000                __utf8_mbtowc
 .text.__sjis_mbtowc
                0x0000000000033460      0x100 /Users/yeonwoo-kim/HealthHub/nacl_sdk/pepper_49/toolchain/mac_pnacl/bin/../x86_64-nacl/lib32/libcrt_common.a(lib_a-mbtowc_r.o)
                0x0000000000033460                __sjis_mbtowc
 .text.__eucjp_mbtowc
                0x0000000000033560      0x160 /Users/yeonwoo-kim/HealthHub/nacl_sdk/pepper_49/toolchain/mac_pnacl/bin/../x86_64-nacl/lib32/libcrt_common.a(lib_a-mbtowc_r.o)
                0x0000000000033560                __eucjp_mbtowc
 .text.__jis_mbtowc
                0x00000000000336c0      0x220 /Users/yeonwoo-kim/HealthHub/nacl_sdk/pepper_49/toolchain/mac_pnacl/bin/../x86_64-nacl/lib32/libcrt_common.a(lib_a-mbtowc_r.o)
                0x00000000000336c0                __jis_mbtowc
 .text          0x00000000000338e0       0x9a /Users/yeonwoo-kim/HealthHub/nacl_sdk/pepper_49/toolchain/mac_pnacl/bin/../x86_64-nacl/lib32/libcrt_common.a(lib_a-memchr.o)
                0x00000000000338e0                memchr
 *fill*         0x000000000003397a        0x6 
 .text          0x0000000000033980       0x9e /Users/yeonwoo-kim/HealthHub/nacl_sdk/pepper_49/toolchain/mac_pnacl/bin/../x86_64-nacl/lib32/libcrt_common.a(lib_a-memmove.o)
                0x0000000000033980                memmove
 *fill*         0x0000000000033a1e        0x2 
 .text          0x0000000000033a20        0x0 /Users/yeonwoo-kim/HealthHub/nacl_sdk/pepper_49/toolchain/mac_pnacl/bin/../x86_64-nacl/lib32/libcrt_common.a(lib_a-mprec.o)
 .text._Balloc  0x0000000000033a20       0xe0 /Users/yeonwoo-kim/HealthHub/nacl_sdk/pepper_49/toolchain/mac_pnacl/bin/../x86_64-nacl/lib32/libcrt_common.a(lib_a-mprec.o)
                0x0000000000033a20                _Balloc
 .text._Bfree   0x0000000000033b00       0x40 /Users/yeonwoo-kim/HealthHub/nacl_sdk/pepper_49/toolchain/mac_pnacl/bin/../x86_64-nacl/lib32/libcrt_common.a(lib_a-mprec.o)
                0x0000000000033b00                _Bfree
 .text.__multadd
                0x0000000000033b40      0x1a0 /Users/yeonwoo-kim/HealthHub/nacl_sdk/pepper_49/toolchain/mac_pnacl/bin/../x86_64-nacl/lib32/libcrt_common.a(lib_a-mprec.o)
                0x0000000000033b40                __multadd
 .text.__s2b    0x0000000000033ce0      0x1c0 /Users/yeonwoo-kim/HealthHub/nacl_sdk/pepper_49/toolchain/mac_pnacl/bin/../x86_64-nacl/lib32/libcrt_common.a(lib_a-mprec.o)
                0x0000000000033ce0                __s2b
 .text.__hi0bits
                0x0000000000033ea0       0xa0 /Users/yeonwoo-kim/HealthHub/nacl_sdk/pepper_49/toolchain/mac_pnacl/bin/../x86_64-nacl/lib32/libcrt_common.a(lib_a-mprec.o)
                0x0000000000033ea0                __hi0bits
 .text.__lo0bits
                0x0000000000033f40       0xc0 /Users/yeonwoo-kim/HealthHub/nacl_sdk/pepper_49/toolchain/mac_pnacl/bin/../x86_64-nacl/lib32/libcrt_common.a(lib_a-mprec.o)
                0x0000000000033f40                __lo0bits
 .text.__i2b    0x0000000000034000       0xc0 /Users/yeonwoo-kim/HealthHub/nacl_sdk/pepper_49/toolchain/mac_pnacl/bin/../x86_64-nacl/lib32/libcrt_common.a(lib_a-mprec.o)
                0x0000000000034000                __i2b
 .text.__multiply
                0x00000000000340c0      0x340 /Users/yeonwoo-kim/HealthHub/nacl_sdk/pepper_49/toolchain/mac_pnacl/bin/../x86_64-nacl/lib32/libcrt_common.a(lib_a-mprec.o)
                0x00000000000340c0                __multiply
 .text.__pow5mult
                0x0000000000034400      0x180 /Users/yeonwoo-kim/HealthHub/nacl_sdk/pepper_49/toolchain/mac_pnacl/bin/../x86_64-nacl/lib32/libcrt_common.a(lib_a-mprec.o)
                0x0000000000034400                __pow5mult
 .text.__lshift
                0x0000000000034580      0x2e0 /Users/yeonwoo-kim/HealthHub/nacl_sdk/pepper_49/toolchain/mac_pnacl/bin/../x86_64-nacl/lib32/libcrt_common.a(lib_a-mprec.o)
                0x0000000000034580                __lshift
 .text.__mcmp   0x0000000000034860       0x60 /Users/yeonwoo-kim/HealthHub/nacl_sdk/pepper_49/toolchain/mac_pnacl/bin/../x86_64-nacl/lib32/libcrt_common.a(lib_a-mprec.o)
                0x0000000000034860                __mcmp
 .text.__mdiff  0x00000000000348c0      0x2e0 /Users/yeonwoo-kim/HealthHub/nacl_sdk/pepper_49/toolchain/mac_pnacl/bin/../x86_64-nacl/lib32/libcrt_common.a(lib_a-mprec.o)
                0x00000000000348c0                __mdiff
 .text.__ulp    0x0000000000034ba0       0xa0 /Users/yeonwoo-kim/HealthHub/nacl_sdk/pepper_49/toolchain/mac_pnacl/bin/../x86_64-nacl/lib32/libcrt_common.a(lib_a-mprec.o)
                0x0000000000034ba0                __ulp
 .text.__b2d    0x0000000000034c40      0x180 /Users/yeonwoo-kim/HealthHub/nacl_sdk/pepper_49/toolchain/mac_pnacl/bin/../x86_64-nacl/lib32/libcrt_common.a(lib_a-mprec.o)
                0x0000000000034c40                __b2d
 .text.__d2b    0x0000000000034dc0      0x380 /Users/yeonwoo-kim/HealthHub/nacl_sdk/pepper_49/toolchain/mac_pnacl/bin/../x86_64-nacl/lib32/libcrt_common.a(lib_a-mprec.o)
                0x0000000000034dc0                __d2b
 .text.__ratio  0x0000000000035140       0xe0 /Users/yeonwoo-kim/HealthHub/nacl_sdk/pepper_49/toolchain/mac_pnacl/bin/../x86_64-nacl/lib32/libcrt_common.a(lib_a-mprec.o)
                0x0000000000035140                __ratio
 .text._mprec_log10
                0x0000000000035220       0x60 /Users/yeonwoo-kim/HealthHub/nacl_sdk/pepper_49/toolchain/mac_pnacl/bin/../x86_64-nacl/lib32/libcrt_common.a(lib_a-mprec.o)
                0x0000000000035220                _mprec_log10
 .text.__copybits
                0x0000000000035280      0x180 /Users/yeonwoo-kim/HealthHub/nacl_sdk/pepper_49/toolchain/mac_pnacl/bin/../x86_64-nacl/lib32/libcrt_common.a(lib_a-mprec.o)
                0x0000000000035280                __copybits
 .text.__any_on
                0x0000000000035400       0x80 /Users/yeonwoo-kim/HealthHub/nacl_sdk/pepper_49/toolchain/mac_pnacl/bin/../x86_64-nacl/lib32/libcrt_common.a(lib_a-mprec.o)
                0x0000000000035400                __any_on
 .text          0x0000000000035480        0x0 /Users/yeonwoo-kim/HealthHub/nacl_sdk/pepper_49/toolchain/mac_pnacl/bin/../x86_64-nacl/lib32/libcrt_common.a(lib_a-s_fpclassify.o)
 .text.__fpclassifyd
                0x0000000000035480       0x80 /Users/yeonwoo-kim/HealthHub/nacl_sdk/pepper_49/toolchain/mac_pnacl/bin/../x86_64-nacl/lib32/libcrt_common.a(lib_a-s_fpclassify.o)
                0x0000000000035480                __fpclassifyd
 .text          0x0000000000035500        0x0 /Users/yeonwoo-kim/HealthHub/nacl_sdk/pepper_49/toolchain/mac_pnacl/bin/../x86_64-nacl/lib32/libcrt_common.a(lib_a-s_frexp.o)
 .text.frexp    0x0000000000035500       0xc0 /Users/yeonwoo-kim/HealthHub/nacl_sdk/pepper_49/toolchain/mac_pnacl/bin/../x86_64-nacl/lib32/libcrt_common.a(lib_a-s_frexp.o)
                0x0000000000035500                frexp
 .text          0x00000000000355c0        0x0 /Users/yeonwoo-kim/HealthHub/nacl_sdk/pepper_49/toolchain/mac_pnacl/bin/../x86_64-nacl/lib32/libcrt_common.a(lib_a-strcasecmp.o)
 .text.strcasecmp
                0x00000000000355c0       0x80 /Users/yeonwoo-kim/HealthHub/nacl_sdk/pepper_49/toolchain/mac_pnacl/bin/../x86_64-nacl/lib32/libcrt_common.a(lib_a-strcasecmp.o)
                0x00000000000355c0                strcasecmp
 .text          0x0000000000035640      0x116 /Users/yeonwoo-kim/HealthHub/nacl_sdk/pepper_49/toolchain/mac_pnacl/bin/../x86_64-nacl/lib32/libcrt_common.a(lib_a-strchr.o)
                0x0000000000035640                strchr
 *fill*         0x0000000000035756        0x2 
 .text          0x0000000000035758        0x0 /Users/yeonwoo-kim/HealthHub/nacl_sdk/pepper_49/toolchain/mac_pnacl/bin/../x86_64-nacl/lib32/libcrt_common.a(lib_a-strlcpy.o)
 *fill*         0x0000000000035758        0x8 
 .text.strlcpy  0x0000000000035760       0x80 /Users/yeonwoo-kim/HealthHub/nacl_sdk/pepper_49/toolchain/mac_pnacl/bin/../x86_64-nacl/lib32/libcrt_common.a(lib_a-strlcpy.o)
                0x0000000000035760                strlcpy
 .text          0x00000000000357e0        0x0 /Users/yeonwoo-kim/HealthHub/nacl_sdk/pepper_49/toolchain/mac_pnacl/bin/../x86_64-nacl/lib32/libcrt_common.a(lib_a-strncasecmp.o)
 .text.strncasecmp
                0x00000000000357e0       0x80 /Users/yeonwoo-kim/HealthHub/nacl_sdk/pepper_49/toolchain/mac_pnacl/bin/../x86_64-nacl/lib32/libcrt_common.a(lib_a-strncasecmp.o)
                0x00000000000357e0                strncasecmp
 .text          0x0000000000035860        0x0 /Users/yeonwoo-kim/HealthHub/nacl_sdk/pepper_49/toolchain/mac_pnacl/bin/../x86_64-nacl/lib32/libcrt_common.a(lib_a-strncpy.o)
 .text.strncpy  0x0000000000035860      0x120 /Users/yeonwoo-kim/HealthHub/nacl_sdk/pepper_49/toolchain/mac_pnacl/bin/../x86_64-nacl/lib32/libcrt_common.a(lib_a-strncpy.o)
                0x0000000000035860                strncpy
 .text          0x0000000000035980        0x0 /Users/yeonwoo-kim/HealthHub/nacl_sdk/pepper_49/toolchain/mac_pnacl/bin/../x86_64-nacl/lib32/libcrt_common.a(lib_a-strtol.o)
 .text._strtol_r
                0x0000000000035980      0x1a0 /Users/yeonwoo-kim/HealthHub/nacl_sdk/pepper_49/toolchain/mac_pnacl/bin/../x86_64-nacl/lib32/libcrt_common.a(lib_a-strtol.o)
                0x0000000000035980                _strtol_r
 .text.strtol   0x0000000000035b20       0x60 /Users/yeonwoo-kim/HealthHub/nacl_sdk/pepper_49/toolchain/mac_pnacl/bin/../x86_64-nacl/lib32/libcrt_common.a(lib_a-strtol.o)
                0x0000000000035b20                strtol
 .text          0x0000000000035b80        0x0 /Users/yeonwoo-kim/HealthHub/nacl_sdk/pepper_49/toolchain/mac_pnacl/bin/../x86_64-nacl/lib32/libcrt_common.a(lib_a-svfprintf.o)
 .text._svfprintf_r
                0x0000000000035b80     0x35a0 /Users/yeonwoo-kim/HealthHub/nacl_sdk/pepper_49/toolchain/mac_pnacl/bin/../x86_64-nacl/lib32/libcrt_common.a(lib_a-svfprintf.o)
                0x0000000000035b80                _svfprintf_r
 .text          0x0000000000039120        0x0 /Users/yeonwoo-kim/HealthHub/nacl_sdk/pepper_49/toolchain/mac_pnacl/bin/../x86_64-nacl/lib32/libcrt_common.a(lib_a-vfiprintf.o)
 .text.__sprint_r
                0x0000000000039120       0xe0 /Users/yeonwoo-kim/HealthHub/nacl_sdk/pepper_49/toolchain/mac_pnacl/bin/../x86_64-nacl/lib32/libcrt_common.a(lib_a-vfiprintf.o)
                0x0000000000039120                __sprint_r
 .text.vfiprintf
                0x0000000000039200       0x60 /Users/yeonwoo-kim/HealthHub/nacl_sdk/pepper_49/toolchain/mac_pnacl/bin/../x86_64-nacl/lib32/libcrt_common.a(lib_a-vfiprintf.o)
                0x0000000000039200                vfiprintf
 .text._vfiprintf_r
                0x0000000000039260     0x25c0 /Users/yeonwoo-kim/HealthHub/nacl_sdk/pepper_49/toolchain/mac_pnacl/bin/../x86_64-nacl/lib32/libcrt_common.a(lib_a-vfiprintf.o)
                0x0000000000039260                _vfiprintf_r
 .text.__sbprintf
                0x000000000003b820      0x140 /Users/yeonwoo-kim/HealthHub/nacl_sdk/pepper_49/toolchain/mac_pnacl/bin/../x86_64-nacl/lib32/libcrt_common.a(lib_a-vfiprintf.o)
 .text          0x000000000003b960        0x0 /Users/yeonwoo-kim/HealthHub/nacl_sdk/pepper_49/toolchain/mac_pnacl/bin/../x86_64-nacl/lib32/libcrt_common.a(lib_a-wcsnrtombs.o)
 .text._wcsnrtombs_r
                0x000000000003b960      0x200 /Users/yeonwoo-kim/HealthHub/nacl_sdk/pepper_49/toolchain/mac_pnacl/bin/../x86_64-nacl/lib32/libcrt_common.a(lib_a-wcsnrtombs.o)
                0x000000000003b960                _wcsnrtombs_r
 .text.wcsnrtombs
                0x000000000003bb60       0x80 /Users/yeonwoo-kim/HealthHub/nacl_sdk/pepper_49/toolchain/mac_pnacl/bin/../x86_64-nacl/lib32/libcrt_common.a(lib_a-wcsnrtombs.o)
                0x000000000003bb60                wcsnrtombs
 .text          0x000000000003bbe0        0x0 /Users/yeonwoo-kim/HealthHub/nacl_sdk/pepper_49/toolchain/mac_pnacl/bin/../x86_64-nacl/lib32/libcrt_common.a(lib_a-ctype_.o)
 .text.__set_ctype
                0x000000000003bbe0       0x20 /Users/yeonwoo-kim/HealthHub/nacl_sdk/pepper_49/toolchain/mac_pnacl/bin/../x86_64-nacl/lib32/libcrt_common.a(lib_a-ctype_.o)
                0x000000000003bbe0                __set_ctype
 .text          0x000000000003bc00        0x0 /Users/yeonwoo-kim/HealthHub/nacl_sdk/pepper_49/toolchain/mac_pnacl/bin/../x86_64-nacl/lib32/libcrt_common.a(lib_a-fputwc.o)
 .text._fputwc_r
                0x000000000003bc00      0x180 /Users/yeonwoo-kim/HealthHub/nacl_sdk/pepper_49/toolchain/mac_pnacl/bin/../x86_64-nacl/lib32/libcrt_common.a(lib_a-fputwc.o)
                0x000000000003bc00                _fputwc_r
 .text.fputwc   0x000000000003bd80       0x80 /Users/yeonwoo-kim/HealthHub/nacl_sdk/pepper_49/toolchain/mac_pnacl/bin/../x86_64-nacl/lib32/libcrt_common.a(lib_a-fputwc.o)
                0x000000000003bd80                fputwc
 .text          0x000000000003be00        0x0 /Users/yeonwoo-kim/HealthHub/nacl_sdk/pepper_49/toolchain/mac_pnacl/bin/../x86_64-nacl/lib32/libcrt_common.a(lib_a-svfiprintf.o)
 .text.__ssprint_r
                0x000000000003be00      0x240 /Users/yeonwoo-kim/HealthHub/nacl_sdk/pepper_49/toolchain/mac_pnacl/bin/../x86_64-nacl/lib32/libcrt_common.a(lib_a-svfiprintf.o)
                0x000000000003be00                __ssprint_r
 .text._svfiprintf_r
                0x000000000003c040     0x1a80 /Users/yeonwoo-kim/HealthHub/nacl_sdk/pepper_49/toolchain/mac_pnacl/bin/../x86_64-nacl/lib32/libcrt_common.a(lib_a-svfiprintf.o)
                0x000000000003c040                _svfiprintf_r
 .text          0x000000000003dac0        0x0 /Users/yeonwoo-kim/HealthHub/nacl_sdk/pepper_49/toolchain/mac_pnacl/bin/../x86_64-nacl/lib32/libcrt_common.a(lib_a-wbuf.o)
 .text.__swbuf_r
                0x000000000003dac0      0x120 /Users/yeonwoo-kim/HealthHub/nacl_sdk/pepper_49/toolchain/mac_pnacl/bin/../x86_64-nacl/lib32/libcrt_common.a(lib_a-wbuf.o)
                0x000000000003dac0                __swbuf_r
 .text.__swbuf  0x000000000003dbe0       0x60 /Users/yeonwoo-kim/HealthHub/nacl_sdk/pepper_49/toolchain/mac_pnacl/bin/../x86_64-nacl/lib32/libcrt_common.a(lib_a-wbuf.o)
                0x000000000003dbe0                __swbuf
 .text          0x000000000003dc40       0x60 /Users/yeonwoo-kim/HealthHub/nacl_sdk/pepper_49/toolchain/mac_pnacl/bin/../x86_64-nacl/lib32/libnacl.a(close.o)
                0x000000000003dc40                close
 .text          0x000000000003dca0       0x60 /Users/yeonwoo-kim/HealthHub/nacl_sdk/pepper_49/toolchain/mac_pnacl/bin/../x86_64-nacl/lib32/libnacl.a(fstat.o)
                0x000000000003dca0                fstat
 .text          0x000000000003dd00       0x80 /Users/yeonwoo-kim/HealthHub/nacl_sdk/pepper_49/toolchain/mac_pnacl/bin/../x86_64-nacl/lib32/libnacl.a(isatty.o)
                0x000000000003dd00                isatty
 .text          0x000000000003dd80       0xa0 /Users/yeonwoo-kim/HealthHub/nacl_sdk/pepper_49/toolchain/mac_pnacl/bin/../x86_64-nacl/lib32/libnacl.a(lseek.o)
                0x000000000003dd80                lseek
 .text          0x000000000003de20       0x60 /Users/yeonwoo-kim/HealthHub/nacl_sdk/pepper_49/toolchain/mac_pnacl/bin/../x86_64-nacl/lib32/libnacl.a(nanosleep.o)
                0x000000000003de20                nanosleep
 .text          0x000000000003de80       0x80 /Users/yeonwoo-kim/HealthHub/nacl_sdk/pepper_49/toolchain/mac_pnacl/bin/../x86_64-nacl/lib32/libnacl.a(nacl_irt_fdio.o)
                0x000000000003de80                __libnacl_irt_dev_fdio_init
 .text          0x000000000003df00       0x80 /Users/yeonwoo-kim/HealthHub/nacl_sdk/pepper_49/toolchain/mac_pnacl/bin/../x86_64-nacl/lib32/libnacl.a(read.o)
                0x000000000003df00                read
 .text          0x000000000003df80       0x80 /Users/yeonwoo-kim/HealthHub/nacl_sdk/pepper_49/toolchain/mac_pnacl/bin/../lib/clang/3.7.0/lib/i686-nacl/libgcc.a(udivdi3.o)
                0x000000000003df80                __udivdi3
 .text          0x000000000003e000      0x3e0 /Users/yeonwoo-kim/HealthHub/nacl_sdk/pepper_49/toolchain/mac_pnacl/bin/../lib/clang/3.7.0/lib/i686-nacl/libgcc.a(udivmoddi4.o)
                0x000000000003e000                __udivmoddi4
 .text          0x000000000003e3e0       0x80 /Users/yeonwoo-kim/HealthHub/nacl_sdk/pepper_49/toolchain/mac_pnacl/bin/../lib/clang/3.7.0/lib/i686-nacl/libgcc.a(umoddi3.o)
                0x000000000003e3e0                __umoddi3
 .text          0x000000000003e460     0x2360 /Users/yeonwoo-kim/HealthHub/nacl_sdk/pepper_49/toolchain/mac_pnacl/bin/../lib/clang/3.7.0/lib/i686-nacl/libgcc_eh.a(unwind-dw2-fde-glibc.o)
                0x000000000003e460                __register_frame_info_bases
                0x000000000003e4e0                __register_frame_info
                0x000000000003e560                __register_frame_info_table_bases
                0x000000000003e5c0                __register_frame_info_table
                0x000000000003f460                __register_frame_table
                0x000000000003f4e0                __register_frame
                0x0000000000040340                _Unwind_Find_FDE
                0x0000000000040580                __deregister_frame_info_bases
                0x0000000000040740                __deregister_frame_info
                0x0000000000040760                __deregister_frame
 .text          0x00000000000407c0        0x0 /Users/yeonwoo-kim/HealthHub/nacl_sdk/pepper_49/toolchain/mac_pnacl/bin/../lib/clang/3.7.0/lib/i686-nacl/crtend.o
 .text          0x00000000000407c0        0x0 /Users/yeonwoo-kim/HealthHub/nacl_sdk/pepper_49/toolchain/mac_pnacl/bin/../x86_64-nacl/lib32/crtn.o
 *(.gnu.warning)

.fini
 *(SORT(.fini))
                0x00000000000407c0                PROVIDE (__etext, .)
                0x00000000000407c0                PROVIDE (_etext, .)
                0x00000000000407c0                PROVIDE (etext, .)
                0x00000000100200f4                . = (0x10020000 + SIZEOF_HEADERS)

.interp
 *(.interp)

.note.NaCl.ABI.x86-32
                0x00000000100200f4       0x1c
 .note.NaCl.ABI.x86-32
                0x00000000100200f4       0x1c /Users/yeonwoo-kim/HealthHub/nacl_sdk/pepper_49/toolchain/mac_pnacl/bin/../lib/clang/3.7.0/lib/i686-nacl/crtbeginT.o

.note.gnu.build-id
                0x0000000010020110       0x24
 *(.note.gnu.build-id)
 .note.gnu.build-id
                0x0000000010020110       0x24 /Users/yeonwoo-kim/HealthHub/nacl_sdk/pepper_49/toolchain/mac_pnacl/bin/../x86_64-nacl/lib32/crti.o

.hash
 *(.hash)

.gnu.hash
 *(.gnu.hash)

.dynsym
 *(.dynsym)

.dynstr
 *(.dynstr)

.gnu.version
 *(.gnu.version)

.gnu.version_d
 *(.gnu.version_d)

.gnu.version_r
 *(.gnu.version_r)

.rel.dyn        0x0000000010020134        0x0
 *(.rel.init)
 *(.rel.text .rel.text.* .rel.gnu.linkonce.t.*)
 .rel.text      0x0000000000000000        0x0 /Users/yeonwoo-kim/HealthHub/nacl_sdk/pepper_49/toolchain/mac_pnacl/bin/../lib/clang/3.7.0/lib/i686-nacl/crtbeginT.o
 .rel.text.atexit
                0x0000000000000000        0x0 /Users/yeonwoo-kim/HealthHub/nacl_sdk/pepper_49/toolchain/mac_pnacl/bin/../lib/clang/3.7.0/lib/i686-nacl/crtbeginT.o
 .rel.text.exit
                0x0000000000000000        0x0 /Users/yeonwoo-kim/HealthHub/nacl_sdk/pepper_49/toolchain/mac_pnacl/bin/../lib/clang/3.7.0/lib/i686-nacl/crtbeginT.o
 .rel.text._fflush_r
                0x0000000000000000        0x0 /Users/yeonwoo-kim/HealthHub/nacl_sdk/pepper_49/toolchain/mac_pnacl/bin/../lib/clang/3.7.0/lib/i686-nacl/crtbeginT.o
 .rel.text.fflush
                0x0000000000000000        0x0 /Users/yeonwoo-kim/HealthHub/nacl_sdk/pepper_49/toolchain/mac_pnacl/bin/../lib/clang/3.7.0/lib/i686-nacl/crtbeginT.o
 .rel.text.__sfmoreglue
                0x0000000000000000        0x0 /Users/yeonwoo-kim/HealthHub/nacl_sdk/pepper_49/toolchain/mac_pnacl/bin/../lib/clang/3.7.0/lib/i686-nacl/crtbeginT.o
 .rel.text.__sfp
                0x0000000000000000        0x0 /Users/yeonwoo-kim/HealthHub/nacl_sdk/pepper_49/toolchain/mac_pnacl/bin/../lib/clang/3.7.0/lib/i686-nacl/crtbeginT.o
 .rel.text.__sinit
                0x0000000000000000        0x0 /Users/yeonwoo-kim/HealthHub/nacl_sdk/pepper_49/toolchain/mac_pnacl/bin/../lib/clang/3.7.0/lib/i686-nacl/crtbeginT.o
 .rel.text._cleanup_r
                0x0000000000000000        0x0 /Users/yeonwoo-kim/HealthHub/nacl_sdk/pepper_49/toolchain/mac_pnacl/bin/../lib/clang/3.7.0/lib/i686-nacl/crtbeginT.o
 .rel.text._cleanup
                0x0000000000000000        0x0 /Users/yeonwoo-kim/HealthHub/nacl_sdk/pepper_49/toolchain/mac_pnacl/bin/../lib/clang/3.7.0/lib/i686-nacl/crtbeginT.o
 .rel.text.__fp_lock_all
                0x0000000000000000        0x0 /Users/yeonwoo-kim/HealthHub/nacl_sdk/pepper_49/toolchain/mac_pnacl/bin/../lib/clang/3.7.0/lib/i686-nacl/crtbeginT.o
 .rel.text.__fp_unlock_all
                0x0000000000000000        0x0 /Users/yeonwoo-kim/HealthHub/nacl_sdk/pepper_49/toolchain/mac_pnacl/bin/../lib/clang/3.7.0/lib/i686-nacl/crtbeginT.o
 .rel.text.__libc_fini_array
                0x0000000000000000        0x0 /Users/yeonwoo-kim/HealthHub/nacl_sdk/pepper_49/toolchain/mac_pnacl/bin/../lib/clang/3.7.0/lib/i686-nacl/crtbeginT.o
 .rel.text._fprintf_r
                0x0000000000000000        0x0 /Users/yeonwoo-kim/HealthHub/nacl_sdk/pepper_49/toolchain/mac_pnacl/bin/../lib/clang/3.7.0/lib/i686-nacl/crtbeginT.o
 .rel.text.fprintf
                0x0000000000000000        0x0 /Users/yeonwoo-kim/HealthHub/nacl_sdk/pepper_49/toolchain/mac_pnacl/bin/../lib/clang/3.7.0/lib/i686-nacl/crtbeginT.o
 .rel.text._fwrite_r
                0x0000000000000000        0x0 /Users/yeonwoo-kim/HealthHub/nacl_sdk/pepper_49/toolchain/mac_pnacl/bin/../lib/clang/3.7.0/lib/i686-nacl/crtbeginT.o
 .rel.text._findenv
                0x0000000000000000        0x0 /Users/yeonwoo-kim/HealthHub/nacl_sdk/pepper_49/toolchain/mac_pnacl/bin/../lib/clang/3.7.0/lib/i686-nacl/crtbeginT.o
 .rel.text.getenv
                0x0000000000000000        0x0 /Users/yeonwoo-kim/HealthHub/nacl_sdk/pepper_49/toolchain/mac_pnacl/bin/../lib/clang/3.7.0/lib/i686-nacl/crtbeginT.o
 .rel.text._findenv_r
                0x0000000000000000        0x0 /Users/yeonwoo-kim/HealthHub/nacl_sdk/pepper_49/toolchain/mac_pnacl/bin/../lib/clang/3.7.0/lib/i686-nacl/crtbeginT.o
 .rel.text.__libc_init_array
                0x0000000000000000        0x0 /Users/yeonwoo-kim/HealthHub/nacl_sdk/pepper_49/toolchain/mac_pnacl/bin/../lib/clang/3.7.0/lib/i686-nacl/crtbeginT.o
 .rel.text.sleep
                0x0000000000000000        0x0 /Users/yeonwoo-kim/HealthHub/nacl_sdk/pepper_49/toolchain/mac_pnacl/bin/../lib/clang/3.7.0/lib/i686-nacl/crtbeginT.o
 .rel.text.__sread
                0x0000000000000000        0x0 /Users/yeonwoo-kim/HealthHub/nacl_sdk/pepper_49/toolchain/mac_pnacl/bin/../lib/clang/3.7.0/lib/i686-nacl/crtbeginT.o
 .rel.text.__swrite
                0x0000000000000000        0x0 /Users/yeonwoo-kim/HealthHub/nacl_sdk/pepper_49/toolchain/mac_pnacl/bin/../lib/clang/3.7.0/lib/i686-nacl/crtbeginT.o
 .rel.text.__sseek
                0x0000000000000000        0x0 /Users/yeonwoo-kim/HealthHub/nacl_sdk/pepper_49/toolchain/mac_pnacl/bin/../lib/clang/3.7.0/lib/i686-nacl/crtbeginT.o
 .rel.text.__sclose
                0x0000000000000000        0x0 /Users/yeonwoo-kim/HealthHub/nacl_sdk/pepper_49/toolchain/mac_pnacl/bin/../lib/clang/3.7.0/lib/i686-nacl/crtbeginT.o
 .rel.text.strcat
                0x0000000000000000        0x0 /Users/yeonwoo-kim/HealthHub/nacl_sdk/pepper_49/toolchain/mac_pnacl/bin/../lib/clang/3.7.0/lib/i686-nacl/crtbeginT.o
 .rel.text._vfprintf_r
                0x0000000000000000        0x0 /Users/yeonwoo-kim/HealthHub/nacl_sdk/pepper_49/toolchain/mac_pnacl/bin/../lib/clang/3.7.0/lib/i686-nacl/crtbeginT.o
 .rel.text.vsnprintf
                0x0000000000000000        0x0 /Users/yeonwoo-kim/HealthHub/nacl_sdk/pepper_49/toolchain/mac_pnacl/bin/../lib/clang/3.7.0/lib/i686-nacl/crtbeginT.o
 .rel.text._vsnprintf_r
                0x0000000000000000        0x0 /Users/yeonwoo-kim/HealthHub/nacl_sdk/pepper_49/toolchain/mac_pnacl/bin/../lib/clang/3.7.0/lib/i686-nacl/crtbeginT.o
 .rel.text.vsprintf
                0x0000000000000000        0x0 /Users/yeonwoo-kim/HealthHub/nacl_sdk/pepper_49/toolchain/mac_pnacl/bin/../lib/clang/3.7.0/lib/i686-nacl/crtbeginT.o
 .rel.text._vsprintf_r
                0x0000000000000000        0x0 /Users/yeonwoo-kim/HealthHub/nacl_sdk/pepper_49/toolchain/mac_pnacl/bin/../lib/clang/3.7.0/lib/i686-nacl/crtbeginT.o
 .rel.text._wcrtomb_r
                0x0000000000000000        0x0 /Users/yeonwoo-kim/HealthHub/nacl_sdk/pepper_49/toolchain/mac_pnacl/bin/../lib/clang/3.7.0/lib/i686-nacl/crtbeginT.o
 .rel.text.wcrtomb
                0x0000000000000000        0x0 /Users/yeonwoo-kim/HealthHub/nacl_sdk/pepper_49/toolchain/mac_pnacl/bin/../lib/clang/3.7.0/lib/i686-nacl/crtbeginT.o
 .rel.text._wcsrtombs_r
                0x0000000000000000        0x0 /Users/yeonwoo-kim/HealthHub/nacl_sdk/pepper_49/toolchain/mac_pnacl/bin/../lib/clang/3.7.0/lib/i686-nacl/crtbeginT.o
 .rel.text.wcsrtombs
                0x0000000000000000        0x0 /Users/yeonwoo-kim/HealthHub/nacl_sdk/pepper_49/toolchain/mac_pnacl/bin/../lib/clang/3.7.0/lib/i686-nacl/crtbeginT.o
 .rel.text._wctomb_r
                0x0000000000000000        0x0 /Users/yeonwoo-kim/HealthHub/nacl_sdk/pepper_49/toolchain/mac_pnacl/bin/../lib/clang/3.7.0/lib/i686-nacl/crtbeginT.o
 .rel.text.__swsetup_r
                0x0000000000000000        0x0 /Users/yeonwoo-kim/HealthHub/nacl_sdk/pepper_49/toolchain/mac_pnacl/bin/../lib/clang/3.7.0/lib/i686-nacl/crtbeginT.o
 .rel.text.__register_exitproc
                0x0000000000000000        0x0 /Users/yeonwoo-kim/HealthHub/nacl_sdk/pepper_49/toolchain/mac_pnacl/bin/../lib/clang/3.7.0/lib/i686-nacl/crtbeginT.o
 .rel.text._dtoa_r
                0x0000000000000000        0x0 /Users/yeonwoo-kim/HealthHub/nacl_sdk/pepper_49/toolchain/mac_pnacl/bin/../lib/clang/3.7.0/lib/i686-nacl/crtbeginT.o
 .rel.text.quorem
                0x0000000000000000        0x0 /Users/yeonwoo-kim/HealthHub/nacl_sdk/pepper_49/toolchain/mac_pnacl/bin/../lib/clang/3.7.0/lib/i686-nacl/crtbeginT.o
 .rel.text.__sfvwrite_r
                0x0000000000000000        0x0 /Users/yeonwoo-kim/HealthHub/nacl_sdk/pepper_49/toolchain/mac_pnacl/bin/../lib/clang/3.7.0/lib/i686-nacl/crtbeginT.o
 .rel.text._setlocale_r
                0x0000000000000000        0x0 /Users/yeonwoo-kim/HealthHub/nacl_sdk/pepper_49/toolchain/mac_pnacl/bin/../lib/clang/3.7.0/lib/i686-nacl/crtbeginT.o
 .rel.text.loadlocale
                0x0000000000000000        0x0 /Users/yeonwoo-kim/HealthHub/nacl_sdk/pepper_49/toolchain/mac_pnacl/bin/../lib/clang/3.7.0/lib/i686-nacl/crtbeginT.o
 .rel.text.__smakebuf_r
                0x0000000000000000        0x0 /Users/yeonwoo-kim/HealthHub/nacl_sdk/pepper_49/toolchain/mac_pnacl/bin/../lib/clang/3.7.0/lib/i686-nacl/crtbeginT.o
 .rel.text.strcasecmp
                0x0000000000000000        0x0 /Users/yeonwoo-kim/HealthHub/nacl_sdk/pepper_49/toolchain/mac_pnacl/bin/../lib/clang/3.7.0/lib/i686-nacl/crtbeginT.o
 .rel.text.strncasecmp
                0x0000000000000000        0x0 /Users/yeonwoo-kim/HealthHub/nacl_sdk/pepper_49/toolchain/mac_pnacl/bin/../lib/clang/3.7.0/lib/i686-nacl/crtbeginT.o
 .rel.text._strtol_r
                0x0000000000000000        0x0 /Users/yeonwoo-kim/HealthHub/nacl_sdk/pepper_49/toolchain/mac_pnacl/bin/../lib/clang/3.7.0/lib/i686-nacl/crtbeginT.o
 .rel.text._svfprintf_r
                0x0000000000000000        0x0 /Users/yeonwoo-kim/HealthHub/nacl_sdk/pepper_49/toolchain/mac_pnacl/bin/../lib/clang/3.7.0/lib/i686-nacl/crtbeginT.o
 .rel.text.__sprint_r
                0x0000000000000000        0x0 /Users/yeonwoo-kim/HealthHub/nacl_sdk/pepper_49/toolchain/mac_pnacl/bin/../lib/clang/3.7.0/lib/i686-nacl/crtbeginT.o
 .rel.text._vfiprintf_r
                0x0000000000000000        0x0 /Users/yeonwoo-kim/HealthHub/nacl_sdk/pepper_49/toolchain/mac_pnacl/bin/../lib/clang/3.7.0/lib/i686-nacl/crtbeginT.o
 .rel.text._fputwc_r
                0x0000000000000000        0x0 /Users/yeonwoo-kim/HealthHub/nacl_sdk/pepper_49/toolchain/mac_pnacl/bin/../lib/clang/3.7.0/lib/i686-nacl/crtbeginT.o
 .rel.text._svfiprintf_r
                0x0000000000000000        0x0 /Users/yeonwoo-kim/HealthHub/nacl_sdk/pepper_49/toolchain/mac_pnacl/bin/../lib/clang/3.7.0/lib/i686-nacl/crtbeginT.o
 *(.rel.fini)
 *(.rel.rodata .rel.rodata.* .rel.gnu.linkonce.r.*)
 *(.rel.data.rel.ro .rel.data.rel.ro.* .rel.gnu.linkonce.d.rel.ro.*)
 *(.rel.data .rel.data.* .rel.gnu.linkonce.d.*)
 *(.rel.tdata .rel.tdata.* .rel.gnu.linkonce.td.*)
 *(.rel.tbss .rel.tbss.* .rel.gnu.linkonce.tb.*)
 *(.rel.ctors)
 *(.rel.dtors)
 *(.rel.got)
 .rel.got       0x0000000000000000        0x0 /Users/yeonwoo-kim/HealthHub/nacl_sdk/pepper_49/toolchain/mac_pnacl/bin/../lib/clang/3.7.0/lib/i686-nacl/crtbeginT.o
 *(.rel.bss .rel.bss.* .rel.gnu.linkonce.b.*)
 *(.rel.ifunc)

.rel.plt        0x0000000010020134        0x0
 *(.rel.plt)
                0x0000000010020134                PROVIDE (__rel_iplt_start, .)
 *(.rel.iplt)
 .rel.iplt      0x0000000000000000        0x0 /Users/yeonwoo-kim/HealthHub/nacl_sdk/pepper_49/toolchain/mac_pnacl/bin/../lib/clang/3.7.0/lib/i686-nacl/crtbeginT.o
                0x0000000010020134                PROVIDE (__rel_iplt_end, .)

.rodata         0x0000000010020140     0x13e8
 *(.rodata .rodata.* .gnu.linkonce.r.*)
 .rodata.str1.1
                0x0000000010020140       0xd6 clang-newlib/Release/debugging_x86_32.o
 .rodata        0x0000000010020216        0x6 clang-newlib/Release/debugging_x86_32.o
 .rodata.str1.1
                0x000000001002021c      0x1ba /Users/yeonwoo-kim/HealthHub/nacl_sdk/pepper_49/lib/clang-newlib_x86_32/Release/liberror_handling.a(error_handling_x86_32.o)
                                        0x1c1 (size before relaxing)
 .rodata.str1.1
                0x00000000100203d6       0xad /Users/yeonwoo-kim/HealthHub/nacl_sdk/pepper_49/toolchain/mac_pnacl/bin/../x86_64-nacl/lib32/libppapi_stub.a(ppapi_plugin_start_8da67623.o)
 *fill*         0x0000000010020483        0x1 
 .rodata        0x0000000010020484        0x4 /Users/yeonwoo-kim/HealthHub/nacl_sdk/pepper_49/toolchain/mac_pnacl/bin/../x86_64-nacl/lib32/libpthread.a(nc_thread.o)
                0x0000000010020484                __nc_kMaxCachedMemoryBlocks
 .rodata.str1.1
                0x0000000010020488       0x22 /Users/yeonwoo-kim/HealthHub/nacl_sdk/pepper_49/toolchain/mac_pnacl/bin/../x86_64-nacl/lib32/libpthread.a(nc_thread.o)
 .rodata.str1.1
                0x00000000100204aa       0x14 /Users/yeonwoo-kim/HealthHub/nacl_sdk/pepper_49/toolchain/mac_pnacl/bin/../x86_64-nacl/lib32/libpthread.a(valgrind_annotations.o)
                                         0x16 (size before relaxing)
 .rodata.str1.1
                0x00000000100204be       0x27 /Users/yeonwoo-kim/HealthHub/nacl_sdk/pepper_49/toolchain/mac_pnacl/bin/../x86_64-nacl/lib32/libpthread.a(nc_init_irt.o)
 .rodata.str1.1
                0x00000000100204e5       0x55 /Users/yeonwoo-kim/HealthHub/nacl_sdk/pepper_49/toolchain/mac_pnacl/bin/../x86_64-nacl/lib32/libnacl.a(nacl_irt.o)
 *fill*         0x000000001002053a        0x6 
 .rodata.cst16  0x0000000010020540       0x50 /Users/yeonwoo-kim/HealthHub/nacl_sdk/pepper_49/toolchain/mac_pnacl/bin/../x86_64-nacl/lib32/libnacl.a(malloc.o)
 .rodata.str1.1
                0x0000000010020590       0x4e /Users/yeonwoo-kim/HealthHub/nacl_sdk/pepper_49/toolchain/mac_pnacl/bin/../x86_64-nacl/lib32/libnacl.a(malloc.o)
 .rodata.str1.1
                0x00000000100205de       0x88 /Users/yeonwoo-kim/HealthHub/nacl_sdk/pepper_49/toolchain/mac_pnacl/bin/../x86_64-nacl/lib32/libnacl.a(nacl_irt_init.o)
 .rodata        0x0000000010020666       0x13 /Users/yeonwoo-kim/HealthHub/nacl_sdk/pepper_49/toolchain/mac_pnacl/bin/../x86_64-nacl/lib32/libnacl.a(abort.o)
 *fill*         0x0000000010020679        0x3 
 .rodata._global_impure_ptr
                0x000000001002067c        0x4 /Users/yeonwoo-kim/HealthHub/nacl_sdk/pepper_49/toolchain/mac_pnacl/bin/../x86_64-nacl/lib32/libcrt_common.a(lib_a-impure.o)
                0x000000001002067c                _global_impure_ptr
 .rodata.str1.1
                0x0000000000000000       0x88 /Users/yeonwoo-kim/HealthHub/nacl_sdk/pepper_49/toolchain/mac_pnacl/bin/../x86_64-nacl/lib32/libcrt_common.a(lib_a-impure.o)
                                          0x2 (size before relaxing)
 .rodata.cst16  0x0000000010020680       0x20 /Users/yeonwoo-kim/HealthHub/nacl_sdk/pepper_49/toolchain/mac_pnacl/bin/../x86_64-nacl/lib32/libcrt_common.a(lib_a-vfprintf.o)
 .rodata.cst8   0x00000000100206a0       0x20 /Users/yeonwoo-kim/HealthHub/nacl_sdk/pepper_49/toolchain/mac_pnacl/bin/../x86_64-nacl/lib32/libcrt_common.a(lib_a-vfprintf.o)
 .rodata._vfprintf_r
                0x00000000100206c0      0x14c /Users/yeonwoo-kim/HealthHub/nacl_sdk/pepper_49/toolchain/mac_pnacl/bin/../x86_64-nacl/lib32/libcrt_common.a(lib_a-vfprintf.o)
 .rodata._vfprintf_r.blanks
                0x000000001002080c       0x10 /Users/yeonwoo-kim/HealthHub/nacl_sdk/pepper_49/toolchain/mac_pnacl/bin/../x86_64-nacl/lib32/libcrt_common.a(lib_a-vfprintf.o)
 .rodata._vfprintf_r.zeroes
                0x000000001002081c       0x10 /Users/yeonwoo-kim/HealthHub/nacl_sdk/pepper_49/toolchain/mac_pnacl/bin/../x86_64-nacl/lib32/libcrt_common.a(lib_a-vfprintf.o)
 .rodata.str1.1
                0x000000001002082c       0x53 /Users/yeonwoo-kim/HealthHub/nacl_sdk/pepper_49/toolchain/mac_pnacl/bin/../x86_64-nacl/lib32/libcrt_common.a(lib_a-vfprintf.o)
                                         0x55 (size before relaxing)
 *fill*         0x000000001002087f        0x1 
 .rodata.cst8   0x0000000010020880       0x50 /Users/yeonwoo-kim/HealthHub/nacl_sdk/pepper_49/toolchain/mac_pnacl/bin/../x86_64-nacl/lib32/libcrt_common.a(lib_a-dtoa.o)
                                         0x58 (size before relaxing)
 .rodata.cst16  0x0000000000000000       0x10 /Users/yeonwoo-kim/HealthHub/nacl_sdk/pepper_49/toolchain/mac_pnacl/bin/../x86_64-nacl/lib32/libcrt_common.a(lib_a-dtoa.o)
 .rodata._dtoa_r
                0x00000000100208d0       0x18 /Users/yeonwoo-kim/HealthHub/nacl_sdk/pepper_49/toolchain/mac_pnacl/bin/../x86_64-nacl/lib32/libcrt_common.a(lib_a-dtoa.o)
 .rodata.str1.1
                0x00000000100208e8        0xd /Users/yeonwoo-kim/HealthHub/nacl_sdk/pepper_49/toolchain/mac_pnacl/bin/../x86_64-nacl/lib32/libcrt_common.a(lib_a-dtoa.o)
                                          0xf (size before relaxing)
 *fill*         0x00000000100208f5        0x3 
 .rodata.loadlocale
                0x00000000100208f8       0xd4 /Users/yeonwoo-kim/HealthHub/nacl_sdk/pepper_49/toolchain/mac_pnacl/bin/../x86_64-nacl/lib32/libcrt_common.a(lib_a-locale.o)
 .rodata.str1.1
                0x00000000100209cc       0xe8 /Users/yeonwoo-kim/HealthHub/nacl_sdk/pepper_49/toolchain/mac_pnacl/bin/../x86_64-nacl/lib32/libcrt_common.a(lib_a-locale.o)
                                         0xf4 (size before relaxing)
 .rodata.categories
                0x0000000010020ab4       0x1c /Users/yeonwoo-kim/HealthHub/nacl_sdk/pepper_49/toolchain/mac_pnacl/bin/../x86_64-nacl/lib32/libcrt_common.a(lib_a-locale.o)
 .rodata.__jis_mbtowc
                0x0000000010020ad0       0x18 /Users/yeonwoo-kim/HealthHub/nacl_sdk/pepper_49/toolchain/mac_pnacl/bin/../x86_64-nacl/lib32/libcrt_common.a(lib_a-mbtowc_r.o)
 .rodata.JIS_action_table
                0x0000000010020ae8      0x120 /Users/yeonwoo-kim/HealthHub/nacl_sdk/pepper_49/toolchain/mac_pnacl/bin/../x86_64-nacl/lib32/libcrt_common.a(lib_a-mbtowc_r.o)
 .rodata.JIS_state_table
                0x0000000010020c08      0x120 /Users/yeonwoo-kim/HealthHub/nacl_sdk/pepper_49/toolchain/mac_pnacl/bin/../x86_64-nacl/lib32/libcrt_common.a(lib_a-mbtowc_r.o)
 .rodata.cst8   0x0000000010020d28        0x8 /Users/yeonwoo-kim/HealthHub/nacl_sdk/pepper_49/toolchain/mac_pnacl/bin/../x86_64-nacl/lib32/libcrt_common.a(lib_a-mprec.o)
                                         0x18 (size before relaxing)
 .rodata.__pow5mult.p05
                0x0000000010020d30        0xc /Users/yeonwoo-kim/HealthHub/nacl_sdk/pepper_49/toolchain/mac_pnacl/bin/../x86_64-nacl/lib32/libcrt_common.a(lib_a-mprec.o)
 *fill*         0x0000000010020d3c        0x4 
 .rodata.__mprec_tens
                0x0000000010020d40       0xc8 /Users/yeonwoo-kim/HealthHub/nacl_sdk/pepper_49/toolchain/mac_pnacl/bin/../x86_64-nacl/lib32/libcrt_common.a(lib_a-mprec.o)
                0x0000000010020d40                __mprec_tens
 .rodata.__mprec_bigtens
                0x0000000010020e08       0x28 /Users/yeonwoo-kim/HealthHub/nacl_sdk/pepper_49/toolchain/mac_pnacl/bin/../x86_64-nacl/lib32/libcrt_common.a(lib_a-mprec.o)
                0x0000000010020e08                __mprec_bigtens
 .rodata.__mprec_tinytens
                0x0000000010020e30       0x28 /Users/yeonwoo-kim/HealthHub/nacl_sdk/pepper_49/toolchain/mac_pnacl/bin/../x86_64-nacl/lib32/libcrt_common.a(lib_a-mprec.o)
                0x0000000010020e30                __mprec_tinytens
 .rodata.cst8   0x0000000010020e58        0x8 /Users/yeonwoo-kim/HealthHub/nacl_sdk/pepper_49/toolchain/mac_pnacl/bin/../x86_64-nacl/lib32/libcrt_common.a(lib_a-s_frexp.o)
 .rodata.cst16  0x0000000000000000       0x20 /Users/yeonwoo-kim/HealthHub/nacl_sdk/pepper_49/toolchain/mac_pnacl/bin/../x86_64-nacl/lib32/libcrt_common.a(lib_a-svfprintf.o)
 .rodata.cst8   0x0000000000000000       0x20 /Users/yeonwoo-kim/HealthHub/nacl_sdk/pepper_49/toolchain/mac_pnacl/bin/../x86_64-nacl/lib32/libcrt_common.a(lib_a-svfprintf.o)
 .rodata._svfprintf_r
                0x0000000010020e60      0x14c /Users/yeonwoo-kim/HealthHub/nacl_sdk/pepper_49/toolchain/mac_pnacl/bin/../x86_64-nacl/lib32/libcrt_common.a(lib_a-svfprintf.o)
 .rodata._svfprintf_r.blanks
                0x0000000010020fac       0x10 /Users/yeonwoo-kim/HealthHub/nacl_sdk/pepper_49/toolchain/mac_pnacl/bin/../x86_64-nacl/lib32/libcrt_common.a(lib_a-svfprintf.o)
 .rodata._svfprintf_r.zeroes
                0x0000000010020fbc       0x10 /Users/yeonwoo-kim/HealthHub/nacl_sdk/pepper_49/toolchain/mac_pnacl/bin/../x86_64-nacl/lib32/libcrt_common.a(lib_a-svfprintf.o)
 .rodata.str1.1
                0x0000000000000000       0x55 /Users/yeonwoo-kim/HealthHub/nacl_sdk/pepper_49/toolchain/mac_pnacl/bin/../x86_64-nacl/lib32/libcrt_common.a(lib_a-svfprintf.o)
 .rodata._vfiprintf_r
                0x0000000010020fcc      0x11c /Users/yeonwoo-kim/HealthHub/nacl_sdk/pepper_49/toolchain/mac_pnacl/bin/../x86_64-nacl/lib32/libcrt_common.a(lib_a-vfiprintf.o)
 .rodata._vfiprintf_r.blanks
                0x00000000100210e8       0x10 /Users/yeonwoo-kim/HealthHub/nacl_sdk/pepper_49/toolchain/mac_pnacl/bin/../x86_64-nacl/lib32/libcrt_common.a(lib_a-vfiprintf.o)
 .rodata._vfiprintf_r.zeroes
                0x00000000100210f8       0x10 /Users/yeonwoo-kim/HealthHub/nacl_sdk/pepper_49/toolchain/mac_pnacl/bin/../x86_64-nacl/lib32/libcrt_common.a(lib_a-vfiprintf.o)
 .rodata.str1.1
                0x0000000000000000       0x43 /Users/yeonwoo-kim/HealthHub/nacl_sdk/pepper_49/toolchain/mac_pnacl/bin/../x86_64-nacl/lib32/libcrt_common.a(lib_a-vfiprintf.o)
 .rodata._ctype_b
                0x0000000010021108      0x180 /Users/yeonwoo-kim/HealthHub/nacl_sdk/pepper_49/toolchain/mac_pnacl/bin/../x86_64-nacl/lib32/libcrt_common.a(lib_a-ctype_.o)
 .rodata._ctype_
                0x0000000010021288      0x101 /Users/yeonwoo-kim/HealthHub/nacl_sdk/pepper_49/toolchain/mac_pnacl/bin/../x86_64-nacl/lib32/libcrt_common.a(lib_a-ctype_.o)
                0x0000000010021288                _ctype_
 *fill*         0x0000000010021389        0x3 
 .rodata._svfiprintf_r
                0x000000001002138c      0x11c /Users/yeonwoo-kim/HealthHub/nacl_sdk/pepper_49/toolchain/mac_pnacl/bin/../x86_64-nacl/lib32/libcrt_common.a(lib_a-svfiprintf.o)
 .rodata._svfiprintf_r.blanks
                0x00000000100214a8       0x10 /Users/yeonwoo-kim/HealthHub/nacl_sdk/pepper_49/toolchain/mac_pnacl/bin/../x86_64-nacl/lib32/libcrt_common.a(lib_a-svfiprintf.o)
 .rodata._svfiprintf_r.zeroes
                0x00000000100214b8       0x10 /Users/yeonwoo-kim/HealthHub/nacl_sdk/pepper_49/toolchain/mac_pnacl/bin/../x86_64-nacl/lib32/libcrt_common.a(lib_a-svfiprintf.o)
 .rodata.str1.1
                0x0000000000000000       0x43 /Users/yeonwoo-kim/HealthHub/nacl_sdk/pepper_49/toolchain/mac_pnacl/bin/../x86_64-nacl/lib32/libcrt_common.a(lib_a-svfiprintf.o)
 .rodata.str1.1
                0x00000000100214c8       0x2c /Users/yeonwoo-kim/HealthHub/nacl_sdk/pepper_49/toolchain/mac_pnacl/bin/../x86_64-nacl/lib32/libnacl.a(nacl_irt_fdio.o)
                                         0x42 (size before relaxing)
 .rodata        0x00000000100214f4       0x34 /Users/yeonwoo-kim/HealthHub/nacl_sdk/pepper_49/toolchain/mac_pnacl/bin/../lib/clang/3.7.0/lib/i686-nacl/libgcc_eh.a(unwind-dw2-fde-glibc.o)

.rodata1
 *(.rodata1)

.eh_frame_hdr
 *(.eh_frame_hdr)

.eh_frame
 *(.eh_frame)

.gcc_except_table
 *(.gcc_except_table .gcc_except_table.*)

.exception_ranges
 *(.exception_ranges .exception_ranges*)
                0x0000000010021528                . = (ALIGN (0x10000) - ((0x10000 - .) & 0xffff))
                0x0000000010031528                . = DATA_SEGMENT_ALIGN (0x10000, 0x10000)

.eh_frame       0x0000000010031528     0x13a4
 *(.eh_frame)
 .eh_frame      0x0000000010031528        0x0 /Users/yeonwoo-kim/HealthHub/nacl_sdk/pepper_49/toolchain/mac_pnacl/bin/../lib/clang/3.7.0/lib/i686-nacl/crtbeginT.o
 .eh_frame      0x0000000010031528      0x3f0 /Users/yeonwoo-kim/HealthHub/nacl_sdk/pepper_49/toolchain/mac_pnacl/bin/../x86_64-nacl/lib32/libpthread.a(nc_thread.o)
 .eh_frame      0x0000000010031918      0x144 /Users/yeonwoo-kim/HealthHub/nacl_sdk/pepper_49/toolchain/mac_pnacl/bin/../x86_64-nacl/lib32/libpthread.a(nc_mutex.o)
                                        0x15c (size before relaxing)
 .eh_frame      0x0000000010031a5c      0x110 /Users/yeonwoo-kim/HealthHub/nacl_sdk/pepper_49/toolchain/mac_pnacl/bin/../x86_64-nacl/lib32/libpthread.a(nc_condvar.o)
                                        0x128 (size before relaxing)
 .eh_frame      0x0000000010031b6c      0x2f8 /Users/yeonwoo-kim/HealthHub/nacl_sdk/pepper_49/toolchain/mac_pnacl/bin/../x86_64-nacl/lib32/libpthread.a(valgrind_annotations.o)
                                        0x310 (size before relaxing)
 .eh_frame      0x0000000010031e64       0x14 /Users/yeonwoo-kim/HealthHub/nacl_sdk/pepper_49/toolchain/mac_pnacl/bin/../x86_64-nacl/lib32/libpthread.a(nc_init_irt.o)
                                         0x2c (size before relaxing)
 .eh_frame      0x0000000010031e78      0x114 /Users/yeonwoo-kim/HealthHub/nacl_sdk/pepper_49/toolchain/mac_pnacl/bin/../x86_64-nacl/lib32/libnacl.a(nacl_irt.o)
                                        0x12c (size before relaxing)
 .eh_frame      0x0000000010031f8c       0x14 /Users/yeonwoo-kim/HealthHub/nacl_sdk/pepper_49/toolchain/mac_pnacl/bin/../x86_64-nacl/lib32/libnacl.a(_exit.o)
                                         0x2c (size before relaxing)
 .eh_frame      0x0000000010031fa0       0x28 /Users/yeonwoo-kim/HealthHub/nacl_sdk/pepper_49/toolchain/mac_pnacl/bin/../x86_64-nacl/lib32/libnacl.a(mmap.o)
                                         0x40 (size before relaxing)
 .eh_frame      0x0000000010031fc8       0x1c /Users/yeonwoo-kim/HealthHub/nacl_sdk/pepper_49/toolchain/mac_pnacl/bin/../x86_64-nacl/lib32/libnacl.a(munmap.o)
                                         0x34 (size before relaxing)
 .eh_frame      0x0000000010031fe4       0x14 /Users/yeonwoo-kim/HealthHub/nacl_sdk/pepper_49/toolchain/mac_pnacl/bin/../x86_64-nacl/lib32/libnacl.a(nacl_interface_query.o)
                                         0x2c (size before relaxing)
 .eh_frame      0x0000000010031ff8       0x20 /Users/yeonwoo-kim/HealthHub/nacl_sdk/pepper_49/toolchain/mac_pnacl/bin/../x86_64-nacl/lib32/libnacl.a(write.o)
                                         0x38 (size before relaxing)
 .eh_frame      0x0000000010032018      0x3b8 /Users/yeonwoo-kim/HealthHub/nacl_sdk/pepper_49/toolchain/mac_pnacl/bin/../x86_64-nacl/lib32/libnacl.a(malloc.o)
                                        0x3d0 (size before relaxing)
 .eh_frame      0x00000000100323d0       0x28 /Users/yeonwoo-kim/HealthHub/nacl_sdk/pepper_49/toolchain/mac_pnacl/bin/../x86_64-nacl/lib32/libnacl.a(start.o)
                                         0x40 (size before relaxing)
 .eh_frame      0x00000000100323f8       0x14 /Users/yeonwoo-kim/HealthHub/nacl_sdk/pepper_49/toolchain/mac_pnacl/bin/../x86_64-nacl/lib32/libnacl.a(nacl_read_tp.o)
                                         0x2c (size before relaxing)
 .eh_frame      0x000000001003240c       0x1c /Users/yeonwoo-kim/HealthHub/nacl_sdk/pepper_49/toolchain/mac_pnacl/bin/../x86_64-nacl/lib32/libnacl.a(pthread_initialize_minimal.o)
                                         0x34 (size before relaxing)
 .eh_frame      0x0000000010032428       0x54 /Users/yeonwoo-kim/HealthHub/nacl_sdk/pepper_49/toolchain/mac_pnacl/bin/../x86_64-nacl/lib32/libnacl.a(tls.o)
                                         0x6c (size before relaxing)
 .eh_frame      0x000000001003247c       0x30 /Users/yeonwoo-kim/HealthHub/nacl_sdk/pepper_49/toolchain/mac_pnacl/bin/../x86_64-nacl/lib32/libnacl.a(nacl_irt_init.o)
                                         0x48 (size before relaxing)
 .eh_frame      0x00000000100324ac       0x14 /Users/yeonwoo-kim/HealthHub/nacl_sdk/pepper_49/toolchain/mac_pnacl/bin/../x86_64-nacl/lib32/libnacl.a(nacl_tls_get.o)
                                         0x2c (size before relaxing)
 .eh_frame      0x00000000100324c0       0x14 /Users/yeonwoo-kim/HealthHub/nacl_sdk/pepper_49/toolchain/mac_pnacl/bin/../x86_64-nacl/lib32/libnacl.a(nacl_tls_init.o)
                                         0x2c (size before relaxing)
 .eh_frame      0x00000000100324d4       0x14 /Users/yeonwoo-kim/HealthHub/nacl_sdk/pepper_49/toolchain/mac_pnacl/bin/../x86_64-nacl/lib32/libnacl.a(abort.o)
                                         0x2c (size before relaxing)
 .eh_frame      0x00000000100324e8       0x1c /Users/yeonwoo-kim/HealthHub/nacl_sdk/pepper_49/toolchain/mac_pnacl/bin/../x86_64-nacl/lib32/libnacl.a(sched_yield.o)
                                         0x34 (size before relaxing)
 .eh_frame      0x0000000010032504       0x1c /Users/yeonwoo-kim/HealthHub/nacl_sdk/pepper_49/toolchain/mac_pnacl/bin/../x86_64-nacl/lib32/libnacl.a(sysconf.o)
                                         0x34 (size before relaxing)
 .eh_frame      0x0000000010032520       0x1c /Users/yeonwoo-kim/HealthHub/nacl_sdk/pepper_49/toolchain/mac_pnacl/bin/../x86_64-nacl/lib32/libnacl.a(close.o)
                                         0x34 (size before relaxing)
 .eh_frame      0x000000001003253c       0x1c /Users/yeonwoo-kim/HealthHub/nacl_sdk/pepper_49/toolchain/mac_pnacl/bin/../x86_64-nacl/lib32/libnacl.a(fstat.o)
                                         0x34 (size before relaxing)
 .eh_frame      0x0000000010032558       0x20 /Users/yeonwoo-kim/HealthHub/nacl_sdk/pepper_49/toolchain/mac_pnacl/bin/../x86_64-nacl/lib32/libnacl.a(isatty.o)
                                         0x38 (size before relaxing)
 .eh_frame      0x0000000010032578       0x24 /Users/yeonwoo-kim/HealthHub/nacl_sdk/pepper_49/toolchain/mac_pnacl/bin/../x86_64-nacl/lib32/libnacl.a(lseek.o)
                                         0x3c (size before relaxing)
 .eh_frame      0x000000001003259c       0x1c /Users/yeonwoo-kim/HealthHub/nacl_sdk/pepper_49/toolchain/mac_pnacl/bin/../x86_64-nacl/lib32/libnacl.a(nanosleep.o)