Archive member included because of file (symbol)

/Users/yeonwoo-kim/HealthHub/nacl_sdk/pepper_49/lib/clang-newlib_x86_64/Release/liberror_handling.a(error_handling_x86_64.o)
                              clang-newlib/Release/debugging_x86_64.o (EHRequestExceptionsJson)
/Users/yeonwoo-kim/HealthHub/nacl_sdk/pepper_49/lib/clang-newlib_x86_64/Release/liberror_handling.a(string_stream_x86_64.o)
                              /Users/yeonwoo-kim/HealthHub/nacl_sdk/pepper_49/lib/clang-newlib_x86_64/Release/liberror_handling.a(error_handling_x86_64.o) (ssinit)
/Users/yeonwoo-kim/HealthHub/nacl_sdk/pepper_49/toolchain/mac_pnacl/bin/../x86_64-nacl/lib/libppapi_stub.a(plugin_main_irt_21ce9d26.o)
                              (main)
/Users/yeonwoo-kim/HealthHub/nacl_sdk/pepper_49/toolchain/mac_pnacl/bin/../x86_64-nacl/lib/libppapi_stub.a(ppapi_plugin_main_399d0cf7.o)
                              /Users/yeonwoo-kim/HealthHub/nacl_sdk/pepper_49/toolchain/mac_pnacl/bin/../x86_64-nacl/lib/libppapi_stub.a(plugin_main_irt_21ce9d26.o) (PpapiPluginMain)
/Users/yeonwoo-kim/HealthHub/nacl_sdk/pepper_49/toolchain/mac_pnacl/bin/../x86_64-nacl/lib/libppapi_stub.a(ppapi_plugin_start_8da67623.o)
                              /Users/yeonwoo-kim/HealthHub/nacl_sdk/pepper_49/toolchain/mac_pnacl/bin/../x86_64-nacl/lib/libppapi_stub.a(ppapi_plugin_main_399d0cf7.o) (PpapiPluginStart)
/Users/yeonwoo-kim/HealthHub/nacl_sdk/pepper_49/toolchain/mac_pnacl/bin/../x86_64-nacl/lib/libppapi_stub.a(thread_creator_ccf263e1.o)
                              /Users/yeonwoo-kim/HealthHub/nacl_sdk/pepper_49/toolchain/mac_pnacl/bin/../x86_64-nacl/lib/libppapi_stub.a(ppapi_plugin_start_8da67623.o) (__nacl_register_thread_creator)
/Users/yeonwoo-kim/HealthHub/nacl_sdk/pepper_49/toolchain/mac_pnacl/bin/../x86_64-nacl/lib/libpthread.a(nc_thread.o)
                              clang-newlib/Release/debugging_x86_64.o (pthread_create)
/Users/yeonwoo-kim/HealthHub/nacl_sdk/pepper_49/toolchain/mac_pnacl/bin/../x86_64-nacl/lib/libpthread.a(nc_mutex.o)
                              /Users/yeonwoo-kim/HealthHub/nacl_sdk/pepper_49/toolchain/mac_pnacl/bin/../x86_64-nacl/lib/libpthread.a(nc_thread.o) (pthread_mutex_destroy)
/Users/yeonwoo-kim/HealthHub/nacl_sdk/pepper_49/toolchain/mac_pnacl/bin/../x86_64-nacl/lib/libpthread.a(nc_condvar.o)
                              /Users/yeonwoo-kim/HealthHub/nacl_sdk/pepper_49/toolchain/mac_pnacl/bin/../x86_64-nacl/lib/libpthread.a(nc_thread.o) (pthread_cond_destroy)
/Users/yeonwoo-kim/HealthHub/nacl_sdk/pepper_49/toolchain/mac_pnacl/bin/../x86_64-nacl/lib/libpthread.a(valgrind_annotations.o)
                              /Users/yeonwoo-kim/HealthHub/nacl_sdk/pepper_49/toolchain/mac_pnacl/bin/../x86_64-nacl/lib/libpthread.a(nc_thread.o) (NACL_AnnotateCondVarWait)
/Users/yeonwoo-kim/HealthHub/nacl_sdk/pepper_49/toolchain/mac_pnacl/bin/../x86_64-nacl/lib/libpthread.a(nc_init_irt.o)
                              /Users/yeonwoo-kim/HealthHub/nacl_sdk/pepper_49/toolchain/mac_pnacl/bin/../x86_64-nacl/lib/libpthread.a(nc_mutex.o) (__libnacl_irt_futex)
/Users/yeonwoo-kim/HealthHub/nacl_sdk/pepper_49/toolchain/mac_pnacl/bin/../x86_64-nacl/lib/libnacl.a(nacl_irt.o)
                              /Users/yeonwoo-kim/HealthHub/nacl_sdk/pepper_49/toolchain/mac_pnacl/bin/../x86_64-nacl/lib/libpthread.a(nc_init_irt.o) (__libnacl_mandatory_irt_query)
/Users/yeonwoo-kim/HealthHub/nacl_sdk/pepper_49/toolchain/mac_pnacl/bin/../x86_64-nacl/lib/libnacl.a(_exit.o)
                              (_exit)
/Users/yeonwoo-kim/HealthHub/nacl_sdk/pepper_49/toolchain/mac_pnacl/bin/../x86_64-nacl/lib/libnacl.a(mmap.o)
                              /Users/yeonwoo-kim/HealthHub/nacl_sdk/pepper_49/lib/clang-newlib_x86_64/Release/liberror_handling.a(error_handling_x86_64.o) (mmap)
/Users/yeonwoo-kim/HealthHub/nacl_sdk/pepper_49/toolchain/mac_pnacl/bin/../x86_64-nacl/lib/libnacl.a(munmap.o)
                              /Users/yeonwoo-kim/HealthHub/nacl_sdk/pepper_49/lib/clang-newlib_x86_64/Release/liberror_handling.a(error_handling_x86_64.o) (munmap)
/Users/yeonwoo-kim/HealthHub/nacl_sdk/pepper_49/toolchain/mac_pnacl/bin/../x86_64-nacl/lib/libnacl.a(nacl_interface_query.o)
                              /Users/yeonwoo-kim/HealthHub/nacl_sdk/pepper_49/lib/clang-newlib_x86_64/Release/liberror_handling.a(error_handling_x86_64.o) (nacl_interface_query)
/Users/yeonwoo-kim/HealthHub/nacl_sdk/pepper_49/toolchain/mac_pnacl/bin/../x86_64-nacl/lib/libnacl.a(write.o)
                              /Users/yeonwoo-kim/HealthHub/nacl_sdk/pepper_49/toolchain/mac_pnacl/bin/../x86_64-nacl/lib/libppapi_stub.a(ppapi_plugin_start_8da67623.o) (write)
/Users/yeonwoo-kim/HealthHub/nacl_sdk/pepper_49/toolchain/mac_pnacl/bin/../x86_64-nacl/lib/libnacl.a(environ.o)
                              /Users/yeonwoo-kim/HealthHub/nacl_sdk/pepper_49/toolchain/mac_pnacl/bin/../x86_64-nacl/lib/libppapi_stub.a(ppapi_plugin_start_8da67623.o) (environ)
[...]
Memory Configuration

Name             Origin             Length             Attributes
*default*        0x0000000000000000 0xffffffffffffffff

Linker script and memory map

LOAD /Users/yeonwoo-kim/HealthHub/nacl_sdk/pepper_49/toolchain/mac_pnacl/bin/../x86_64-nacl/lib/crt1.o
LOAD /Users/yeonwoo-kim/HealthHub/nacl_sdk/pepper_49/toolchain/mac_pnacl/bin/../x86_64-nacl/lib/crti.o
LOAD /Users/yeonwoo-kim/HealthHub/nacl_sdk/pepper_49/toolchain/mac_pnacl/bin/../lib/clang/3.7.0/lib/x86_64-nacl/crtbeginT.o
LOAD clang-newlib/Release/debugging_x86_64.o
LOAD /Users/yeonwoo-kim/HealthHub/nacl_sdk/pepper_49/lib/clang-newlib_x86_64/Release/liberror_handling.a
LOAD /Users/yeonwoo-kim/HealthHub/nacl_sdk/pepper_49/toolchain/mac_pnacl/bin/../x86_64-nacl/lib/libppapi.a
LOAD /Users/yeonwoo-kim/HealthHub/nacl_sdk/pepper_49/toolchain/mac_pnacl/bin/../x86_64-nacl/lib/libppapi_stub.a
LOAD /Users/yeonwoo-kim/HealthHub/nacl_sdk/pepper_49/toolchain/mac_pnacl/bin/../x86_64-nacl/lib/libpthread.a
LOAD /Users/yeonwoo-kim/HealthHub/nacl_sdk/pepper_49/toolchain/mac_pnacl/bin/../x86_64-nacl/lib/libc++.a
LOAD /Users/yeonwoo-kim/HealthHub/nacl_sdk/pepper_49/toolchain/mac_pnacl/bin/../x86_64-nacl/lib/libm.a
START GROUP
LOAD /Users/yeonwoo-kim/HealthHub/nacl_sdk/pepper_49/toolchain/mac_pnacl/bin/../x86_64-nacl/lib/libc.a
START GROUP
LOAD /Users/yeonwoo-kim/HealthHub/nacl_sdk/pepper_49/toolchain/mac_pnacl/bin/../x86_64-nacl/lib/libnacl.a
LOAD /Users/yeonwoo-kim/HealthHub/nacl_sdk/pepper_49/toolchain/mac_pnacl/bin/../x86_64-nacl/lib/libcrt_common.a
END GROUP
LOAD /Users/yeonwoo-kim/HealthHub/nacl_sdk/pepper_49/toolchain/mac_pnacl/bin/../x86_64-nacl/lib/libpthread.a
LOAD /Users/yeonwoo-kim/HealthHub/nacl_sdk/pepper_49/toolchain/mac_pnacl/bin/../lib/clang/3.7.0/lib/x86_64-nacl/libgcc.a
LOAD /Users/yeonwoo-kim/HealthHub/nacl_sdk/pepper_49/toolchain/mac_pnacl/bin/../lib/clang/3.7.0/lib/x86_64-nacl/libgcc_eh.a
END GROUP
LOAD /Users/yeonwoo-kim/HealthHub/nacl_sdk/pepper_49/toolchain/mac_pnacl/bin/../lib/clang/3.7.0/lib/x86_64-nacl/crtend.o
LOAD /Users/yeonwoo-kim/HealthHub/nacl_sdk/pepper_49/toolchain/mac_pnacl/bin/../x86_64-nacl/lib/crtn.o
                0x0000000000020000                PROVIDE (__executable_start, 0x20000)
                0x0000000000020000                . = 0x20000

.init
 *(SORT(.init))

.plt            0x0000000000020000        0x0
 *(.plt)
 *(.iplt)
 .iplt          0x0000000000000000        0x0 /Users/yeonwoo-kim/HealthHub/nacl_sdk/pepper_49/toolchain/mac_pnacl/bin/../lib/clang/3.7.0/lib/x86_64-nacl/crtbeginT.o

.text           0x0000000000020000    0x29720
 *(.text.unlikely .text.*_unlikely .text.unlikely.*)
 *(.text.exit .text.exit.*)
 .text.exit     0x0000000000020000       0x80 /Users/yeonwoo-kim/HealthHub/nacl_sdk/pepper_49/toolchain/mac_pnacl/bin/../x86_64-nacl/lib/libcrt_common.a(lib_a-exit.o)
                0x0000000000020000                exit
 *(.text.startup .text.startup.*)
 *(.text.hot .text.hot.*)
 *(.text .stub .text.* .gnu.linkonce.t.*)
 .text          0x0000000000020080       0x40 /Users/yeonwoo-kim/HealthHub/nacl_sdk/pepper_49/toolchain/mac_pnacl/bin/../x86_64-nacl/lib/crti.o
                0x0000000000020080                _init
                0x00000000000200a0                _fini
 .text          0x00000000000200c0       0x60 /Users/yeonwoo-kim/HealthHub/nacl_sdk/pepper_49/toolchain/mac_pnacl/bin/../lib/clang/3.7.0/lib/x86_64-nacl/crtbeginT.o
 .text          0x0000000000020120      0x6e0 clang-newlib/Release/debugging_x86_64.o
                0x0000000000020120                layer5
                0x0000000000020160                layer4
                0x00000000000201a0                layer3
                0x00000000000201e0                layer2
                0x0000000000020220                layer1
                0x0000000000020260                NexeMain
                0x00000000000202c0                PostMessage
                0x0000000000020440                DumpJson
                0x0000000000020500                PPP_InitializeModule
                0x00000000000205a0                PPP_GetInterface
                0x00000000000207e0                PPP_ShutdownModule
 .text          0x0000000000020800      0x960 /Users/yeonwoo-kim/HealthHub/nacl_sdk/pepper_49/lib/clang-newlib_x86_64/Release/liberror_handling.a(error_handling_x86_64.o)
                0x0000000000020800                EHGetTopFrame
                0x0000000000020860                EHUnwindFrame
                0x00000000000208e0                EHDefaultJsonHandler
                0x0000000000020cc0                EHRequestExceptionsRaw
                0x0000000000020ec0                EHRequestExceptionStackOnThread
                0x00000000000210c0                EHRequestExceptionsJson
                0x0000000000021120                EHHanderInstalled
 .text          0x0000000000021160      0x260 /Users/yeonwoo-kim/HealthHub/nacl_sdk/pepper_49/lib/clang-newlib_x86_64/Release/liberror_handling.a(string_stream_x86_64.o)
                0x0000000000021160                ssinit
                0x00000000000211a0                ssfree
                0x0000000000021200                ssvprintf
                0x0000000000021300                ssprintf
 .text          0x00000000000213c0       0x20 /Users/yeonwoo-kim/HealthHub/nacl_sdk/pepper_49/toolchain/mac_pnacl/bin/../x86_64-nacl/lib/libppapi_stub.a(plugin_main_irt_21ce9d26.o)
                0x00000000000213c0                main
 .text          0x00000000000213e0       0x20 /Users/yeonwoo-kim/HealthHub/nacl_sdk/pepper_49/toolchain/mac_pnacl/bin/../x86_64-nacl/lib/libppapi_stub.a(ppapi_plugin_main_399d0cf7.o)
                0x00000000000213e0                PpapiPluginMain
 .text          0x0000000000021400      0x180 /Users/yeonwoo-kim/HealthHub/nacl_sdk/pepper_49/toolchain/mac_pnacl/bin/../x86_64-nacl/lib/libppapi_stub.a(ppapi_plugin_start_8da67623.o)
                0x0000000000021400                PpapiPluginStart
 .text          0x0000000000021580       0xa0 /Users/yeonwoo-kim/HealthHub/nacl_sdk/pepper_49/toolchain/mac_pnacl/bin/../x86_64-nacl/lib/libppapi_stub.a(thread_creator_ccf263e1.o)
                0x0000000000021580                __nacl_register_thread_creator
 .text          0x0000000000021620     0x1d40 /Users/yeonwoo-kim/HealthHub/nacl_sdk/pepper_49/toolchain/mac_pnacl/bin/../x86_64-nacl/lib/libpthread.a(nc_thread.o)
                0x0000000000021620                __nc_initialize_globals
                0x0000000000021720                __nc_initialize_unjoinable_thread
                0x00000000000217e0                __pthread_initialize
                0x00000000000219a0                pthread_create
                0x0000000000022080                pthread_cleanup_push
                0x0000000000022100                pthread_cleanup_pop
                0x00000000000221e0                pthread_exit
                0x0000000000022780                __nc_tsd_exit
                0x0000000000022940                pthread_join
                0x0000000000022b00                pthread_self
                0x0000000000022b40                pthread_detach
                0x0000000000022c20                pthread_kill
                0x0000000000022c40                pthread_equal
                0x0000000000022c60                pthread_setschedprio
                0x0000000000022ce0                pthread_attr_init
                0x0000000000022d20                pthread_attr_destroy
                0x0000000000022d40                pthread_attr_setdetachstate
                0x0000000000022d60                pthread_attr_getdetachstate
                0x0000000000022d80                pthread_attr_setscope
                0x0000000000022dc0                pthread_attr_getscope
                0x0000000000022de0                pthread_attr_setstacksize
                0x0000000000022e20                pthread_attr_getstacksize
                0x0000000000022e60                __local_lock_init
                0x0000000000022ee0                __local_lock_init_recursive
                0x0000000000022f60                __local_lock_close
                0x0000000000022f80                __local_lock_close_recursive
                0x0000000000022fa0                __local_lock_acquire
                0x0000000000022fc0                __local_lock_acquire_recursive
                0x0000000000022fe0                __local_lock_try_acquire
                0x0000000000023020                __local_lock_try_acquire_recursive
                0x0000000000023060                __local_lock_release
                0x0000000000023080                __local_lock_release_recursive
                0x00000000000230a0                pthread_key_create
                0x0000000000023160                pthread_key_delete
                0x00000000000231c0                pthread_setspecific
                0x00000000000232e0                pthread_getspecific
 .text          0x0000000000023360      0x880 /Users/yeonwoo-kim/HealthHub/nacl_sdk/pepper_49/toolchain/mac_pnacl/bin/../x86_64-nacl/lib/libpthread.a(nc_mutex.o)
                0x0000000000023360                pthread_mutex_init
                0x00000000000233c0                pthread_mutex_destroy
                0x0000000000023420                pthread_mutex_trylock
                0x00000000000234c0                pthread_mutex_lock
                0x0000000000023660                pthread_mutex_timedlock
                0x0000000000023880                pthread_mutex_unlock
                0x00000000000239a0                pthread_once
                0x0000000000023b00                pthread_mutexattr_init
                0x0000000000023b20                pthread_mutexattr_destroy
                0x0000000000023b40                pthread_mutexattr_settype
                0x0000000000023b60                pthread_mutexattr_gettype
                0x0000000000023b80                pthread_mutexattr_setpshared
                0x0000000000023bc0                pthread_mutexattr_getpshared
 .text          0x0000000000023be0      0x3c0 /Users/yeonwoo-kim/HealthHub/nacl_sdk/pepper_49/toolchain/mac_pnacl/bin/../x86_64-nacl/lib/libpthread.a(nc_condvar.o)
                0x0000000000023be0                pthread_cond_init
                0x0000000000023c00                pthread_cond_destroy
                0x0000000000023c20                pthread_cond_signal
                0x0000000000023c80                pthread_cond_broadcast
                0x0000000000023ce0                pthread_cond_wait
                0x0000000000023dc0                pthread_cond_timedwait_abs
                0x0000000000023ea0                pthread_condattr_init
                0x0000000000023ec0                pthread_condattr_destroy
                0x0000000000023ee0                pthread_condattr_getpshared
                0x0000000000023f00                pthread_condattr_setpshared
                0x0000000000023f40                pthread_condattr_getclock
                0x0000000000023f60                pthread_condattr_setclock
 .text          0x0000000000023fa0      0x500 /Users/yeonwoo-kim/HealthHub/nacl_sdk/pepper_49/toolchain/mac_pnacl/bin/../x86_64-nacl/lib/libpthread.a(valgrind_annotations.o)
                0x0000000000023fa0                NACL_AnnotateRWLockCreate
                0x0000000000023fc0                NACL_AnnotateRWLockDestroy
                0x0000000000023fe0                NACL_AnnotateRWLockAcquired
                0x0000000000024000                NACL_AnnotateRWLockReleased
                0x0000000000024020                NACL_AnnotateBarrierInit
                0x0000000000024040                NACL_AnnotateBarrierWaitBefore
                0x0000000000024060                NACL_AnnotateBarrierWaitAfter
                0x0000000000024080                NACL_AnnotateBarrierDestroy
                0x00000000000240a0                NACL_AnnotateCondVarWait
                0x00000000000240c0                NACL_AnnotateCondVarSignal
                0x00000000000240e0                NACL_AnnotateCondVarSignalAll
                0x0000000000024100                NACL_AnnotateHappensBefore
                0x0000000000024120                NACL_AnnotateHappensAfter
                0x0000000000024140                NACL_AnnotatePublishMemoryRange
                0x0000000000024160                NACL_AnnotateUnpublishMemoryRange
                0x0000000000024180                NACL_AnnotatePCQCreate
                0x00000000000241a0                NACL_AnnotatePCQDestroy
                0x00000000000241c0                NACL_AnnotatePCQPut
                0x00000000000241e0                NACL_AnnotatePCQGet
                0x0000000000024200                NACL_AnnotateNewMemory
                0x0000000000024220                NACL_AnnotateExpectRace
                0x0000000000024240                NACL_AnnotateFlushExpectedRaces
                0x0000000000024260                NACL_AnnotateBenignRace
                0x0000000000024280                NACL_AnnotateBenignRaceSized
                0x00000000000242a0                NACL_AnnotateMutexIsUsedAsCondVar
                0x00000000000242c0                NACL_AnnotateMutexIsNotPHB
                0x00000000000242e0                NACL_AnnotateTraceMemory
                0x0000000000024300                NACL_AnnotateThreadName
                0x0000000000024320                NACL_AnnotateIgnoreReadsBegin
                0x0000000000024340                NACL_AnnotateIgnoreReadsEnd
                0x0000000000024360                NACL_AnnotateIgnoreWritesBegin
                0x0000000000024380                NACL_AnnotateIgnoreWritesEnd
                0x00000000000243a0                NACL_AnnotateIgnoreSyncBegin
                0x00000000000243c0                NACL_AnnotateIgnoreSyncEnd
                0x00000000000243e0                NACL_AnnotateEnableRaceDetection
                0x0000000000024400                NACL_AnnotateNoOp
                0x0000000000024420                NACL_AnnotateFlushState
                0x0000000000024440                RunningOnValgrind
 .text          0x00000000000244a0       0x40 /Users/yeonwoo-kim/HealthHub/nacl_sdk/pepper_49/toolchain/mac_pnacl/bin/../x86_64-nacl/lib/libpthread.a(nc_init_irt.o)
                0x00000000000244a0                __nc_initialize_interfaces
 .text          0x00000000000244e0      0x320 /Users/yeonwoo-kim/HealthHub/nacl_sdk/pepper_49/toolchain/mac_pnacl/bin/../x86_64-nacl/lib/libnacl.a(nacl_irt.o)
                0x00000000000245e0                __libnacl_irt_query
                0x00000000000246e0                __libnacl_mandatory_irt_query
                0x0000000000024760                __libnacl_irt_init_fn
 .text          0x0000000000024800       0x40 /Users/yeonwoo-kim/HealthHub/nacl_sdk/pepper_49/toolchain/mac_pnacl/bin/../x86_64-nacl/lib/libnacl.a(_exit.o)
                0x0000000000024800                _exit
 .text          0x0000000000024840       0xa0 /Users/yeonwoo-kim/HealthHub/nacl_sdk/pepper_49/toolchain/mac_pnacl/bin/../x86_64-nacl/lib/libnacl.a(mmap.o)
                0x0000000000024840                mmap
 .text          0x00000000000248e0       0x60 /Users/yeonwoo-kim/HealthHub/nacl_sdk/pepper_49/toolchain/mac_pnacl/bin/../x86_64-nacl/lib/libnacl.a(munmap.o)
                0x00000000000248e0                munmap
 .text          0x0000000000024940       0x40 /Users/yeonwoo-kim/HealthHub/nacl_sdk/pepper_49/toolchain/mac_pnacl/bin/../x86_64-nacl/lib/libnacl.a(nacl_interface_query.o)
                0x0000000000024940                nacl_interface_query
 .text          0x0000000000024980       0xa0 /Users/yeonwoo-kim/HealthHub/nacl_sdk/pepper_49/toolchain/mac_pnacl/bin/../x86_64-nacl/lib/libnacl.a(write.o)
                0x0000000000024980                write
 .text          0x0000000000024a20        0x0 /Users/yeonwoo-kim/HealthHub/nacl_sdk/pepper_49/toolchain/mac_pnacl/bin/../x86_64-nacl/lib/libnacl.a(environ.o)
 .text          0x0000000000024a20     0x5ee0 /Users/yeonwoo-kim/HealthHub/nacl_sdk/pepper_49/toolchain/mac_pnacl/bin/../x86_64-nacl/lib/libnacl.a(malloc.o)
                0x0000000000024a20                malloc
                0x00000000000268a0                free
                0x0000000000027c80                calloc
                0x0000000000027d20                realloc
                0x00000000000284a0                realloc_in_place
                0x00000000000285c0                memalign
                0x0000000000028860                posix_memalign
                0x0000000000028920                valloc
                0x0000000000028a80                pvalloc
                0x0000000000028be0                independent_calloc
                0x0000000000029160                independent_comalloc
                0x0000000000029180                bulk_free
                0x0000000000029340                malloc_trim
                0x0000000000029500                malloc_footprint
                0x0000000000029520                malloc_max_footprint
                0x0000000000029540                malloc_footprint_limit
                0x0000000000029560                malloc_set_footprint_limit
                0x00000000000295a0                mallinfo
                0x00000000000298c0                malloc_stats
                0x0000000000029c00                mallopt
                0x0000000000029da0                malloc_usable_size
                0x0000000000029de0                _malloc_r
                0x0000000000029e00                _calloc_r
                0x0000000000029ea0                _realloc_r
                0x0000000000029ec0                _free_r
 .text          0x000000000002a900      0x140 /Users/yeonwoo-kim/HealthHub/nacl_sdk/pepper_49/toolchain/mac_pnacl/bin/../x86_64-nacl/lib/libnacl.a(start.o)
                0x000000000002a900                _start
 .text          0x000000000002aa40       0x40 /Users/yeonwoo-kim/HealthHub/nacl_sdk/pepper_49/toolchain/mac_pnacl/bin/../x86_64-nacl/lib/libnacl.a(nacl_add_tp.o)
                0x000000000002aa40                __nacl_add_tp
 .text          0x000000000002aa80       0x20 /Users/yeonwoo-kim/HealthHub/nacl_sdk/pepper_49/toolchain/mac_pnacl/bin/../x86_64-nacl/lib/libnacl.a(nacl_read_tp.o)
                0x000000000002aa80                __nacl_read_tp
 .text          0x000000000002aaa0       0xe0 /Users/yeonwoo-kim/HealthHub/nacl_sdk/pepper_49/toolchain/mac_pnacl/bin/../x86_64-nacl/lib/libnacl.a(pthread_initialize_minimal.o)
                0x000000000002aaa0                __pthread_initialize_minimal
 .text          0x000000000002ab80      0x380 /Users/yeonwoo-kim/HealthHub/nacl_sdk/pepper_49/toolchain/mac_pnacl/bin/../x86_64-nacl/lib/libnacl.a(tls.o)
                0x000000000002ab80                __nacl_tls_initialize_memory
                0x000000000002aea0                __nacl_tls_combined_size
 .text          0x000000000002af00      0x180 /Users/yeonwoo-kim/HealthHub/nacl_sdk/pepper_49/toolchain/mac_pnacl/bin/../x86_64-nacl/lib/libnacl.a(nacl_irt_init.o)
                0x000000000002af00                __libnacl_irt_init
 .text          0x000000000002b080       0x20 /Users/yeonwoo-kim/HealthHub/nacl_sdk/pepper_49/toolchain/mac_pnacl/bin/../x86_64-nacl/lib/libnacl.a(nacl_tls_get.o)
                0x000000000002b080                nacl_tls_get
 .text          0x000000000002b0a0       0x20 /Users/yeonwoo-kim/HealthHub/nacl_sdk/pepper_49/toolchain/mac_pnacl/bin/../x86_64-nacl/lib/libnacl.a(nacl_tls_init.o)
                0x000000000002b0a0                nacl_tls_init
 .text          0x000000000002b0c0       0x40 /Users/yeonwoo-kim/HealthHub/nacl_sdk/pepper_49/toolchain/mac_pnacl/bin/../x86_64-nacl/lib/libnacl.a(abort.o)
                0x000000000002b0c0                abort
 .text          0x000000000002b100       0x60 /Users/yeonwoo-kim/HealthHub/nacl_sdk/pepper_49/toolchain/mac_pnacl/bin/../x86_64-nacl/lib/libnacl.a(sched_yield.o)
                0x000000000002b100                sched_yield
 .text          0x000000000002b160       0xa0 /Users/yeonwoo-kim/HealthHub/nacl_sdk/pepper_49/toolchain/mac_pnacl/bin/../x86_64-nacl/lib/libnacl.a(sysconf.o)
                0x000000000002b160                sysconf
 .text          0x000000000002b200        0x0 /Users/yeonwoo-kim/HealthHub/nacl_sdk/pepper_49/toolchain/mac_pnacl/bin/../x86_64-nacl/lib/libcrt_common.a(lib_a-atexit.o)
 .text.atexit   0x000000000002b200       0x40 /Users/yeonwoo-kim/HealthHub/nacl_sdk/pepper_49/toolchain/mac_pnacl/bin/../x86_64-nacl/lib/libcrt_common.a(lib_a-atexit.o)
                0x000000000002b200                atexit
 .text          0x000000000002b240        0x0 /Users/yeonwoo-kim/HealthHub/nacl_sdk/pepper_49/toolchain/mac_pnacl/bin/../x86_64-nacl/lib/libcrt_common.a(lib_a-errno.o)
 .text.__errno  0x000000000002b240       0x60 /Users/yeonwoo-kim/HealthHub/nacl_sdk/pepper_49/toolchain/mac_pnacl/bin/../x86_64-nacl/lib/libcrt_common.a(lib_a-errno.o)
                0x000000000002b240                __errno
 .text          0x000000000002b2a0        0x0 /Users/yeonwoo-kim/HealthHub/nacl_sdk/pepper_49/toolchain/mac_pnacl/bin/../x86_64-nacl/lib/libcrt_common.a(lib_a-exit.o)
 .text          0x000000000002b2a0        0x0 /Users/yeonwoo-kim/HealthHub/nacl_sdk/pepper_49/toolchain/mac_pnacl/bin/../x86_64-nacl/lib/libcrt_common.a(lib_a-fflush.o)
 .text.__sflush_r
                0x000000000002b2a0      0x360 /Users/yeonwoo-kim/HealthHub/nacl_sdk/pepper_49/toolchain/mac_pnacl/bin/../x86_64-nacl/lib/libcrt_common.a(lib_a-fflush.o)
                0x000000000002b2a0                __sflush_r
 .text._fflush_r
                0x000000000002b600      0x100 /Users/yeonwoo-kim/HealthHub/nacl_sdk/pepper_49/toolchain/mac_pnacl/bin/../x86_64-nacl/lib/libcrt_common.a(lib_a-fflush.o)
                0x000000000002b600                _fflush_r
 .text.fflush   0x000000000002b700      0x160 /Users/yeonwoo-kim/HealthHub/nacl_sdk/pepper_49/toolchain/mac_pnacl/bin/../x86_64-nacl/lib/libcrt_common.a(lib_a-fflush.o)
                0x000000000002b700                fflush
 .text          0x000000000002b860        0x0 /Users/yeonwoo-kim/HealthHub/nacl_sdk/pepper_49/toolchain/mac_pnacl/bin/../x86_64-nacl/lib/libcrt_common.a(lib_a-findfp.o)
 .text.__sfmoreglue
                0x000000000002b860       0xc0 /Users/yeonwoo-kim/HealthHub/nacl_sdk/pepper_49/toolchain/mac_pnacl/bin/../x86_64-nacl/lib/libcrt_common.a(lib_a-findfp.o)
                0x000000000002b860                __sfmoreglue
 .text.__sfp    0x000000000002b920      0x2a0 /Users/yeonwoo-kim/HealthHub/nacl_sdk/pepper_49/toolchain/mac_pnacl/bin/../x86_64-nacl/lib/libcrt_common.a(lib_a-findfp.o)
                0x000000000002b920                __sfp
 .text.__sinit  0x000000000002bbc0      0x420 /Users/yeonwoo-kim/HealthHub/nacl_sdk/pepper_49/toolchain/mac_pnacl/bin/../x86_64-nacl/lib/libcrt_common.a(lib_a-findfp.o)
                0x000000000002bbc0                __sinit
 .text.__sfp_lock_acquire
                0x000000000002bfe0       0x20 /Users/yeonwoo-kim/HealthHub/nacl_sdk/pepper_49/toolchain/mac_pnacl/bin/../x86_64-nacl/lib/libcrt_common.a(lib_a-findfp.o)
                0x000000000002bfe0                __sfp_lock_acquire
 .text.__sfp_lock_release
                0x000000000002c000       0x20 /Users/yeonwoo-kim/HealthHub/nacl_sdk/pepper_49/toolchain/mac_pnacl/bin/../x86_64-nacl/lib/libcrt_common.a(lib_a-findfp.o)
                0x000000000002c000                __sfp_lock_release
 .text._cleanup_r
                0x000000000002c020       0x20 /Users/yeonwoo-kim/HealthHub/nacl_sdk/pepper_49/toolchain/mac_pnacl/bin/../x86_64-nacl/lib/libcrt_common.a(lib_a-findfp.o)
                0x000000000002c020                _cleanup_r
 .text._cleanup
                0x000000000002c040       0x40 /Users/yeonwoo-kim/HealthHub/nacl_sdk/pepper_49/toolchain/mac_pnacl/bin/../x86_64-nacl/lib/libcrt_common.a(lib_a-findfp.o)
                0x000000000002c040                _cleanup
 .text.__sinit_lock_acquire
                0x000000000002c080       0x20 /Users/yeonwoo-kim/HealthHub/nacl_sdk/pepper_49/toolchain/mac_pnacl/bin/../x86_64-nacl/lib/libcrt_common.a(lib_a-findfp.o)
                0x000000000002c080                __sinit_lock_acquire
 .text.__sinit_lock_release
                0x000000000002c0a0       0x20 /Users/yeonwoo-kim/HealthHub/nacl_sdk/pepper_49/toolchain/mac_pnacl/bin/../x86_64-nacl/lib/libcrt_common.a(lib_a-findfp.o)
                0x000000000002c0a0                __sinit_lock_release
 .text.__fp_lock_all
                0x000000000002c0c0       0x80 /Users/yeonwoo-kim/HealthHub/nacl_sdk/pepper_49/toolchain/mac_pnacl/bin/../x86_64-nacl/lib/libcrt_common.a(lib_a-findfp.o)
                0x000000000002c0c0                __fp_lock_all
 .text.__fp_lock
                0x000000000002c140       0x40 /Users/yeonwoo-kim/HealthHub/nacl_sdk/pepper_49/toolchain/mac_pnacl/bin/../x86_64-nacl/lib/libcrt_common.a(lib_a-findfp.o)
 .text.__fp_unlock_all
                0x000000000002c180       0x60 /Users/yeonwoo-kim/HealthHub/nacl_sdk/pepper_49/toolchain/mac_pnacl/bin/../x86_64-nacl/lib/libcrt_common.a(lib_a-findfp.o)
                0x000000000002c180                __fp_unlock_all
 .text.__fp_unlock
                0x000000000002c1e0       0x40 /Users/yeonwoo-kim/HealthHub/nacl_sdk/pepper_49/toolchain/mac_pnacl/bin/../x86_64-nacl/lib/libcrt_common.a(lib_a-findfp.o)
 .text          0x000000000002c220        0x0 /Users/yeonwoo-kim/HealthHub/nacl_sdk/pepper_49/toolchain/mac_pnacl/bin/../x86_64-nacl/lib/libcrt_common.a(lib_a-fini.o)
 .text.__libc_fini_array
                0x000000000002c220       0xa0 /Users/yeonwoo-kim/HealthHub/nacl_sdk/pepper_49/toolchain/mac_pnacl/bin/../x86_64-nacl/lib/libcrt_common.a(lib_a-fini.o)
                0x000000000002c220                __libc_fini_array
 .text          0x000000000002c2c0        0x0 /Users/yeonwoo-kim/HealthHub/nacl_sdk/pepper_49/toolchain/mac_pnacl/bin/../x86_64-nacl/lib/libcrt_common.a(lib_a-fprintf.o)
 .text._fprintf_r
                0x000000000002c2c0       0xe0 /Users/yeonwoo-kim/HealthHub/nacl_sdk/pepper_49/toolchain/mac_pnacl/bin/../x86_64-nacl/lib/libcrt_common.a(lib_a-fprintf.o)
                0x000000000002c2c0                _fprintf_r
 .text.fprintf  0x000000000002c3a0      0x120 /Users/yeonwoo-kim/HealthHub/nacl_sdk/pepper_49/toolchain/mac_pnacl/bin/../x86_64-nacl/lib/libcrt_common.a(lib_a-fprintf.o)
                0x000000000002c3a0                fprintf
 .text          0x000000000002c4c0        0x0 /Users/yeonwoo-kim/HealthHub/nacl_sdk/pepper_49/toolchain/mac_pnacl/bin/../x86_64-nacl/lib/libcrt_common.a(lib_a-fwalk.o)
 .text._fwalk   0x000000000002c4c0      0x1c0 /Users/yeonwoo-kim/HealthHub/nacl_sdk/pepper_49/toolchain/mac_pnacl/bin/../x86_64-nacl/lib/libcrt_common.a(lib_a-fwalk.o)
                0x000000000002c4c0                _fwalk
 .text._fwalk_reent
                0x000000000002c680      0x160 /Users/yeonwoo-kim/HealthHub/nacl_sdk/pepper_49/toolchain/mac_pnacl/bin/../x86_64-nacl/lib/libcrt_common.a(lib_a-fwalk.o)
                0x000000000002c680                _fwalk_reent
 .text          0x000000000002c7e0        0x0 /Users/yeonwoo-kim/HealthHub/nacl_sdk/pepper_49/toolchain/mac_pnacl/bin/../x86_64-nacl/lib/libcrt_common.a(lib_a-fwrite.o)
 .text._fwrite_r
                0x000000000002c7e0      0x180 /Users/yeonwoo-kim/HealthHub/nacl_sdk/pepper_49/toolchain/mac_pnacl/bin/../x86_64-nacl/lib/libcrt_common.a(lib_a-fwrite.o)
                0x000000000002c7e0                _fwrite_r
 .text.fwrite   0x000000000002c960       0x80 /Users/yeonwoo-kim/HealthHub/nacl_sdk/pepper_49/toolchain/mac_pnacl/bin/../x86_64-nacl/lib/libcrt_common.a(lib_a-fwrite.o)
                0x000000000002c960                fwrite
 .text          0x000000000002c9e0        0x0 /Users/yeonwoo-kim/HealthHub/nacl_sdk/pepper_49/toolchain/mac_pnacl/bin/../x86_64-nacl/lib/libcrt_common.a(lib_a-getenv.o)
 .text._findenv
                0x000000000002c9e0       0x60 /Users/yeonwoo-kim/HealthHub/nacl_sdk/pepper_49/toolchain/mac_pnacl/bin/../x86_64-nacl/lib/libcrt_common.a(lib_a-getenv.o)
                0x000000000002c9e0                _findenv
 .text.getenv   0x000000000002ca40       0x80 /Users/yeonwoo-kim/HealthHub/nacl_sdk/pepper_49/toolchain/mac_pnacl/bin/../x86_64-nacl/lib/libcrt_common.a(lib_a-getenv.o)
                0x000000000002ca40                getenv
 .text          0x000000000002cac0        0x0 /Users/yeonwoo-kim/HealthHub/nacl_sdk/pepper_49/toolchain/mac_pnacl/bin/../x86_64-nacl/lib/libcrt_common.a(lib_a-getenv_r.o)
 .text._findenv_r
                0x000000000002cac0      0x160 /Users/yeonwoo-kim/HealthHub/nacl_sdk/pepper_49/toolchain/mac_pnacl/bin/../x86_64-nacl/lib/libcrt_common.a(lib_a-getenv_r.o)
                0x000000000002cac0                _findenv_r
 .text._getenv_r
                0x000000000002cc20       0x60 /Users/yeonwoo-kim/HealthHub/nacl_sdk/pepper_49/toolchain/mac_pnacl/bin/../x86_64-nacl/lib/libcrt_common.a(lib_a-getenv_r.o)
                0x000000000002cc20                _getenv_r
 .text          0x000000000002cc80        0x0 /Users/yeonwoo-kim/HealthHub/nacl_sdk/pepper_49/toolchain/mac_pnacl/bin/../x86_64-nacl/lib/libcrt_common.a(lib_a-impure.o)
 .text.__newlib_thread_init
                0x000000000002cc80       0x80 /Users/yeonwoo-kim/HealthHub/nacl_sdk/pepper_49/toolchain/mac_pnacl/bin/../x86_64-nacl/lib/libcrt_common.a(lib_a-impure.o)
                0x000000000002cc80                __newlib_thread_init
 .text.__newlib_thread_exit
                0x000000000002cd00       0x40 /Users/yeonwoo-kim/HealthHub/nacl_sdk/pepper_49/toolchain/mac_pnacl/bin/../x86_64-nacl/lib/libcrt_common.a(lib_a-impure.o)
                0x000000000002cd00                __newlib_thread_exit
 .text          0x000000000002cd40        0x0 /Users/yeonwoo-kim/HealthHub/nacl_sdk/pepper_49/toolchain/mac_pnacl/bin/../x86_64-nacl/lib/libcrt_common.a(lib_a-init.o)
 .text.__libc_init_array
                0x000000000002cd40      0x120 /Users/yeonwoo-kim/HealthHub/nacl_sdk/pepper_49/toolchain/mac_pnacl/bin/../x86_64-nacl/lib/libcrt_common.a(lib_a-init.o)
                0x000000000002cd40                __libc_init_array
 .text          0x000000000002ce60      0x1c0 /Users/yeonwoo-kim/HealthHub/nacl_sdk/pepper_49/toolchain/mac_pnacl/bin/../x86_64-nacl/lib/libcrt_common.a(lib_a-memcpy.o)
                0x000000000002ce60                memcpy
 .text          0x000000000002d020      0x14f /Users/yeonwoo-kim/HealthHub/nacl_sdk/pepper_49/toolchain/mac_pnacl/bin/../x86_64-nacl/lib/libcrt_common.a(lib_a-memset.o)
                0x000000000002d020                memset
 *fill*         0x000000000002d16f        0x1 
 .text          0x000000000002d170        0x0 /Users/yeonwoo-kim/HealthHub/nacl_sdk/pepper_49/toolchain/mac_pnacl/bin/../x86_64-nacl/lib/libcrt_common.a(lib_a-sleep.o)
 *fill*         0x000000000002d170       0x10 
 .text.sleep    0x000000000002d180       0xa0 /Users/yeonwoo-kim/HealthHub/nacl_sdk/pepper_49/toolchain/mac_pnacl/bin/../x86_64-nacl/lib/libcrt_common.a(lib_a-sleep.o)
                0x000000000002d180                sleep
 .text          0x000000000002d220        0x0 /Users/yeonwoo-kim/HealthHub/nacl_sdk/pepper_49/toolchain/mac_pnacl/bin/../x86_64-nacl/lib/libcrt_common.a(lib_a-stdio.o)
 .text.__sread  0x000000000002d220       0x60 /Users/yeonwoo-kim/HealthHub/nacl_sdk/pepper_49/toolchain/mac_pnacl/bin/../x86_64-nacl/lib/libcrt_common.a(lib_a-stdio.o)
                0x000000000002d220                __sread
 .text.__seofread
                0x000000000002d280       0x40 /Users/yeonwoo-kim/HealthHub/nacl_sdk/pepper_49/toolchain/mac_pnacl/bin/../x86_64-nacl/lib/libcrt_common.a(lib_a-stdio.o)
                0x000000000002d280                __seofread
 .text.__swrite
                0x000000000002d2c0       0xa0 /Users/yeonwoo-kim/HealthHub/nacl_sdk/pepper_49/toolchain/mac_pnacl/bin/../x86_64-nacl/lib/libcrt_common.a(lib_a-stdio.o)
                0x000000000002d2c0                __swrite
 .text.__sseek  0x000000000002d360       0xa0 /Users/yeonwoo-kim/HealthHub/nacl_sdk/pepper_49/toolchain/mac_pnacl/bin/../x86_64-nacl/lib/libcrt_common.a(lib_a-stdio.o)
                0x000000000002d360                __sseek
 .text.__sclose
                0x000000000002d400       0x40 /Users/yeonwoo-kim/HealthHub/nacl_sdk/pepper_49/toolchain/mac_pnacl/bin/../x86_64-nacl/lib/libcrt_common.a(lib_a-stdio.o)
                0x000000000002d400                __sclose
 .text          0x000000000002d440        0x0 /Users/yeonwoo-kim/HealthHub/nacl_sdk/pepper_49/toolchain/mac_pnacl/bin/../x86_64-nacl/lib/libcrt_common.a(lib_a-strcat.o)
 .text.strcat   0x000000000002d440       0xa0 /Users/yeonwoo-kim/HealthHub/nacl_sdk/pepper_49/toolchain/mac_pnacl/bin/../x86_64-nacl/lib/libcrt_common.a(lib_a-strcat.o)
                0x000000000002d440                strcat
 .text          0x000000000002d4e0        0x0 /Users/yeonwoo-kim/HealthHub/nacl_sdk/pepper_49/toolchain/mac_pnacl/bin/../x86_64-nacl/lib/libcrt_common.a(lib_a-strcmp.o)
 .text.strcmp   0x000000000002d4e0       0xc0 /Users/yeonwoo-kim/HealthHub/nacl_sdk/pepper_49/toolchain/mac_pnacl/bin/../x86_64-nacl/lib/libcrt_common.a(lib_a-strcmp.o)
                0x000000000002d4e0                strcmp
 .text          0x000000000002d5a0        0x0 /Users/yeonwoo-kim/HealthHub/nacl_sdk/pepper_49/toolchain/mac_pnacl/bin/../x86_64-nacl/lib/libcrt_common.a(lib_a-strcpy.o)
 .text.strcpy   0x000000000002d5a0       0xc0 /Users/yeonwoo-kim/HealthHub/nacl_sdk/pepper_49/toolchain/mac_pnacl/bin/../x86_64-nacl/lib/libcrt_common.a(lib_a-strcpy.o)
                0x000000000002d5a0                strcpy
 .text          0x000000000002d660        0x0 /Users/yeonwoo-kim/HealthHub/nacl_sdk/pepper_49/toolchain/mac_pnacl/bin/../x86_64-nacl/lib/libcrt_common.a(lib_a-strlen.o)
 .text.strlen   0x000000000002d660       0xa0 /Users/yeonwoo-kim/HealthHub/nacl_sdk/pepper_49/toolchain/mac_pnacl/bin/../x86_64-nacl/lib/libcrt_common.a(lib_a-strlen.o)
                0x000000000002d660                strlen
 .text          0x000000000002d700        0x0 /Users/yeonwoo-kim/HealthHub/nacl_sdk/pepper_49/toolchain/mac_pnacl/bin/../x86_64-nacl/lib/libcrt_common.a(lib_a-strncmp.o)
 .text.strncmp  0x000000000002d700      0x100 /Users/yeonwoo-kim/HealthHub/nacl_sdk/pepper_49/toolchain/mac_pnacl/bin/../x86_64-nacl/lib/libcrt_common.a(lib_a-strncmp.o)
                0x000000000002d700                strncmp
 .text          0x000000000002d800        0x0 /Users/yeonwoo-kim/HealthHub/nacl_sdk/pepper_49/toolchain/mac_pnacl/bin/../x86_64-nacl/lib/libcrt_common.a(lib_a-vfprintf.o)
 .text.vfprintf
                0x000000000002d800       0x60 /Users/yeonwoo-kim/HealthHub/nacl_sdk/pepper_49/toolchain/mac_pnacl/bin/../x86_64-nacl/lib/libcrt_common.a(lib_a-vfprintf.o)
                0x000000000002d800                vfprintf
 .text._vfprintf_r
                0x000000000002d860     0x4700 /Users/yeonwoo-kim/HealthHub/nacl_sdk/pepper_49/toolchain/mac_pnacl/bin/../x86_64-nacl/lib/libcrt_common.a(lib_a-vfprintf.o)
                0x000000000002d860                _vfprintf_r
 .text.__sbprintf
                0x0000000000031f60      0x180 /Users/yeonwoo-kim/HealthHub/nacl_sdk/pepper_49/toolchain/mac_pnacl/bin/../x86_64-nacl/lib/libcrt_common.a(lib_a-vfprintf.o)
 .text          0x00000000000320e0        0x0 /Users/yeonwoo-kim/HealthHub/nacl_sdk/pepper_49/toolchain/mac_pnacl/bin/../x86_64-nacl/lib/libcrt_common.a(lib_a-vsnprintf.o)
 .text.vsnprintf
                0x00000000000320e0      0x140 /Users/yeonwoo-kim/HealthHub/nacl_sdk/pepper_49/toolchain/mac_pnacl/bin/../x86_64-nacl/lib/libcrt_common.a(lib_a-vsnprintf.o)
                0x00000000000320e0                vsnprintf
 .text._vsnprintf_r
                0x0000000000032220      0x100 /Users/yeonwoo-kim/HealthHub/nacl_sdk/pepper_49/toolchain/mac_pnacl/bin/../x86_64-nacl/lib/libcrt_common.a(lib_a-vsnprintf.o)
                0x0000000000032220                _vsnprintf_r
 .text          0x0000000000032320        0x0 /Users/yeonwoo-kim/HealthHub/nacl_sdk/pepper_49/toolchain/mac_pnacl/bin/../x86_64-nacl/lib/libcrt_common.a(lib_a-vsprintf.o)
 .text.vsprintf
                0x0000000000032320       0xe0 /Users/yeonwoo-kim/HealthHub/nacl_sdk/pepper_49/toolchain/mac_pnacl/bin/../x86_64-nacl/lib/libcrt_common.a(lib_a-vsprintf.o)
                0x0000000000032320                vsprintf
 .text._vsprintf_r
                0x0000000000032400       0xa0 /Users/yeonwoo-kim/HealthHub/nacl_sdk/pepper_49/toolchain/mac_pnacl/bin/../x86_64-nacl/lib/libcrt_common.a(lib_a-vsprintf.o)
                0x0000000000032400                _vsprintf_r
 .text          0x00000000000324a0        0x0 /Users/yeonwoo-kim/HealthHub/nacl_sdk/pepper_49/toolchain/mac_pnacl/bin/../x86_64-nacl/lib/libcrt_common.a(lib_a-wcrtomb.o)
 .text._wcrtomb_r
                0x00000000000324a0      0x140 /Users/yeonwoo-kim/HealthHub/nacl_sdk/pepper_49/toolchain/mac_pnacl/bin/../x86_64-nacl/lib/libcrt_common.a(lib_a-wcrtomb.o)
                0x00000000000324a0                _wcrtomb_r
 .text.wcrtomb  0x00000000000325e0      0x140 /Users/yeonwoo-kim/HealthHub/nacl_sdk/pepper_49/toolchain/mac_pnacl/bin/../x86_64-nacl/lib/libcrt_common.a(lib_a-wcrtomb.o)
                0x00000000000325e0                wcrtomb
 .text          0x0000000000032720        0x0 /Users/yeonwoo-kim/HealthHub/nacl_sdk/pepper_49/toolchain/mac_pnacl/bin/../x86_64-nacl/lib/libcrt_common.a(lib_a-wcsrtombs.o)
 .text._wcsrtombs_r
                0x0000000000032720       0x40 /Users/yeonwoo-kim/HealthHub/nacl_sdk/pepper_49/toolchain/mac_pnacl/bin/../x86_64-nacl/lib/libcrt_common.a(lib_a-wcsrtombs.o)
                0x0000000000032720                _wcsrtombs_r
 .text.wcsrtombs
                0x0000000000032760       0x80 /Users/yeonwoo-kim/HealthHub/nacl_sdk/pepper_49/toolchain/mac_pnacl/bin/../x86_64-nacl/lib/libcrt_common.a(lib_a-wcsrtombs.o)
                0x0000000000032760                wcsrtombs
 .text          0x00000000000327e0        0x0 /Users/yeonwoo-kim/HealthHub/nacl_sdk/pepper_49/toolchain/mac_pnacl/bin/../x86_64-nacl/lib/libcrt_common.a(lib_a-wctomb_r.o)
 .text.__ascii_wctomb
                0x00000000000327e0       0x80 /Users/yeonwoo-kim/HealthHub/nacl_sdk/pepper_49/toolchain/mac_pnacl/bin/../x86_64-nacl/lib/libcrt_common.a(lib_a-wctomb_r.o)
                0x00000000000327e0                __ascii_wctomb
 .text._wctomb_r
                0x0000000000032860       0x80 /Users/yeonwoo-kim/HealthHub/nacl_sdk/pepper_49/toolchain/mac_pnacl/bin/../x86_64-nacl/lib/libcrt_common.a(lib_a-wctomb_r.o)
                0x0000000000032860                _wctomb_r
 .text.__utf8_wctomb
                0x00000000000328e0      0x1c0 /Users/yeonwoo-kim/HealthHub/nacl_sdk/pepper_49/toolchain/mac_pnacl/bin/../x86_64-nacl/lib/libcrt_common.a(lib_a-wctomb_r.o)
                0x00000000000328e0                __utf8_wctomb
 .text.__sjis_wctomb
                0x0000000000032aa0       0xe0 /Users/yeonwoo-kim/HealthHub/nacl_sdk/pepper_49/toolchain/mac_pnacl/bin/../x86_64-nacl/lib/libcrt_common.a(lib_a-wctomb_r.o)
                0x0000000000032aa0                __sjis_wctomb
 .text.__eucjp_wctomb
                0x0000000000032b80      0x160 /Users/yeonwoo-kim/HealthHub/nacl_sdk/pepper_49/toolchain/mac_pnacl/bin/../x86_64-nacl/lib/libcrt_common.a(lib_a-wctomb_r.o)
                0x0000000000032b80                __eucjp_wctomb
 .text.__jis_wctomb
                0x0000000000032ce0      0x160 /Users/yeonwoo-kim/HealthHub/nacl_sdk/pepper_49/toolchain/mac_pnacl/bin/../x86_64-nacl/lib/libcrt_common.a(lib_a-wctomb_r.o)
                0x0000000000032ce0                __jis_wctomb
 .text          0x0000000000032e40        0x0 /Users/yeonwoo-kim/HealthHub/nacl_sdk/pepper_49/toolchain/mac_pnacl/bin/../x86_64-nacl/lib/libcrt_common.a(lib_a-wsetup.o)
 .text.__swsetup_r
                0x0000000000032e40      0x200 /Users/yeonwoo-kim/HealthHub/nacl_sdk/pepper_49/toolchain/mac_pnacl/bin/../x86_64-nacl/lib/libcrt_common.a(lib_a-wsetup.o)
                0x0000000000032e40                __swsetup_r
 .text          0x0000000000033040        0x0 /Users/yeonwoo-kim/HealthHub/nacl_sdk/pepper_49/toolchain/mac_pnacl/bin/../x86_64-nacl/lib/libcrt_common.a(lib_a-__atexit.o)
 .text.__register_exitproc
                0x0000000000033040      0x240 /Users/yeonwoo-kim/HealthHub/nacl_sdk/pepper_49/toolchain/mac_pnacl/bin/../x86_64-nacl/lib/libcrt_common.a(lib_a-__atexit.o)
                0x0000000000033040                __register_exitproc
 .text          0x0000000000033280        0x0 /Users/yeonwoo-kim/HealthHub/nacl_sdk/pepper_49/toolchain/mac_pnacl/bin/../x86_64-nacl/lib/libcrt_common.a(lib_a-__call_atexit.o)
 .text.__call_exitprocs
                0x0000000000033280      0x2a0 /Users/yeonwoo-kim/HealthHub/nacl_sdk/pepper_49/toolchain/mac_pnacl/bin/../x86_64-nacl/lib/libcrt_common.a(lib_a-__call_atexit.o)
                0x0000000000033280                __call_exitprocs
 .text          0x0000000000033520        0x0 /Users/yeonwoo-kim/HealthHub/nacl_sdk/pepper_49/toolchain/mac_pnacl/bin/../x86_64-nacl/lib/libcrt_common.a(lib_a-dtoa.o)
 .text._dtoa_r  0x0000000000033520     0x1740 /Users/yeonwoo-kim/HealthHub/nacl_sdk/pepper_49/toolchain/mac_pnacl/bin/../x86_64-nacl/lib/libcrt_common.a(lib_a-dtoa.o)
                0x0000000000033520                _dtoa_r
 .text.quorem   0x0000000000034c60      0x2c0 /Users/yeonwoo-kim/HealthHub/nacl_sdk/pepper_49/toolchain/mac_pnacl/bin/../x86_64-nacl/lib/libcrt_common.a(lib_a-dtoa.o)
 .text          0x0000000000034f20        0x0 /Users/yeonwoo-kim/HealthHub/nacl_sdk/pepper_49/toolchain/mac_pnacl/bin/../x86_64-nacl/lib/libcrt_common.a(lib_a-envlock.o)
 .text.__env_lock
                0x0000000000034f20       0x20 /Users/yeonwoo-kim/HealthHub/nacl_sdk/pepper_49/toolchain/mac_pnacl/bin/../x86_64-nacl/lib/libcrt_common.a(lib_a-envlock.o)
                0x0000000000034f20                __env_lock
 .text.__env_unlock
                0x0000000000034f40       0x20 /Users/yeonwoo-kim/HealthHub/nacl_sdk/pepper_49/toolchain/mac_pnacl/bin/../x86_64-nacl/lib/libcrt_common.a(lib_a-envlock.o)
                0x0000000000034f40                __env_unlock
 .text          0x0000000000034f60        0x0 /Users/yeonwoo-kim/HealthHub/nacl_sdk/pepper_49/toolchain/mac_pnacl/bin/../x86_64-nacl/lib/libcrt_common.a(lib_a-fclose.o)
 .text._fclose_r
                0x0000000000034f60      0x260 /Users/yeonwoo-kim/HealthHub/nacl_sdk/pepper_49/toolchain/mac_pnacl/bin/../x86_64-nacl/lib/libcrt_common.a(lib_a-fclose.o)
                0x0000000000034f60                _fclose_r
 .text.fclose   0x00000000000351c0       0x60 /Users/yeonwoo-kim/HealthHub/nacl_sdk/pepper_49/toolchain/mac_pnacl/bin/../x86_64-nacl/lib/libcrt_common.a(lib_a-fclose.o)
                0x00000000000351c0                fclose
 .text          0x0000000000035220        0x0 /Users/yeonwoo-kim/HealthHub/nacl_sdk/pepper_49/toolchain/mac_pnacl/bin/../x86_64-nacl/lib/libcrt_common.a(lib_a-fvwrite.o)
 .text.__sfvwrite_r
                0x0000000000035220      0x6c0 /Users/yeonwoo-kim/HealthHub/nacl_sdk/pepper_49/toolchain/mac_pnacl/bin/../x86_64-nacl/lib/libcrt_common.a(lib_a-fvwrite.o)
                0x0000000000035220                __sfvwrite_r
 .text          0x00000000000358e0        0x0 /Users/yeonwoo-kim/HealthHub/nacl_sdk/pepper_49/toolchain/mac_pnacl/bin/../x86_64-nacl/lib/libcrt_common.a(lib_a-locale.o)
 .text._setlocale_r
                0x00000000000358e0      0x920 /Users/yeonwoo-kim/HealthHub/nacl_sdk/pepper_49/toolchain/mac_pnacl/bin/../x86_64-nacl/lib/libcrt_common.a(lib_a-locale.o)
                0x00000000000358e0                _setlocale_r
 .text.currentlocale
                0x0000000000036200      0x220 /Users/yeonwoo-kim/HealthHub/nacl_sdk/pepper_49/toolchain/mac_pnacl/bin/../x86_64-nacl/lib/libcrt_common.a(lib_a-locale.o)
 .text.loadlocale
                0x0000000000036420      0xba0 /Users/yeonwoo-kim/HealthHub/nacl_sdk/pepper_49/toolchain/mac_pnacl/bin/../x86_64-nacl/lib/libcrt_common.a(lib_a-locale.o)
 .text.__locale_charset
                0x0000000000036fc0       0x40 /Users/yeonwoo-kim/HealthHub/nacl_sdk/pepper_49/toolchain/mac_pnacl/bin/../x86_64-nacl/lib/libcrt_common.a(lib_a-locale.o)
                0x0000000000036fc0                __locale_charset
 .text.__locale_mb_cur_max
                0x0000000000037000       0x40 /Users/yeonwoo-kim/HealthHub/nacl_sdk/pepper_49/toolchain/mac_pnacl/bin/../x86_64-nacl/lib/libcrt_common.a(lib_a-locale.o)
                0x0000000000037000                __locale_mb_cur_max
 .text.__locale_msgcharset
                0x0000000000037040       0x40 /Users/yeonwoo-kim/HealthHub/nacl_sdk/pepper_49/toolchain/mac_pnacl/bin/../x86_64-nacl/lib/libcrt_common.a(lib_a-locale.o)
                0x0000000000037040                __locale_msgcharset
 .text.__locale_cjk_lang
                0x0000000000037080       0x40 /Users/yeonwoo-kim/HealthHub/nacl_sdk/pepper_49/toolchain/mac_pnacl/bin/../x86_64-nacl/lib/libcrt_common.a(lib_a-locale.o)
                0x0000000000037080                __locale_cjk_lang
 .text._localeconv_r
                0x00000000000370c0       0x40 /Users/yeonwoo-kim/HealthHub/nacl_sdk/pepper_49/toolchain/mac_pnacl/bin/../x86_64-nacl/lib/libcrt_common.a(lib_a-locale.o)
                0x00000000000370c0                _localeconv_r
 .text.setlocale
                0x0000000000037100       0x60 /Users/yeonwoo-kim/HealthHub/nacl_sdk/pepper_49/toolchain/mac_pnacl/bin/../x86_64-nacl/lib/libcrt_common.a(lib_a-locale.o)
                0x0000000000037100                setlocale
 .text.localeconv
                0x0000000000037160       0x40 /Users/yeonwoo-kim/HealthHub/nacl_sdk/pepper_49/toolchain/mac_pnacl/bin/../x86_64-nacl/lib/libcrt_common.a(lib_a-locale.o)
                0x0000000000037160                localeconv
 .text          0x00000000000371a0        0x0 /Users/yeonwoo-kim/HealthHub/nacl_sdk/pepper_49/toolchain/mac_pnacl/bin/../x86_64-nacl/lib/libcrt_common.a(lib_a-makebuf.o)
 .text.__smakebuf_r
                0x00000000000371a0      0x200 /Users/yeonwoo-kim/HealthHub/nacl_sdk/pepper_49/toolchain/mac_pnacl/bin/../x86_64-nacl/lib/libcrt_common.a(lib_a-makebuf.o)
                0x00000000000371a0                __smakebuf_r
 .text          0x00000000000373a0        0x0 /Users/yeonwoo-kim/HealthHub/nacl_sdk/pepper_49/toolchain/mac_pnacl/bin/../x86_64-nacl/lib/libcrt_common.a(lib_a-mbtowc_r.o)
 .text.__ascii_mbtowc
                0x00000000000373a0       0x60 /Users/yeonwoo-kim/HealthHub/nacl_sdk/pepper_49/toolchain/mac_pnacl/bin/../x86_64-nacl/lib/libcrt_common.a(lib_a-mbtowc_r.o)
                0x00000000000373a0                __ascii_mbtowc
 .text._mbtowc_r
                0x0000000000037400       0x80 /Users/yeonwoo-kim/HealthHub/nacl_sdk/pepper_49/toolchain/mac_pnacl/bin/../x86_64-nacl/lib/libcrt_common.a(lib_a-mbtowc_r.o)
                0x0000000000037400                _mbtowc_r
 .text.__utf8_mbtowc
                0x0000000000037480      0x500 /Users/yeonwoo-kim/HealthHub/nacl_sdk/pepper_49/toolchain/mac_pnacl/bin/../x86_64-nacl/lib/libcrt_common.a(lib_a-mbtowc_r.o)
                0x0000000000037480                __utf8_mbtowc
 .text.__sjis_mbtowc
                0x0000000000037980      0x180 /Users/yeonwoo-kim/HealthHub/nacl_sdk/pepper_49/toolchain/mac_pnacl/bin/../x86_64-nacl/lib/libcrt_common.a(lib_a-mbtowc_r.o)
                0x0000000000037980                __sjis_mbtowc
 .text.__eucjp_mbtowc
                0x0000000000037b00      0x200 /Users/yeonwoo-kim/HealthHub/nacl_sdk/pepper_49/toolchain/mac_pnacl/bin/../x86_64-nacl/lib/libcrt_common.a(lib_a-mbtowc_r.o)
                0x0000000000037b00                __eucjp_mbtowc
 .text.__jis_mbtowc
                0x0000000000037d00      0x2a0 /Users/yeonwoo-kim/HealthHub/nacl_sdk/pepper_49/toolchain/mac_pnacl/bin/../x86_64-nacl/lib/libcrt_common.a(lib_a-mbtowc_r.o)
                0x0000000000037d00                __jis_mbtowc
 .text          0x0000000000037fa0        0x0 /Users/yeonwoo-kim/HealthHub/nacl_sdk/pepper_49/toolchain/mac_pnacl/bin/../x86_64-nacl/lib/libcrt_common.a(lib_a-memchr.o)
 .text.memchr   0x0000000000037fa0      0x120 /Users/yeonwoo-kim/HealthHub/nacl_sdk/pepper_49/toolchain/mac_pnacl/bin/../x86_64-nacl/lib/libcrt_common.a(lib_a-memchr.o)
                0x0000000000037fa0                memchr
 .text          0x00000000000380c0        0x0 /Users/yeonwoo-kim/HealthHub/nacl_sdk/pepper_49/toolchain/mac_pnacl/bin/../x86_64-nacl/lib/libcrt_common.a(lib_a-memmove.o)
 .text.memmove  0x00000000000380c0      0x860 /Users/yeonwoo-kim/HealthHub/nacl_sdk/pepper_49/toolchain/mac_pnacl/bin/../x86_64-nacl/lib/libcrt_common.a(lib_a-memmove.o)
                0x00000000000380c0                memmove
 .text          0x0000000000038920        0x0 /Users/yeonwoo-kim/HealthHub/nacl_sdk/pepper_49/toolchain/mac_pnacl/bin/../x86_64-nacl/lib/libcrt_common.a(lib_a-mprec.o)
 .text._Balloc  0x0000000000038920      0x100 /Users/yeonwoo-kim/HealthHub/nacl_sdk/pepper_49/toolchain/mac_pnacl/bin/../x86_64-nacl/lib/libcrt_common.a(lib_a-mprec.o)
                0x0000000000038920                _Balloc
 .text._Bfree   0x0000000000038a20       0x60 /Users/yeonwoo-kim/HealthHub/nacl_sdk/pepper_49/toolchain/mac_pnacl/bin/../x86_64-nacl/lib/libcrt_common.a(lib_a-mprec.o)
                0x0000000000038a20                _Bfree
 .text.__multadd
                0x0000000000038a80      0x240 /Users/yeonwoo-kim/HealthHub/nacl_sdk/pepper_49/toolchain/mac_pnacl/bin/../x86_64-nacl/lib/libcrt_common.a(lib_a-mprec.o)
                0x0000000000038a80                __multadd
 .text.__s2b    0x0000000000038cc0      0x240 /Users/yeonwoo-kim/HealthHub/nacl_sdk/pepper_49/toolchain/mac_pnacl/bin/../x86_64-nacl/lib/libcrt_common.a(lib_a-mprec.o)
                0x0000000000038cc0                __s2b
 .text.__hi0bits
                0x0000000000038f00       0xa0 /Users/yeonwoo-kim/HealthHub/nacl_sdk/pepper_49/toolchain/mac_pnacl/bin/../x86_64-nacl/lib/libcrt_common.a(lib_a-mprec.o)
                0x0000000000038f00                __hi0bits
 .text.__lo0bits
                0x0000000000038fa0      0x120 /Users/yeonwoo-kim/HealthHub/nacl_sdk/pepper_49/toolchain/mac_pnacl/bin/../x86_64-nacl/lib/libcrt_common.a(lib_a-mprec.o)
                0x0000000000038fa0                __lo0bits
 .text.__i2b    0x00000000000390c0      0x120 /Users/yeonwoo-kim/HealthHub/nacl_sdk/pepper_49/toolchain/mac_pnacl/bin/../x86_64-nacl/lib/libcrt_common.a(lib_a-mprec.o)
                0x00000000000390c0                __i2b
 .text.__multiply
                0x00000000000391e0      0x4c0 /Users/yeonwoo-kim/HealthHub/nacl_sdk/pepper_49/toolchain/mac_pnacl/bin/../x86_64-nacl/lib/libcrt_common.a(lib_a-mprec.o)
                0x00000000000391e0                __multiply
 .text.__pow5mult
                0x00000000000396a0      0x260 /Users/yeonwoo-kim/HealthHub/nacl_sdk/pepper_49/toolchain/mac_pnacl/bin/../x86_64-nacl/lib/libcrt_common.a(lib_a-mprec.o)
                0x00000000000396a0                __pow5mult
 .text.__lshift
                0x0000000000039900      0x6c0 /Users/yeonwoo-kim/HealthHub/nacl_sdk/pepper_49/toolchain/mac_pnacl/bin/../x86_64-nacl/lib/libcrt_common.a(lib_a-mprec.o)
                0x0000000000039900                __lshift
 .text.__mcmp   0x0000000000039fc0       0xa0 /Users/yeonwoo-kim/HealthHub/nacl_sdk/pepper_49/toolchain/mac_pnacl/bin/../x86_64-nacl/lib/libcrt_common.a(lib_a-mprec.o)
                0x0000000000039fc0                __mcmp
 .text.__mdiff  0x000000000003a060      0x480 /Users/yeonwoo-kim/HealthHub/nacl_sdk/pepper_49/toolchain/mac_pnacl/bin/../x86_64-nacl/lib/libcrt_common.a(lib_a-mprec.o)
                0x000000000003a060                __mdiff
 .text.__ulp    0x000000000003a4e0       0xe0 /Users/yeonwoo-kim/HealthHub/nacl_sdk/pepper_49/toolchain/mac_pnacl/bin/../x86_64-nacl/lib/libcrt_common.a(lib_a-mprec.o)
                0x000000000003a4e0                __ulp
 .text.__b2d    0x000000000003a5c0      0x1c0 /Users/yeonwoo-kim/HealthHub/nacl_sdk/pepper_49/toolchain/mac_pnacl/bin/../x86_64-nacl/lib/libcrt_common.a(lib_a-mprec.o)
                0x000000000003a5c0                __b2d
 .text.__d2b    0x000000000003a780      0x3e0 /Users/yeonwoo-kim/HealthHub/nacl_sdk/pepper_49/toolchain/mac_pnacl/bin/../x86_64-nacl/lib/libcrt_common.a(lib_a-mprec.o)
                0x000000000003a780                __d2b
 .text.__ratio  0x000000000003ab60      0x100 /Users/yeonwoo-kim/HealthHub/nacl_sdk/pepper_49/toolchain/mac_pnacl/bin/../x86_64-nacl/lib/libcrt_common.a(lib_a-mprec.o)
                0x000000000003ab60                __ratio
 .text._mprec_log10
                0x000000000003ac60       0x80 /Users/yeonwoo-kim/HealthHub/nacl_sdk/pepper_49/toolchain/mac_pnacl/bin/../x86_64-nacl/lib/libcrt_common.a(lib_a-mprec.o)
                0x000000000003ac60                _mprec_log10
 .text.__copybits
                0x000000000003ace0      0x3c0 /Users/yeonwoo-kim/HealthHub/nacl_sdk/pepper_49/toolchain/mac_pnacl/bin/../x86_64-nacl/lib/libcrt_common.a(lib_a-mprec.o)
                0x000000000003ace0                __copybits
 .text.__any_on
                0x000000000003b0a0       0xa0 /Users/yeonwoo-kim/HealthHub/nacl_sdk/pepper_49/toolchain/mac_pnacl/bin/../x86_64-nacl/lib/libcrt_common.a(lib_a-mprec.o)
                0x000000000003b0a0                __any_on
 .text          0x000000000003b140        0x0 /Users/yeonwoo-kim/HealthHub/nacl_sdk/pepper_49/toolchain/mac_pnacl/bin/../x86_64-nacl/lib/libcrt_common.a(lib_a-s_fpclassify.o)
 .text.__fpclassifyd
                0x000000000003b140       0xa0 /Users/yeonwoo-kim/HealthHub/nacl_sdk/pepper_49/toolchain/mac_pnacl/bin/../x86_64-nacl/lib/libcrt_common.a(lib_a-s_fpclassify.o)
                0x000000000003b140                __fpclassifyd
 .text          0x000000000003b1e0        0x0 /Users/yeonwoo-kim/HealthHub/nacl_sdk/pepper_49/toolchain/mac_pnacl/bin/../x86_64-nacl/lib/libcrt_common.a(lib_a-s_frexp.o)
 .text.frexp    0x000000000003b1e0       0xe0 /Users/yeonwoo-kim/HealthHub/nacl_sdk/pepper_49/toolchain/mac_pnacl/bin/../x86_64-nacl/lib/libcrt_common.a(lib_a-s_frexp.o)
                0x000000000003b1e0                frexp
 .text          0x000000000003b2c0        0x0 /Users/yeonwoo-kim/HealthHub/nacl_sdk/pepper_49/toolchain/mac_pnacl/bin/../x86_64-nacl/lib/libcrt_common.a(lib_a-strcasecmp.o)
 .text.strcasecmp
                0x000000000003b2c0       0xa0 /Users/yeonwoo-kim/HealthHub/nacl_sdk/pepper_49/toolchain/mac_pnacl/bin/../x86_64-nacl/lib/libcrt_common.a(lib_a-strcasecmp.o)
                0x000000000003b2c0                strcasecmp
 .text          0x000000000003b360        0x0 /Users/yeonwoo-kim/HealthHub/nacl_sdk/pepper_49/toolchain/mac_pnacl/bin/../x86_64-nacl/lib/libcrt_common.a(lib_a-strchr.o)
 .text.strchr   0x000000000003b360      0x1c0 /Users/yeonwoo-kim/HealthHub/nacl_sdk/pepper_49/toolchain/mac_pnacl/bin/../x86_64-nacl/lib/libcrt_common.a(lib_a-strchr.o)
                0x000000000003b360                strchr
 .text          0x000000000003b520        0x0 /Users/yeonwoo-kim/HealthHub/nacl_sdk/pepper_49/toolchain/mac_pnacl/bin/../x86_64-nacl/lib/libcrt_common.a(lib_a-strlcpy.o)
 .text.strlcpy  0x000000000003b520       0x80 /Users/yeonwoo-kim/HealthHub/nacl_sdk/pepper_49/toolchain/mac_pnacl/bin/../x86_64-nacl/lib/libcrt_common.a(lib_a-strlcpy.o)
                0x000000000003b520                strlcpy
 .text          0x000000000003b5a0        0x0 /Users/yeonwoo-kim/HealthHub/nacl_sdk/pepper_49/toolchain/mac_pnacl/bin/../x86_64-nacl/lib/libcrt_common.a(lib_a-strncasecmp.o)
 .text.strncasecmp
                0x000000000003b5a0       0xa0 /Users/yeonwoo-kim/HealthHub/nacl_sdk/pepper_49/toolchain/mac_pnacl/bin/../x86_64-nacl/lib/libcrt_common.a(lib_a-strncasecmp.o)
                0x000000000003b5a0                strncasecmp
 .text          0x000000000003b640        0x0 /Users/yeonwoo-kim/HealthHub/nacl_sdk/pepper_49/toolchain/mac_pnacl/bin/../x86_64-nacl/lib/libcrt_common.a(lib_a-strncpy.o)
 .text.strncpy  0x000000000003b640      0x1a0 /Users/yeonwoo-kim/HealthHub/nacl_sdk/pepper_49/toolchain/mac_pnacl/bin/../x86_64-nacl/lib/libcrt_common.a(lib_a-strncpy.o)
                0x000000000003b640                strncpy
 .text          0x000000000003b7e0        0x0 /Users/yeonwoo-kim/HealthHub/nacl_sdk/pepper_49/toolchain/mac_pnacl/bin/../x86_64-nacl/lib/libcrt_common.a(lib_a-strtol.o)
 .text._strtol_r
                0x000000000003b7e0      0x200 /Users/yeonwoo-kim/HealthHub/nacl_sdk/pepper_49/toolchain/mac_pnacl/bin/../x86_64-nacl/lib/libcrt_common.a(lib_a-strtol.o)
                0x000000000003b7e0                _strtol_r
 .text.strtol   0x000000000003b9e0       0x60 /Users/yeonwoo-kim/HealthHub/nacl_sdk/pepper_49/toolchain/mac_pnacl/bin/../x86_64-nacl/lib/libcrt_common.a(lib_a-strtol.o)
                0x000000000003b9e0                strtol
 .text          0x000000000003ba40        0x0 /Users/yeonwoo-kim/HealthHub/nacl_sdk/pepper_49/toolchain/mac_pnacl/bin/../x86_64-nacl/lib/libcrt_common.a(lib_a-svfprintf.o)
 .text._svfprintf_r
                0x000000000003ba40     0x43c0 /Users/yeonwoo-kim/HealthHub/nacl_sdk/pepper_49/toolchain/mac_pnacl/bin/../x86_64-nacl/lib/libcrt_common.a(lib_a-svfprintf.o)
                0x000000000003ba40                _svfprintf_r
 .text          0x000000000003fe00        0x0 /Users/yeonwoo-kim/HealthHub/nacl_sdk/pepper_49/toolchain/mac_pnacl/bin/../x86_64-nacl/lib/libcrt_common.a(lib_a-vfiprintf.o)
 .text.__sprint_r
                0x000000000003fe00      0x140 /Users/yeonwoo-kim/HealthHub/nacl_sdk/pepper_49/toolchain/mac_pnacl/bin/../x86_64-nacl/lib/libcrt_common.a(lib_a-vfiprintf.o)
                0x000000000003fe00                __sprint_r
 .text.vfiprintf
                0x000000000003ff40       0x60 /Users/yeonwoo-kim/HealthHub/nacl_sdk/pepper_49/toolchain/mac_pnacl/bin/../x86_64-nacl/lib/libcrt_common.a(lib_a-vfiprintf.o)
                0x000000000003ff40                vfiprintf
 .text._vfiprintf_r
                0x000000000003ffa0     0x3740 /Users/yeonwoo-kim/HealthHub/nacl_sdk/pepper_49/toolchain/mac_pnacl/bin/../x86_64-nacl/lib/libcrt_common.a(lib_a-vfiprintf.o)
                0x000000000003ffa0                _vfiprintf_r
 .text.__sbprintf
                0x00000000000436e0      0x180 /Users/yeonwoo-kim/HealthHub/nacl_sdk/pepper_49/toolchain/mac_pnacl/bin/../x86_64-nacl/lib/libcrt_common.a(lib_a-vfiprintf.o)
 .text          0x0000000000043860        0x0 /Users/yeonwoo-kim/HealthHub/nacl_sdk/pepper_49/toolchain/mac_pnacl/bin/../x86_64-nacl/lib/libcrt_common.a(lib_a-wcsnrtombs.o)
 .text._wcsnrtombs_r
                0x0000000000043860      0x3a0 /Users/yeonwoo-kim/HealthHub/nacl_sdk/pepper_49/toolchain/mac_pnacl/bin/../x86_64-nacl/lib/libcrt_common.a(lib_a-wcsnrtombs.o)
                0x0000000000043860                _wcsnrtombs_r
 .text.wcsnrtombs
                0x0000000000043c00       0xa0 /Users/yeonwoo-kim/HealthHub/nacl_sdk/pepper_49/toolchain/mac_pnacl/bin/../x86_64-nacl/lib/libcrt_common.a(lib_a-wcsnrtombs.o)
                0x0000000000043c00                wcsnrtombs
 .text          0x0000000000043ca0        0x0 /Users/yeonwoo-kim/HealthHub/nacl_sdk/pepper_49/toolchain/mac_pnacl/bin/../x86_64-nacl/lib/libcrt_common.a(lib_a-ctype_.o)
 .text.__set_ctype
                0x0000000000043ca0       0x40 /Users/yeonwoo-kim/HealthHub/nacl_sdk/pepper_49/toolchain/mac_pnacl/bin/../x86_64-nacl/lib/libcrt_common.a(lib_a-ctype_.o)
                0x0000000000043ca0                __set_ctype
 .text          0x0000000000043ce0        0x0 /Users/yeonwoo-kim/HealthHub/nacl_sdk/pepper_49/toolchain/mac_pnacl/bin/../x86_64-nacl/lib/libcrt_common.a(lib_a-fputwc.o)
 .text._fputwc_r
                0x0000000000043ce0      0x240 /Users/yeonwoo-kim/HealthHub/nacl_sdk/pepper_49/toolchain/mac_pnacl/bin/../x86_64-nacl/lib/libcrt_common.a(lib_a-fputwc.o)
                0x0000000000043ce0                _fputwc_r
 .text.fputwc   0x0000000000043f20       0xa0 /Users/yeonwoo-kim/HealthHub/nacl_sdk/pepper_49/toolchain/mac_pnacl/bin/../x86_64-nacl/lib/libcrt_common.a(lib_a-fputwc.o)
                0x0000000000043f20                fputwc
 .text          0x0000000000043fc0        0x0 /Users/yeonwoo-kim/HealthHub/nacl_sdk/pepper_49/toolchain/mac_pnacl/bin/../x86_64-nacl/lib/libcrt_common.a(lib_a-svfiprintf.o)
 .text.__ssprint_r
                0x0000000000043fc0      0x300 /Users/yeonwoo-kim/HealthHub/nacl_sdk/pepper_49/toolchain/mac_pnacl/bin/../x86_64-nacl/lib/libcrt_common.a(lib_a-svfiprintf.o)
                0x0000000000043fc0                __ssprint_r
 .text._svfiprintf_r
                0x00000000000442c0     0x24c0 /Users/yeonwoo-kim/HealthHub/nacl_sdk/pepper_49/toolchain/mac_pnacl/bin/../x86_64-nacl/lib/libcrt_common.a(lib_a-svfiprintf.o)
                0x00000000000442c0                _svfiprintf_r
 .text          0x0000000000046780        0x0 /Users/yeonwoo-kim/HealthHub/nacl_sdk/pepper_49/toolchain/mac_pnacl/bin/../x86_64-nacl/lib/libcrt_common.a(lib_a-wbuf.o)
 .text.__swbuf_r
                0x0000000000046780      0x1a0 /Users/yeonwoo-kim/HealthHub/nacl_sdk/pepper_49/toolchain/mac_pnacl/bin/../x86_64-nacl/lib/libcrt_common.a(lib_a-wbuf.o)
                0x0000000000046780                __swbuf_r
 .text.__swbuf  0x0000000000046920       0x60 /Users/yeonwoo-kim/HealthHub/nacl_sdk/pepper_49/toolchain/mac_pnacl/bin/../x86_64-nacl/lib/libcrt_common.a(lib_a-wbuf.o)
                0x0000000000046920                __swbuf
 .text          0x0000000000046980       0x60 /Users/yeonwoo-kim/HealthHub/nacl_sdk/pepper_49/toolchain/mac_pnacl/bin/../x86_64-nacl/lib/libnacl.a(close.o)
                0x0000000000046980                close
 .text          0x00000000000469e0       0x60 /Users/yeonwoo-kim/HealthHub/nacl_sdk/pepper_49/toolchain/mac_pnacl/bin/../x86_64-nacl/lib/libnacl.a(fstat.o)
                0x00000000000469e0                fstat
 .text          0x0000000000046a40       0xc0 /Users/yeonwoo-kim/HealthHub/nacl_sdk/pepper_49/toolchain/mac_pnacl/bin/../x86_64-nacl/lib/libnacl.a(isatty.o)
                0x0000000000046a40                isatty
 .text          0x0000000000046b00       0xa0 /Users/yeonwoo-kim/HealthHub/nacl_sdk/pepper_49/toolchain/mac_pnacl/bin/../x86_64-nacl/lib/libnacl.a(lseek.o)
                0x0000000000046b00                lseek
 .text          0x0000000000046ba0       0x60 /Users/yeonwoo-kim/HealthHub/nacl_sdk/pepper_49/toolchain/mac_pnacl/bin/../x86_64-nacl/lib/libnacl.a(nanosleep.o)
                0x0000000000046ba0                nanosleep
 .text          0x0000000000046c00       0x80 /Users/yeonwoo-kim/HealthHub/nacl_sdk/pepper_49/toolchain/mac_pnacl/bin/../x86_64-nacl/lib/libnacl.a(nacl_irt_fdio.o)
                0x0000000000046c00                __libnacl_irt_dev_fdio_init
 .text          0x0000000000046c80       0xa0 /Users/yeonwoo-kim/HealthHub/nacl_sdk/pepper_49/toolchain/mac_pnacl/bin/../x86_64-nacl/lib/libnacl.a(read.o)
                0x0000000000046c80                read
 .text          0x0000000000046d20     0x2a00 /Users/yeonwoo-kim/HealthHub/nacl_sdk/pepper_49/toolchain/mac_pnacl/bin/../lib/clang/3.7.0/lib/x86_64-nacl/libgcc_eh.a(unwind-dw2-fde-glibc.o)
                0x0000000000046d20                __register_frame_info_bases
                0x0000000000046dc0                __register_frame_info
                0x0000000000046e60                __register_frame_info_table_bases
                0x0000000000046ee0                __register_frame_info_table
                0x0000000000047fa0                __register_frame_table
                0x0000000000048040                __register_frame
                0x00000000000491c0                _Unwind_Find_FDE
                0x0000000000049480                __deregister_frame_info_bases
                0x0000000000049680                __deregister_frame_info
                0x00000000000496a0                __deregister_frame
 .text          0x0000000000049720        0x0 /Users/yeonwoo-kim/HealthHub/nacl_sdk/pepper_49/toolchain/mac_pnacl/bin/../lib/clang/3.7.0/lib/x86_64-nacl/crtend.o
 .text          0x0000000000049720        0x0 /Users/yeonwoo-kim/HealthHub/nacl_sdk/pepper_49/toolchain/mac_pnacl/bin/../x86_64-nacl/lib/crtn.o
 *(.gnu.warning)

.fini
 *(SORT(.fini))
                0x0000000000049720                PROVIDE (__etext, .)
                0x0000000000049720                PROVIDE (_etext, .)
                0x0000000000049720                PROVIDE (etext, .)
                0x0000000010020190                . = (0x10020000 + SIZEOF_HEADERS)

.interp
 *(.interp)

.note.NaCl.ABI.x86-64
                0x0000000010020190       0x1c
 .note.NaCl.ABI.x86-64
                0x0000000010020190       0x1c /Users/yeonwoo-kim/HealthHub/nacl_sdk/pepper_49/toolchain/mac_pnacl/bin/../lib/clang/3.7.0/lib/x86_64-nacl/crtbeginT.o

.note.gnu.build-id
                0x00000000100201ac       0x24
 *(.note.gnu.build-id)
 .note.gnu.build-id
                0x00000000100201ac       0x24 /Users/yeonwoo-kim/HealthHub/nacl_sdk/pepper_49/toolchain/mac_pnacl/bin/../x86_64-nacl/lib/crti.o

.hash
 *(.hash)

.gnu.hash
 *(.gnu.hash)

.dynsym
 *(.dynsym)

.dynstr
 *(.dynstr)

.gnu.version
 *(.gnu.version)

.gnu.version_d
 *(.gnu.version_d)

.gnu.version_r
 *(.gnu.version_r)

.rela.dyn       0x00000000100201d0        0x0
 *(.rela.init)
 *(.rela.text .rela.text.* .rela.gnu.linkonce.t.*)
 .rela.text     0x0000000000000000        0x0 /Users/yeonwoo-kim/HealthHub/nacl_sdk/pepper_49/toolchain/mac_pnacl/bin/../lib/clang/3.7.0/lib/x86_64-nacl/crtbeginT.o
 .rela.text.atexit
                0x0000000000000000        0x0 /Users/yeonwoo-kim/HealthHub/nacl_sdk/pepper_49/toolchain/mac_pnacl/bin/../lib/clang/3.7.0/lib/x86_64-nacl/crtbeginT.o
 .rela.text.exit
                0x0000000000000000        0x0 /Users/yeonwoo-kim/HealthHub/nacl_sdk/pepper_49/toolchain/mac_pnacl/bin/../lib/clang/3.7.0/lib/x86_64-nacl/crtbeginT.o
 .rela.text._fflush_r
                0x0000000000000000        0x0 /Users/yeonwoo-kim/HealthHub/nacl_sdk/pepper_49/toolchain/mac_pnacl/bin/../lib/clang/3.7.0/lib/x86_64-nacl/crtbeginT.o
 .rela.text.fflush
                0x0000000000000000        0x0 /Users/yeonwoo-kim/HealthHub/nacl_sdk/pepper_49/toolchain/mac_pnacl/bin/../lib/clang/3.7.0/lib/x86_64-nacl/crtbeginT.o
 .rela.text.__sfmoreglue
                0x0000000000000000        0x0 /Users/yeonwoo-kim/HealthHub/nacl_sdk/pepper_49/toolchain/mac_pnacl/bin/../lib/clang/3.7.0/lib/x86_64-nacl/crtbeginT.o
 .rela.text.__sfp
                0x0000000000000000        0x0 /Users/yeonwoo-kim/HealthHub/nacl_sdk/pepper_49/toolchain/mac_pnacl/bin/../lib/clang/3.7.0/lib/x86_64-nacl/crtbeginT.o
 .rela.text.__sinit
                0x0000000000000000        0x0 /Users/yeonwoo-kim/HealthHub/nacl_sdk/pepper_49/toolchain/mac_pnacl/bin/../lib/clang/3.7.0/lib/x86_64-nacl/crtbeginT.o
 .rela.text._cleanup_r
                0x0000000000000000        0x0 /Users/yeonwoo-kim/HealthHub/nacl_sdk/pepper_49/toolchain/mac_pnacl/bin/../lib/clang/3.7.0/lib/x86_64-nacl/crtbeginT.o
 .rela.text._cleanup
                0x0000000000000000        0x0 /Users/yeonwoo-kim/HealthHub/nacl_sdk/pepper_49/toolchain/mac_pnacl/bin/../lib/clang/3.7.0/lib/x86_64-nacl/crtbeginT.o
 .rela.text.__fp_lock_all
                0x0000000000000000        0x0 /Users/yeonwoo-kim/HealthHub/nacl_sdk/pepper_49/toolchain/mac_pnacl/bin/../lib/clang/3.7.0/lib/x86_64-nacl/crtbeginT.o
 .rela.text.__fp_unlock_all
                0x0000000000000000        0x0 /Users/yeonwoo-kim/HealthHub/nacl_sdk/pepper_49/toolchain/mac_pnacl/bin/../lib/clang/3.7.0/lib/x86_64-nacl/crtbeginT.o
 .rela.text.__libc_fini_array
                0x0000000000000000        0x0 /Users/yeonwoo-kim/HealthHub/nacl_sdk/pepper_49/toolchain/mac_pnacl/bin/../lib/clang/3.7.0/lib/x86_64-nacl/crtbeginT.o
 .rela.text._fprintf_r
                0x0000000000000000        0x0 /Users/yeonwoo-kim/HealthHub/nacl_sdk/pepper_49/toolchain/mac_pnacl/bin/../lib/clang/3.7.0/lib/x86_64-nacl/crtbeginT.o
 .rela.text.fprintf
                0x0000000000000000        0x0 /Users/yeonwoo-kim/HealthHub/nacl_sdk/pepper_49/toolchain/mac_pnacl/bin/../lib/clang/3.7.0/lib/x86_64-nacl/crtbeginT.o
 .rela.text._fwrite_r
                0x0000000000000000        0x0 /Users/yeonwoo-kim/HealthHub/nacl_sdk/pepper_49/toolchain/mac_pnacl/bin/../lib/clang/3.7.0/lib/x86_64-nacl/crtbeginT.o
 .rela.text._findenv
                0x0000000000000000        0x0 /Users/yeonwoo-kim/HealthHub/nacl_sdk/pepper_49/toolchain/mac_pnacl/bin/../lib/clang/3.7.0/lib/x86_64-nacl/crtbeginT.o
 .rela.text.getenv
                0x0000000000000000        0x0 /Users/yeonwoo-kim/HealthHub/nacl_sdk/pepper_49/toolchain/mac_pnacl/bin/../lib/clang/3.7.0/lib/x86_64-nacl/crtbeginT.o
 .rela.text._findenv_r
                0x0000000000000000        0x0 /Users/yeonwoo-kim/HealthHub/nacl_sdk/pepper_49/toolchain/mac_pnacl/bin/../lib/clang/3.7.0/lib/x86_64-nacl/crtbeginT.o
 .rela.text.__libc_init_array
                0x0000000000000000        0x0 /Users/yeonwoo-kim/HealthHub/nacl_sdk/pepper_49/toolchain/mac_pnacl/bin/../lib/clang/3.7.0/lib/x86_64-nacl/crtbeginT.o
 .rela.text.sleep
                0x0000000000000000        0x0 /Users/yeonwoo-kim/HealthHub/nacl_sdk/pepper_49/toolchain/mac_pnacl/bin/../lib/clang/3.7.0/lib/x86_64-nacl/crtbeginT.o
 .rela.text.__sread
                0x0000000000000000        0x0 /Users/yeonwoo-kim/HealthHub/nacl_sdk/pepper_49/toolchain/mac_pnacl/bin/../lib/clang/3.7.0/lib/x86_64-nacl/crtbeginT.o
 .rela.text.__swrite
                0x0000000000000000        0x0 /Users/yeonwoo-kim/HealthHub/nacl_sdk/pepper_49/toolchain/mac_pnacl/bin/../lib/clang/3.7.0/lib/x86_64-nacl/crtbeginT.o
 .rela.text.__sseek
                0x0000000000000000        0x0 /Users/yeonwoo-kim/HealthHub/nacl_sdk/pepper_49/toolchain/mac_pnacl/bin/../lib/clang/3.7.0/lib/x86_64-nacl/crtbeginT.o
 .rela.text.__sclose
                0x0000000000000000        0x0 /Users/yeonwoo-kim/HealthHub/nacl_sdk/pepper_49/toolchain/mac_pnacl/bin/../lib/clang/3.7.0/lib/x86_64-nacl/crtbeginT.o
 .rela.text.strcat
                0x0000000000000000        0x0 /Users/yeonwoo-kim/HealthHub/nacl_sdk/pepper_49/toolchain/mac_pnacl/bin/../lib/clang/3.7.0/lib/x86_64-nacl/crtbeginT.o
 .rela.text._vfprintf_r
                0x0000000000000000        0x0 /Users/yeonwoo-kim/HealthHub/nacl_sdk/pepper_49/toolchain/mac_pnacl/bin/../lib/clang/3.7.0/lib/x86_64-nacl/crtbeginT.o
 .rela.text.vsnprintf
                0x0000000000000000        0x0 /Users/yeonwoo-kim/HealthHub/nacl_sdk/pepper_49/toolchain/mac_pnacl/bin/../lib/clang/3.7.0/lib/x86_64-nacl/crtbeginT.o
 .rela.text._vsnprintf_r
                0x0000000000000000        0x0 /Users/yeonwoo-kim/HealthHub/nacl_sdk/pepper_49/toolchain/mac_pnacl/bin/../lib/clang/3.7.0/lib/x86_64-nacl/crtbeginT.o
 .rela.text.vsprintf
                0x0000000000000000        0x0 /Users/yeonwoo-kim/HealthHub/nacl_sdk/pepper_49/toolchain/mac_pnacl/bin/../lib/clang/3.7.0/lib/x86_64-nacl/crtbeginT.o
 .rela.text._vsprintf_r
                0x0000000000000000        0x0 /Users/yeonwoo-kim/HealthHub/nacl_sdk/pepper_49/toolchain/mac_pnacl/bin/../lib/clang/3.7.0/lib/x86_64-nacl/crtbeginT.o
 .rela.text._wcrtomb_r
                0x0000000000000000        0x0 /Users/yeonwoo-kim/HealthHub/nacl_sdk/pepper_49/toolchain/mac_pnacl/bin/../lib/clang/3.7.0/lib/x86_64-nacl/crtbeginT.o
 .rela.text.wcrtomb
                0x0000000000000000        0x0 /Users/yeonwoo-kim/HealthHub/nacl_sdk/pepper_49/toolchain/mac_pnacl/bin/../lib/clang/3.7.0/lib/x86_64-nacl/crtbeginT.o
 .rela.text._wcsrtombs_r
                0x0000000000000000        0x0 /Users/yeonwoo-kim/HealthHub/nacl_sdk/pepper_49/toolchain/mac_pnacl/bin/../lib/clang/3.7.0/lib/x86_64-nacl/crtbeginT.o
 .rela.text.wcsrtombs
                0x0000000000000000        0x0 /Users/yeonwoo-kim/HealthHub/nacl_sdk/pepper_49/toolchain/mac_pnacl/bin/../lib/clang/3.7.0/lib/x86_64-nacl/crtbeginT.o
 .rela.text._wctomb_r
                0x0000000000000000        0x0 /Users/yeonwoo-kim/HealthHub/nacl_sdk/pepper_49/toolchain/mac_pnacl/bin/../lib/clang/3.7.0/lib/x86_64-nacl/crtbeginT.o
 .rela.text.__swsetup_r
                0x0000000000000000        0x0 /Users/yeonwoo-kim/HealthHub/nacl_sdk/pepper_49/toolchain/mac_pnacl/bin/../lib/clang/3.7.0/lib/x86_64-nacl/crtbeginT.o
 .rela.text.__register_exitproc
                0x0000000000000000        0x0 /Users/yeonwoo-kim/HealthHub/nacl_sdk/pepper_49/toolchain/mac_pnacl/bin/../lib/clang/3.7.0/lib/x86_64-nacl/crtbeginT.o
 .rela.text._dtoa_r
                0x0000000000000000        0x0 /Users/yeonwoo-kim/HealthHub/nacl_sdk/pepper_49/toolchain/mac_pnacl/bin/../lib/clang/3.7.0/lib/x86_64-nacl/crtbeginT.o
 .rela.text.quorem
                0x0000000000000000        0x0 /Users/yeonwoo-kim/HealthHub/nacl_sdk/pepper_49/toolchain/mac_pnacl/bin/../lib/clang/3.7.0/lib/x86_64-nacl/crtbeginT.o
 .rela.text.__sfvwrite_r
                0x0000000000000000        0x0 /Users/yeonwoo-kim/HealthHub/nacl_sdk/pepper_49/toolchain/mac_pnacl/bin/../lib/clang/3.7.0/lib/x86_64-nacl/crtbeginT.o
 .rela.text._setlocale_r
                0x0000000000000000        0x0 /Users/yeonwoo-kim/HealthHub/nacl_sdk/pepper_49/toolchain/mac_pnacl/bin/../lib/clang/3.7.0/lib/x86_64-nacl/crtbeginT.o
 .rela.text.loadlocale
                0x0000000000000000        0x0 /Users/yeonwoo-kim/HealthHub/nacl_sdk/pepper_49/toolchain/mac_pnacl/bin/../lib/clang/3.7.0/lib/x86_64-nacl/crtbeginT.o
 .rela.text.__smakebuf_r
                0x0000000000000000        0x0 /Users/yeonwoo-kim/HealthHub/nacl_sdk/pepper_49/toolchain/mac_pnacl/bin/../lib/clang/3.7.0/lib/x86_64-nacl/crtbeginT.o
 .rela.text.strcasecmp
                0x0000000000000000        0x0 /Users/yeonwoo-kim/HealthHub/nacl_sdk/pepper_49/toolchain/mac_pnacl/bin/../lib/clang/3.7.0/lib/x86_64-nacl/crtbeginT.o
 .rela.text.strncasecmp
                0x0000000000000000        0x0 /Users/yeonwoo-kim/HealthHub/nacl_sdk/pepper_49/toolchain/mac_pnacl/bin/../lib/clang/3.7.0/lib/x86_64-nacl/crtbeginT.o
 .rela.text._strtol_r
                0x0000000000000000        0x0 /Users/yeonwoo-kim/HealthHub/nacl_sdk/pepper_49/toolchain/mac_pnacl/bin/../lib/clang/3.7.0/lib/x86_64-nacl/crtbeginT.o
 .rela.text._svfprintf_r
                0x0000000000000000        0x0 /Users/yeonwoo-kim/HealthHub/nacl_sdk/pepper_49/toolchain/mac_pnacl/bin/../lib/clang/3.7.0/lib/x86_64-nacl/crtbeginT.o
 .rela.text.__sprint_r
                0x0000000000000000        0x0 /Users/yeonwoo-kim/HealthHub/nacl_sdk/pepper_49/toolchain/mac_pnacl/bin/../lib/clang/3.7.0/lib/x86_64-nacl/crtbeginT.o
 .rela.text._vfiprintf_r
                0x0000000000000000        0x0 /Users/yeonwoo-kim/HealthHub/nacl_sdk/pepper_49/toolchain/mac_pnacl/bin/../lib/clang/3.7.0/lib/x86_64-nacl/crtbeginT.o
 .rela.text._fputwc_r
                0x0000000000000000        0x0 /Users/yeonwoo-kim/HealthHub/nacl_sdk/pepper_49/toolchain/mac_pnacl/bin/../lib/clang/3.7.0/lib/x86_64-nacl/crtbeginT.o
 *(.rela.fini)
 *(.rela.rodata .rela.rodata.* .rela.gnu.linkonce.r.*)
 *(.rela.data .rela.data.* .rela.gnu.linkonce.d.*)
 *(.rela.tdata .rela.tdata.* .rela.gnu.linkonce.td.*)
 *(.rela.tbss .rela.tbss.* .rela.gnu.linkonce.tb.*)
 *(.rela.ctors)
 *(.rela.dtors)
 *(.rela.got)
 .rela.got      0x0000000000000000        0x0 /Users/yeonwoo-kim/HealthHub/nacl_sdk/pepper_49/toolchain/mac_pnacl/bin/../lib/clang/3.7.0/lib/x86_64-nacl/crtbeginT.o
 *(.rela.bss .rela.bss.* .rela.gnu.linkonce.b.*)
 *(.rela.ldata .rela.ldata.* .rela.gnu.linkonce.l.*)
 *(.rela.lbss .rela.lbss.* .rela.gnu.linkonce.lb.*)
 *(.rela.lrodata .rela.lrodata.* .rela.gnu.linkonce.lr.*)
 *(.rela.ifunc)

.rela.plt       0x00000000100201d0        0x0
 *(.rela.plt)
                0x00000000100201d0                PROVIDE (__rela_iplt_start, .)
 *(.rela.iplt)
 .rela.iplt     0x0000000000000000        0x0 /Users/yeonwoo-kim/HealthHub/nacl_sdk/pepper_49/toolchain/mac_pnacl/bin/../lib/clang/3.7.0/lib/x86_64-nacl/crtbeginT.o
                0x00000000100201d0                PROVIDE (__rela_iplt_end, .)

.rodata         0x00000000100201d0     0x1468
 *(.rodata .rodata.* .gnu.linkonce.r.*)
 .rodata.str1.1
                0x00000000100201d0       0xd6 clang-newlib/Release/debugging_x86_64.o
 .rodata        0x00000000100202a6        0x6 clang-newlib/Release/debugging_x86_64.o
 .rodata.str1.1
                0x00000000100202ac      0x1ba /Users/yeonwoo-kim/HealthHub/nacl_sdk/pepper_49/lib/clang-newlib_x86_64/Release/liberror_handling.a(error_handling_x86_64.o)
                                        0x1c1 (size before relaxing)
 .rodata.str1.1
                0x0000000010020466       0xad /Users/yeonwoo-kim/HealthHub/nacl_sdk/pepper_49/toolchain/mac_pnacl/bin/../x86_64-nacl/lib/libppapi_stub.a(ppapi_plugin_start_8da67623.o)
 *fill*         0x0000000010020513        0x1 
 .rodata        0x0000000010020514        0x4 /Users/yeonwoo-kim/HealthHub/nacl_sdk/pepper_49/toolchain/mac_pnacl/bin/../x86_64-nacl/lib/libpthread.a(nc_thread.o)
                0x0000000010020514                __nc_kMaxCachedMemoryBlocks
 .rodata.str1.1
                0x0000000010020518       0x22 /Users/yeonwoo-kim/HealthHub/nacl_sdk/pepper_49/toolchain/mac_pnacl/bin/../x86_64-nacl/lib/libpthread.a(nc_thread.o)
 .rodata.str1.1
                0x000000001002053a       0x14 /Users/yeonwoo-kim/HealthHub/nacl_sdk/pepper_49/toolchain/mac_pnacl/bin/../x86_64-nacl/lib/libpthread.a(valgrind_annotations.o)
                                         0x16 (size before relaxing)
 .rodata.str1.1
                0x000000001002054e       0x27 /Users/yeonwoo-kim/HealthHub/nacl_sdk/pepper_49/toolchain/mac_pnacl/bin/../x86_64-nacl/lib/libpthread.a(nc_init_irt.o)
 .rodata.str1.1
                0x0000000010020575       0x55 /Users/yeonwoo-kim/HealthHub/nacl_sdk/pepper_49/toolchain/mac_pnacl/bin/../x86_64-nacl/lib/libnacl.a(nacl_irt.o)
 *fill*         0x00000000100205ca        0x6 
 .rodata.cst16  0x00000000100205d0       0x50 /Users/yeonwoo-kim/HealthHub/nacl_sdk/pepper_49/toolchain/mac_pnacl/bin/../x86_64-nacl/lib/libnacl.a(malloc.o)
 .rodata.str1.1
                0x0000000010020620       0x4e /Users/yeonwoo-kim/HealthHub/nacl_sdk/pepper_49/toolchain/mac_pnacl/bin/../x86_64-nacl/lib/libnacl.a(malloc.o)
 .rodata.str1.1
                0x000000001002066e       0x88 /Users/yeonwoo-kim/HealthHub/nacl_sdk/pepper_49/toolchain/mac_pnacl/bin/../x86_64-nacl/lib/libnacl.a(nacl_irt_init.o)
 *fill*         0x00000000100206f6        0xa 
 .rodata        0x0000000010020700       0x13 /Users/yeonwoo-kim/HealthHub/nacl_sdk/pepper_49/toolchain/mac_pnacl/bin/../x86_64-nacl/lib/libnacl.a(abort.o)
 *fill*         0x0000000010020713        0x1 
 .rodata._global_impure_ptr
                0x0000000010020714        0x4 /Users/yeonwoo-kim/HealthHub/nacl_sdk/pepper_49/toolchain/mac_pnacl/bin/../x86_64-nacl/lib/libcrt_common.a(lib_a-impure.o)
                0x0000000010020714                _global_impure_ptr
 .rodata.str1.1
                0x0000000000000000       0x88 /Users/yeonwoo-kim/HealthHub/nacl_sdk/pepper_49/toolchain/mac_pnacl/bin/../x86_64-nacl/lib/libcrt_common.a(lib_a-impure.o)
                                          0x2 (size before relaxing)
 *fill*         0x0000000010020718        0x8 
 .rodata.cst16  0x0000000010020720       0x20 /Users/yeonwoo-kim/HealthHub/nacl_sdk/pepper_49/toolchain/mac_pnacl/bin/../x86_64-nacl/lib/libcrt_common.a(lib_a-vfprintf.o)
 .rodata.cst8   0x0000000010020740       0x20 /Users/yeonwoo-kim/HealthHub/nacl_sdk/pepper_49/toolchain/mac_pnacl/bin/../x86_64-nacl/lib/libcrt_common.a(lib_a-vfprintf.o)
 .rodata._vfprintf_r
                0x0000000010020760      0x14c /Users/yeonwoo-kim/HealthHub/nacl_sdk/pepper_49/toolchain/mac_pnacl/bin/../x86_64-nacl/lib/libcrt_common.a(lib_a-vfprintf.o)
 *fill*         0x00000000100208ac        0x4 
 .rodata._vfprintf_r.blanks
                0x00000000100208b0       0x10 /Users/yeonwoo-kim/HealthHub/nacl_sdk/pepper_49/toolchain/mac_pnacl/bin/../x86_64-nacl/lib/libcrt_common.a(lib_a-vfprintf.o)
 .rodata._vfprintf_r.zeroes
                0x00000000100208c0       0x10 /Users/yeonwoo-kim/HealthHub/nacl_sdk/pepper_49/toolchain/mac_pnacl/bin/../x86_64-nacl/lib/libcrt_common.a(lib_a-vfprintf.o)
 .rodata.str1.1
                0x00000000100208d0       0x53 /Users/yeonwoo-kim/HealthHub/nacl_sdk/pepper_49/toolchain/mac_pnacl/bin/../x86_64-nacl/lib/libcrt_common.a(lib_a-vfprintf.o)
                                         0x55 (size before relaxing)
 *fill*         0x0000000010020923        0x5 
 .rodata.cst8   0x0000000010020928       0x48 /Users/yeonwoo-kim/HealthHub/nacl_sdk/pepper_49/toolchain/mac_pnacl/bin/../x86_64-nacl/lib/libcrt_common.a(lib_a-dtoa.o)
                                         0x50 (size before relaxing)
 .rodata.cst16  0x0000000000000000       0x10 /Users/yeonwoo-kim/HealthHub/nacl_sdk/pepper_49/toolchain/mac_pnacl/bin/../x86_64-nacl/lib/libcrt_common.a(lib_a-dtoa.o)
 .rodata._dtoa_r
                0x0000000010020970       0x18 /Users/yeonwoo-kim/HealthHub/nacl_sdk/pepper_49/toolchain/mac_pnacl/bin/../x86_64-nacl/lib/libcrt_common.a(lib_a-dtoa.o)
 .rodata.str1.1
                0x0000000010020988        0xd /Users/yeonwoo-kim/HealthHub/nacl_sdk/pepper_49/toolchain/mac_pnacl/bin/../x86_64-nacl/lib/libcrt_common.a(lib_a-dtoa.o)
                                          0xf (size before relaxing)
 *fill*         0x0000000010020995        0x3 
 .rodata.loadlocale
                0x0000000010020998       0xd4 /Users/yeonwoo-kim/HealthHub/nacl_sdk/pepper_49/toolchain/mac_pnacl/bin/../x86_64-nacl/lib/libcrt_common.a(lib_a-locale.o)
 .rodata.str1.1
                0x0000000010020a6c       0xe8 /Users/yeonwoo-kim/HealthHub/nacl_sdk/pepper_49/toolchain/mac_pnacl/bin/../x86_64-nacl/lib/libcrt_common.a(lib_a-locale.o)
                                         0xf4 (size before relaxing)
 *fill*         0x0000000010020b54        0xc 
 .rodata.categories
                0x0000000010020b60       0x1c /Users/yeonwoo-kim/HealthHub/nacl_sdk/pepper_49/toolchain/mac_pnacl/bin/../x86_64-nacl/lib/libcrt_common.a(lib_a-locale.o)
 .rodata.__jis_mbtowc
                0x0000000010020b7c       0x18 /Users/yeonwoo-kim/HealthHub/nacl_sdk/pepper_49/toolchain/mac_pnacl/bin/../x86_64-nacl/lib/libcrt_common.a(lib_a-mbtowc_r.o)
 *fill*         0x0000000010020b94        0xc 
 .rodata.JIS_action_table
                0x0000000010020ba0      0x120 /Users/yeonwoo-kim/HealthHub/nacl_sdk/pepper_49/toolchain/mac_pnacl/bin/../x86_64-nacl/lib/libcrt_common.a(lib_a-mbtowc_r.o)
 .rodata.JIS_state_table
                0x0000000010020cc0      0x120 /Users/yeonwoo-kim/HealthHub/nacl_sdk/pepper_49/toolchain/mac_pnacl/bin/../x86_64-nacl/lib/libcrt_common.a(lib_a-mbtowc_r.o)
 .rodata.cst8   0x0000000010020de0        0x8 /Users/yeonwoo-kim/HealthHub/nacl_sdk/pepper_49/toolchain/mac_pnacl/bin/../x86_64-nacl/lib/libcrt_common.a(lib_a-mprec.o)
                                         0x18 (size before relaxing)
 .rodata.__pow5mult.p05
                0x0000000010020de8        0xc /Users/yeonwoo-kim/HealthHub/nacl_sdk/pepper_49/toolchain/mac_pnacl/bin/../x86_64-nacl/lib/libcrt_common.a(lib_a-mprec.o)
 *fill*         0x0000000010020df4        0xc 
 .rodata.__mprec_tens
                0x0000000010020e00       0xc8 /Users/yeonwoo-kim/HealthHub/nacl_sdk/pepper_49/toolchain/mac_pnacl/bin/../x86_64-nacl/lib/libcrt_common.a(lib_a-mprec.o)
                0x0000000010020e00                __mprec_tens
 *fill*         0x0000000010020ec8        0x8 
 .rodata.__mprec_bigtens
                0x0000000010020ed0       0x28 /Users/yeonwoo-kim/HealthHub/nacl_sdk/pepper_49/toolchain/mac_pnacl/bin/../x86_64-nacl/lib/libcrt_common.a(lib_a-mprec.o)
                0x0000000010020ed0                __mprec_bigtens
 *fill*         0x0000000010020ef8        0x8 
 .rodata.__mprec_tinytens
                0x0000000010020f00       0x28 /Users/yeonwoo-kim/HealthHub/nacl_sdk/pepper_49/toolchain/mac_pnacl/bin/../x86_64-nacl/lib/libcrt_common.a(lib_a-mprec.o)
                0x0000000010020f00                __mprec_tinytens
 .rodata.cst8   0x0000000010020f28        0x8 /Users/yeonwoo-kim/HealthHub/nacl_sdk/pepper_49/toolchain/mac_pnacl/bin/../x86_64-nacl/lib/libcrt_common.a(lib_a-s_frexp.o)
 .rodata.cst16  0x0000000000000000       0x20 /Users/yeonwoo-kim/HealthHub/nacl_sdk/pepper_49/toolchain/mac_pnacl/bin/../x86_64-nacl/lib/libcrt_common.a(lib_a-svfprintf.o)
 .rodata.cst8   0x0000000000000000       0x20 /Users/yeonwoo-kim/HealthHub/nacl_sdk/pepper_49/toolchain/mac_pnacl/bin/../x86_64-nacl/lib/libcrt_common.a(lib_a-svfprintf.o)
 .rodata._svfprintf_r
                0x0000000010020f30      0x14c /Users/yeonwoo-kim/HealthHub/nacl_sdk/pepper_49/toolchain/mac_pnacl/bin/../x86_64-nacl/lib/libcrt_common.a(lib_a-svfprintf.o)
 *fill*         0x000000001002107c        0x4 
 .rodata._svfprintf_r.blanks
                0x0000000010021080       0x10 /Users/yeonwoo-kim/HealthHub/nacl_sdk/pepper_49/toolchain/mac_pnacl/bin/../x86_64-nacl/lib/libcrt_common.a(lib_a-svfprintf.o)
 .rodata._svfprintf_r.zeroes
                0x0000000010021090       0x10 /Users/yeonwoo-kim/HealthHub/nacl_sdk/pepper_49/toolchain/mac_pnacl/bin/../x86_64-nacl/lib/libcrt_common.a(lib_a-svfprintf.o)
 .rodata.str1.1
                0x0000000000000000       0x55 /Users/yeonwoo-kim/HealthHub/nacl_sdk/pepper_49/toolchain/mac_pnacl/bin/../x86_64-nacl/lib/libcrt_common.a(lib_a-svfprintf.o)
 .rodata._vfiprintf_r
                0x00000000100210a0      0x11c /Users/yeonwoo-kim/HealthHub/nacl_sdk/pepper_49/toolchain/mac_pnacl/bin/../x86_64-nacl/lib/libcrt_common.a(lib_a-vfiprintf.o)
 *fill*         0x00000000100211bc        0x4 
 .rodata._vfiprintf_r.blanks
                0x00000000100211c0       0x10 /Users/yeonwoo-kim/HealthHub/nacl_sdk/pepper_49/toolchain/mac_pnacl/bin/../x86_64-nacl/lib/libcrt_common.a(lib_a-vfiprintf.o)
 .rodata._vfiprintf_r.zeroes
                0x00000000100211d0       0x10 /Users/yeonwoo-kim/HealthHub/nacl_sdk/pepper_49/toolchain/mac_pnacl/bin/../x86_64-nacl/lib/libcrt_common.a(lib_a-vfiprintf.o)
 .rodata.str1.1
                0x0000000000000000       0x43 /Users/yeonwoo-kim/HealthHub/nacl_sdk/pepper_49/toolchain/mac_pnacl/bin/../x86_64-nacl/lib/libcrt_common.a(lib_a-vfiprintf.o)
 .rodata._ctype_b
                0x00000000100211e0      0x180 /Users/yeonwoo-kim/HealthHub/nacl_sdk/pepper_49/toolchain/mac_pnacl/bin/../x86_64-nacl/lib/libcrt_common.a(lib_a-ctype_.o)
 .rodata._ctype_
                0x0000000010021360      0x101 /Users/yeonwoo-kim/HealthHub/nacl_sdk/pepper_49/toolchain/mac_pnacl/bin/../x86_64-nacl/lib/libcrt_common.a(lib_a-ctype_.o)
                0x0000000010021360                _ctype_
 *fill*         0x0000000010021461        0x3 
 .rodata._svfiprintf_r
                0x0000000010021464      0x11c /Users/yeonwoo-kim/HealthHub/nacl_sdk/pepper_49/toolchain/mac_pnacl/bin/../x86_64-nacl/lib/libcrt_common.a(lib_a-svfiprintf.o)
 .rodata._svfiprintf_r.blanks
                0x0000000010021580       0x10 /Users/yeonwoo-kim/HealthHub/nacl_sdk/pepper_49/toolchain/mac_pnacl/bin/../x86_64-nacl/lib/libcrt_common.a(lib_a-svfiprintf.o)
 .rodata._svfiprintf_r.zeroes
                0x0000000010021590       0x10 /Users/yeonwoo-kim/HealthHub/nacl_sdk/pepper_49/toolchain/mac_pnacl/bin/../x86_64-nacl/lib/libcrt_common.a(lib_a-svfiprintf.o)
 .rodata.str1.1
                0x0000000000000000       0x43 /Users/yeonwoo-kim/HealthHub/nacl_sdk/pepper_49/toolchain/mac_pnacl/bin/../x86_64-nacl/lib/libcrt_common.a(lib_a-svfiprintf.o)
 .rodata.str1.1
                0x00000000100215a0       0x2c /Users/yeonwoo-kim/HealthHub/nacl_sdk/pepper_49/toolchain/mac_pnacl/bin/../x86_64-nacl/lib/libnacl.a(nacl_irt_fdio.o)
                                         0x42 (size before relaxing)
 *fill*         0x00000000100215cc        0x4 
 .rodata        0x00000000100215d0       0x68 /Users/yeonwoo-kim/HealthHub/nacl_sdk/pepper_49/toolchain/mac_pnacl/bin/../lib/clang/3.7.0/lib/x86_64-nacl/libgcc_eh.a(unwind-dw2-fde-glibc.o)

.rodata1
 *(.rodata1)

.eh_frame_hdr
 *(.eh_frame_hdr)

.eh_frame
 *(.eh_frame)

.gcc_except_table
 *(.gcc_except_table .gcc_except_table.*)

.exception_ranges
 *(.exception_ranges .exception_ranges*)
                0x0000000010021638                . = (ALIGN (0x10000) - ((0x10000 - .) & 0xffff))
                0x0000000010031638                . = DATA_SEGMENT_ALIGN (0x10000, 0x10000)

.eh_frame       0x0000000010031638     0x2c8c
 *(.eh_frame)
 .eh_frame      0x0000000010031638       0x58 /Users/yeonwoo-kim/HealthHub/nacl_sdk/pepper_49/toolchain/mac_pnacl/bin/../lib/clang/3.7.0/lib/x86_64-nacl/crtbeginT.o
                                         0x50 (size before relaxing)
 .eh_frame      0x0000000010031690      0x220 clang-newlib/Release/debugging_x86_64.o
                                        0x200 (size before relaxing)
 .eh_frame      0x00000000100318b0      0x108 /Users/yeonwoo-kim/HealthHub/nacl_sdk/pepper_49/lib/clang-newlib_x86_64/Release/liberror_handling.a(error_handling_x86_64.o)
 .eh_frame      0x00000000100319b8       0x88 /Users/yeonwoo-kim/HealthHub/nacl_sdk/pepper_49/lib/clang-newlib_x86_64/Release/liberror_handling.a(string_stream_x86_64.o)
                                         0x90 (size before relaxing)
 .eh_frame      0x0000000010031a40       0x20 /Users/yeonwoo-kim/HealthHub/nacl_sdk/pepper_49/toolchain/mac_pnacl/bin/../x86_64-nacl/lib/libppapi_stub.a(plugin_main_irt_21ce9d26.o)
                                         0x38 (size before relaxing)
 .eh_frame      0x0000000010031a60       0x20 /Users/yeonwoo-kim/HealthHub/nacl_sdk/pepper_49/toolchain/mac_pnacl/bin/../x86_64-nacl/lib/libppapi_stub.a(ppapi_plugin_main_399d0cf7.o)
                                         0x38 (size before relaxing)
 .eh_frame      0x0000000010031a80       0x40 /Users/yeonwoo-kim/HealthHub/nacl_sdk/pepper_49/toolchain/mac_pnacl/bin/../x86_64-nacl/lib/libppapi_stub.a(ppapi_plugin_start_8da67623.o)
                                         0x50 (size before relaxing)
 .eh_frame      0x0000000010031ac0       0x60 /Users/yeonwoo-kim/HealthHub/nacl_sdk/pepper_49/toolchain/mac_pnacl/bin/../x86_64-nacl/lib/libppapi_stub.a(thread_creator_ccf263e1.o)
                                         0x70 (size before relaxing)
 .eh_frame      0x0000000010031b20      0x468 /Users/yeonwoo-kim/HealthHub/nacl_sdk/pepper_49/toolchain/mac_pnacl/bin/../x86_64-nacl/lib/libpthread.a(nc_thread.o)
                                        0x414 (size before relaxing)
 .eh_frame      0x0000000010031f88      0x170 /Users/yeonwoo-kim/HealthHub/nacl_sdk/pepper_49/toolchain/mac_pnacl/bin/../x86_64-nacl/lib/libpthread.a(nc_mutex.o)
                                        0x164 (size before relaxing)
 .eh_frame      0x00000000100320f8      0x140 /Users/yeonwoo-kim/HealthHub/nacl_sdk/pepper_49/toolchain/mac_pnacl/bin/../x86_64-nacl/lib/libpthread.a(nc_condvar.o)
                                        0x130 (size before relaxing)
 .eh_frame      0x0000000010032238      0x390 /Users/yeonwoo-kim/HealthHub/nacl_sdk/pepper_49/toolchain/mac_pnacl/bin/../x86_64-nacl/lib/libpthread.a(valgrind_annotations.o)
                                        0x310 (size before relaxing)
 .eh_frame      0x00000000100325c8       0x18 /Users/yeonwoo-kim/HealthHub/nacl_sdk/pepper_49/toolchain/mac_pnacl/bin/../x86_64-nacl/lib/libpthread.a(nc_init_irt.o)
                                         0x2c (size before relaxing)
 .eh_frame      0x00000000100325e0      0x128 /Users/yeonwoo-kim/HealthHub/nacl_sdk/pepper_49/toolchain/mac_pnacl/bin/../x86_64-nacl/lib/libnacl.a(nacl_irt.o)
                                        0x11c (size before relaxing)
 .eh_frame      0x0000000010032708       0x18 /Users/yeonwoo-kim/HealthHub/nacl_sdk/pepper_49/toolchain/mac_pnacl/bin/../x86_64-nacl/lib/libnacl.a(_exit.o)
                                         0x2c (size before relaxing)
 .eh_frame      0x0000000010032720       0x20 /Users/yeonwoo-kim/HealthHub/nacl_sdk/pepper_49/toolchain/mac_pnacl/bin/../x86_64-nacl/lib/libnacl.a(mmap.o)
                                         0x34 (size before relaxing)
 .eh_frame      0x0000000010032740       0x18 /Users/yeonwoo-kim/HealthHub/nacl_sdk/pepper_49/toolchain/mac_pnacl/bin/../x86_64-nacl/lib/libnacl.a(munmap.o)
                                         0x30 (size before relaxing)
 .eh_frame      0x0000000010032758       0x18 /Users/yeonwoo-kim/HealthHub/nacl_sdk/pepper_49/toolchain/mac_pnacl/bin/../x86_64-nacl/lib/libnacl.a(nacl_interface_query.o)
                                         0x2c (size before relaxing)
 .eh_frame      0x0000000010032770       0x20 /Users/yeonwoo-kim/HealthHub/nacl_sdk/pepper_49/toolchain/mac_pnacl/bin/../x86_64-nacl/lib/libnacl.a(write.o)
                                         0x34 (size before relaxing)
 .eh_frame      0x0000000010032790      0x3e8 /Users/yeonwoo-kim/HealthHub/nacl_sdk/pepper_49/toolchain/mac_pnacl/bin/../x86_64-nacl/lib/libnacl.a(malloc.o)
                                        0x3cc (size before relaxing)
 .eh_frame      0x0000000010032b78       0x28 /Users/yeonwoo-kim/HealthHub/nacl_sdk/pepper_49/toolchain/mac_pnacl/bin/../x86_64-nacl/lib/libnacl.a(start.o)
                                         0x40 (size before relaxing)
 .eh_frame      0x0000000010032ba0       0x18 /Users/yeonwoo-kim/HealthHub/nacl_sdk/pepper_49/toolchain/mac_pnacl/bin/../x86_64-nacl/lib/libnacl.a(nacl_add_tp.o)
                                         0x30 (size before relaxing)
 .eh_frame      0x0000000010032bb8       0x18 /Users/yeonwoo-kim/HealthHub/nacl_sdk/pepper_49/toolchain/mac_pnacl/bin/../x86_64-nacl/lib/libnacl.a(nacl_read_tp.o)
                                         0x2c (size before relaxing)
 .eh_frame      0x0000000010032bd0       0x18 /Users/yeonwoo-kim/HealthHub/nacl_sdk/pepper_49/toolchain/mac_pnacl/bin/../x86_64-nacl/lib/libnacl.a(pthread_initialize_minimal.o)
                                         0x30 (size before relaxing)
 .eh_frame      0x0000000010032be8       0x58 /Users/yeonwoo-kim/HealthHub/nacl_sdk/pepper_49/toolchain/mac_pnacl/bin/../x86_64-nacl/lib/libnacl.a(tls.o)
                                         0x6c (size before relaxing)
 .eh_frame      0x0000000010032c40       0x30 /Users/yeonwoo-kim/HealthHub/nacl_sdk/pepper_49/toolchain/mac_pnacl/bin/../x86_64-nacl/lib/libnacl.a(nacl_irt_init.o)
                                         0x40 (size before relaxing)
 .eh_frame      0x0000000010032c70       0x18 /Users/yeonwoo-kim/HealthHub/nacl_sdk/pepper_49/toolchain/mac_pnacl/bin/../x86_64-nacl/lib/libnacl.a(nacl_tls_get.o)
                                         0x2c (size before relaxing)